11:57:12 **** Build of project total_v1_bsp ****
make -k all 
"Running Make include in ps7_cortexa9_0/libsrc/coresightps_dcc_v1_4/src"
make -C ps7_cortexa9_0/libsrc/coresightps_dcc_v1_4/src -s include  "SHELL=CMD" "COMPILER=arm-none-eabi-gcc" "ARCHIVER=arm-none-eabi-ar" "COMPILER_FLAGS=  -O2 -c" "EXTRA_COMPILER_FLAGS=-mcpu=cortex-a9 -mfpu=vfpv3 -mfloat-abi=hard -nostartfiles -g -Wall -Wextra"
"Running Make include in ps7_cortexa9_0/libsrc/cpu_cortexa9_v2_7/src"
make -C ps7_cortexa9_0/libsrc/cpu_cortexa9_v2_7/src -s include  "SHELL=CMD" "COMPILER=arm-none-eabi-gcc" "ARCHIVER=arm-none-eabi-ar" "COMPILER_FLAGS=  -O2 -c" "EXTRA_COMPILER_FLAGS=-mcpu=cortex-a9 -mfpu=vfpv3 -mfloat-abi=hard -nostartfiles -g -Wall -Wextra"
"Running Make include in ps7_cortexa9_0/libsrc/ddrps_v1_0/src"
make -C ps7_cortexa9_0/libsrc/ddrps_v1_0/src -s include  "SHELL=CMD" "COMPILER=arm-none-eabi-gcc" "ARCHIVER=arm-none-eabi-ar" "COMPILER_FLAGS=  -O2 -c" "EXTRA_COMPILER_FLAGS=-mcpu=cortex-a9 -mfpu=vfpv3 -mfloat-abi=hard -nostartfiles -g -Wall -Wextra"
"Running Make include in ps7_cortexa9_0/libsrc/devcfg_v3_5/src"
make -C ps7_cortexa9_0/libsrc/devcfg_v3_5/src -s include  "SHELL=CMD" "COMPILER=arm-none-eabi-gcc" "ARCHIVER=arm-none-eabi-ar" "COMPILER_FLAGS=  -O2 -c" "EXTRA_COMPILER_FLAGS=-mcpu=cortex-a9 -mfpu=vfpv3 -mfloat-abi=hard -nostartfiles -g -Wall -Wextra"
"Running Make include in ps7_cortexa9_0/libsrc/dmaps_v2_4/src"
make -C ps7_cortexa9_0/libsrc/dmaps_v2_4/src -s include  "SHELL=CMD" "COMPILER=arm-none-eabi-gcc" "ARCHIVER=arm-none-eabi-ar" "COMPILER_FLAGS=  -O2 -c" "EXTRA_COMPILER_FLAGS=-mcpu=cortex-a9 -mfpu=vfpv3 -mfloat-abi=hard -nostartfiles -g -Wall -Wextra"
"Running Make include in ps7_cortexa9_0/libsrc/emacps_v3_8/src"
make -C ps7_cortexa9_0/libsrc/emacps_v3_8/src -s include  "SHELL=CMD" "COMPILER=arm-none-eabi-gcc" "ARCHIVER=arm-none-eabi-ar" "COMPILER_FLAGS=  -O2 -c" "EXTRA_COMPILER_FLAGS=-mcpu=cortex-a9 -mfpu=vfpv3 -mfloat-abi=hard -nostartfiles -g -Wall -Wextra"
"Running Make include in ps7_cortexa9_0/libsrc/gpiops_v3_4/src"
make -C ps7_cortexa9_0/libsrc/gpiops_v3_4/src -s include  "SHELL=CMD" "COMPILER=arm-none-eabi-gcc" "ARCHIVER=arm-none-eabi-ar" "COMPILER_FLAGS=  -O2 -c" "EXTRA_COMPILER_FLAGS=-mcpu=cortex-a9 -mfpu=vfpv3 -mfloat-abi=hard -nostartfiles -g -Wall -Wextra"
"Running Make include in ps7_cortexa9_0/libsrc/qspips_v3_5/src"
make -C ps7_cortexa9_0/libsrc/qspips_v3_5/src -s include  "SHELL=CMD" "COMPILER=arm-none-eabi-gcc" "ARCHIVER=arm-none-eabi-ar" "COMPILER_FLAGS=  -O2 -c" "EXTRA_COMPILER_FLAGS=-mcpu=cortex-a9 -mfpu=vfpv3 -mfloat-abi=hard -nostartfiles -g -Wall -Wextra"
"Running Make include in ps7_cortexa9_0/libsrc/scugic_v3_10/src"
make -C ps7_cortexa9_0/libsrc/scugic_v3_10/src -s include  "SHELL=CMD" "COMPILER=arm-none-eabi-gcc" "ARCHIVER=arm-none-eabi-ar" "COMPILER_FLAGS=  -O2 -c" "EXTRA_COMPILER_FLAGS=-mcpu=cortex-a9 -mfpu=vfpv3 -mfloat-abi=hard -nostartfiles -g -Wall -Wextra"
"Running Make include in ps7_cortexa9_0/libsrc/scutimer_v2_1/src"
make -C ps7_cortexa9_0/libsrc/scutimer_v2_1/src -s include  "SHELL=CMD" "COMPILER=arm-none-eabi-gcc" "ARCHIVER=arm-none-eabi-ar" "COMPILER_FLAGS=  -O2 -c" "EXTRA_COMPILER_FLAGS=-mcpu=cortex-a9 -mfpu=vfpv3 -mfloat-abi=hard -nostartfiles -g -Wall -Wextra"
"Running Make include in ps7_cortexa9_0/libsrc/scuwdt_v2_1/src"
make -C ps7_cortexa9_0/libsrc/scuwdt_v2_1/src -s include  "SHELL=CMD" "COMPILER=arm-none-eabi-gcc" "ARCHIVER=arm-none-eabi-ar" "COMPILER_FLAGS=  -O2 -c" "EXTRA_COMPILER_FLAGS=-mcpu=cortex-a9 -mfpu=vfpv3 -mfloat-abi=hard -nostartfiles -g -Wall -Wextra"
"Running Make include in ps7_cortexa9_0/libsrc/sdps_v3_6/src"
make -C ps7_cortexa9_0/libsrc/sdps_v3_6/src -s include  "SHELL=CMD" "COMPILER=arm-none-eabi-gcc" "ARCHIVER=arm-none-eabi-ar" "COMPILER_FLAGS=  -O2 -c" "EXTRA_COMPILER_FLAGS=-mcpu=cortex-a9 -mfpu=vfpv3 -mfloat-abi=hard -nostartfiles -g -Wall -Wextra"
"Running Make include in ps7_cortexa9_0/libsrc/standalone_v6_8/src"
make -C ps7_cortexa9_0/libsrc/standalone_v6_8/src -s include  "SHELL=CMD" "COMPILER=arm-none-eabi-gcc" "ARCHIVER=arm-none-eabi-ar" "COMPILER_FLAGS=  -O2 -c" "EXTRA_COMPILER_FLAGS=-mcpu=cortex-a9 -mfpu=vfpv3 -mfloat-abi=hard -nostartfiles -g -Wall -Wextra"
"Running Make include in ps7_cortexa9_0/libsrc/total_v1_0/src"
make -C ps7_cortexa9_0/libsrc/total_v1_0/src -s include  "SHELL=CMD" "COMPILER=arm-none-eabi-gcc" "ARCHIVER=arm-none-eabi-ar" "COMPILER_FLAGS=  -O2 -c" "EXTRA_COMPILER_FLAGS=-mcpu=cortex-a9 -mfpu=vfpv3 -mfloat-abi=hard -nostartfiles -g -Wall -Wextra"
"Running Make include in ps7_cortexa9_0/libsrc/uartps_v3_7/src"
make -C ps7_cortexa9_0/libsrc/uartps_v3_7/src -s include  "SHELL=CMD" "COMPILER=arm-none-eabi-gcc" "ARCHIVER=arm-none-eabi-ar" "COMPILER_FLAGS=  -O2 -c" "EXTRA_COMPILER_FLAGS=-mcpu=cortex-a9 -mfpu=vfpv3 -mfloat-abi=hard -nostartfiles -g -Wall -Wextra"
"Running Make include in ps7_cortexa9_0/libsrc/usbps_v2_4/src"
make -C ps7_cortexa9_0/libsrc/usbps_v2_4/src -s include  "SHELL=CMD" "COMPILER=arm-none-eabi-gcc" "ARCHIVER=arm-none-eabi-ar" "COMPILER_FLAGS=  -O2 -c" "EXTRA_COMPILER_FLAGS=-mcpu=cortex-a9 -mfpu=vfpv3 -mfloat-abi=hard -nostartfiles -g -Wall -Wextra"
"Running Make include in ps7_cortexa9_0/libsrc/xadcps_v2_3/src"
make -C ps7_cortexa9_0/libsrc/xadcps_v2_3/src -s include  "SHELL=CMD" "COMPILER=arm-none-eabi-gcc" "ARCHIVER=arm-none-eabi-ar" "COMPILER_FLAGS=  -O2 -c" "EXTRA_COMPILER_FLAGS=-mcpu=cortex-a9 -mfpu=vfpv3 -mfloat-abi=hard -nostartfiles -g -Wall -Wextra"
"Running Make libs in ps7_cortexa9_0/libsrc/coresightps_dcc_v1_4/src"
make -C ps7_cortexa9_0/libsrc/coresightps_dcc_v1_4/src -s libs  "SHELL=CMD" "COMPILER=arm-none-eabi-gcc" "ARCHIVER=arm-none-eabi-ar" "COMPILER_FLAGS=  -O2 -c" "EXTRA_COMPILER_FLAGS=-mcpu=cortex-a9 -mfpu=vfpv3 -mfloat-abi=hard -nostartfiles -g -Wall -Wextra"
"Compiling coresightps_dcc"
arm-none-eabi-ar: creating ../../../lib/libxil.a
"Running Make libs in ps7_cortexa9_0/libsrc/cpu_cortexa9_v2_7/src"
make -C ps7_cortexa9_0/libsrc/cpu_cortexa9_v2_7/src -s libs  "SHELL=CMD" "COMPILER=arm-none-eabi-gcc" "ARCHIVER=arm-none-eabi-ar" "COMPILER_FLAGS=  -O2 -c" "EXTRA_COMPILER_FLAGS=-mcpu=cortex-a9 -mfpu=vfpv3 -mfloat-abi=hard -nostartfiles -g -Wall -Wextra"
"Compiling cpu_cortexa9"
"Running Make libs in ps7_cortexa9_0/libsrc/ddrps_v1_0/src"
make -C ps7_cortexa9_0/libsrc/ddrps_v1_0/src -s libs  "SHELL=CMD" "COMPILER=arm-none-eabi-gcc" "ARCHIVER=arm-none-eabi-ar" "COMPILER_FLAGS=  -O2 -c" "EXTRA_COMPILER_FLAGS=-mcpu=cortex-a9 -mfpu=vfpv3 -mfloat-abi=hard -nostartfiles -g -Wall -Wextra"
"Compiling ddrps"
"Running Make libs in ps7_cortexa9_0/libsrc/devcfg_v3_5/src"
make -C ps7_cortexa9_0/libsrc/devcfg_v3_5/src -s libs  "SHELL=CMD" "COMPILER=arm-none-eabi-gcc" "ARCHIVER=arm-none-eabi-ar" "COMPILER_FLAGS=  -O2 -c" "EXTRA_COMPILER_FLAGS=-mcpu=cortex-a9 -mfpu=vfpv3 -mfloat-abi=hard -nostartfiles -g -Wall -Wextra"
"Compiling devcfg"
"Running Make libs in ps7_cortexa9_0/libsrc/dmaps_v2_4/src"
make -C ps7_cortexa9_0/libsrc/dmaps_v2_4/src -s libs  "SHELL=CMD" "COMPILER=arm-none-eabi-gcc" "ARCHIVER=arm-none-eabi-ar" "COMPILER_FLAGS=  -O2 -c" "EXTRA_COMPILER_FLAGS=-mcpu=cortex-a9 -mfpu=vfpv3 -mfloat-abi=hard -nostartfiles -g -Wall -Wextra"
"Compiling dmaps"
"Running Make libs in ps7_cortexa9_0/libsrc/emacps_v3_8/src"
make -C ps7_cortexa9_0/libsrc/emacps_v3_8/src -s libs  "SHELL=CMD" "COMPILER=arm-none-eabi-gcc" "ARCHIVER=arm-none-eabi-ar" "COMPILER_FLAGS=  -O2 -c" "EXTRA_COMPILER_FLAGS=-mcpu=cortex-a9 -mfpu=vfpv3 -mfloat-abi=hard -nostartfiles -g -Wall -Wextra"
"Compiling emacps"
"Running Make libs in ps7_cortexa9_0/libsrc/gpiops_v3_4/src"
make -C ps7_cortexa9_0/libsrc/gpiops_v3_4/src -s libs  "SHELL=CMD" "COMPILER=arm-none-eabi-gcc" "ARCHIVER=arm-none-eabi-ar" "COMPILER_FLAGS=  -O2 -c" "EXTRA_COMPILER_FLAGS=-mcpu=cortex-a9 -mfpu=vfpv3 -mfloat-abi=hard -nostartfiles -g -Wall -Wextra"
"Compiling gpiops"
"Running Make libs in ps7_cortexa9_0/libsrc/qspips_v3_5/src"
make -C ps7_cortexa9_0/libsrc/qspips_v3_5/src -s libs  "SHELL=CMD" "COMPILER=arm-none-eabi-gcc" "ARCHIVER=arm-none-eabi-ar" "COMPILER_FLAGS=  -O2 -c" "EXTRA_COMPILER_FLAGS=-mcpu=cortex-a9 -mfpu=vfpv3 -mfloat-abi=hard -nostartfiles -g -Wall -Wextra"
"Compiling qspips"
"Running Make libs in ps7_cortexa9_0/libsrc/scugic_v3_10/src"
make -C ps7_cortexa9_0/libsrc/scugic_v3_10/src -s libs  "SHELL=CMD" "COMPILER=arm-none-eabi-gcc" "ARCHIVER=arm-none-eabi-ar" "COMPILER_FLAGS=  -O2 -c" "EXTRA_COMPILER_FLAGS=-mcpu=cortex-a9 -mfpu=vfpv3 -mfloat-abi=hard -nostartfiles -g -Wall -Wextra"
"Compiling scugic"
"Running Make libs in ps7_cortexa9_0/libsrc/scutimer_v2_1/src"
make -C ps7_cortexa9_0/libsrc/scutimer_v2_1/src -s libs  "SHELL=CMD" "COMPILER=arm-none-eabi-gcc" "ARCHIVER=arm-none-eabi-ar" "COMPILER_FLAGS=  -O2 -c" "EXTRA_COMPILER_FLAGS=-mcpu=cortex-a9 -mfpu=vfpv3 -mfloat-abi=hard -nostartfiles -g -Wall -Wextra"
"Compiling scutimer"
"Running Make libs in ps7_cortexa9_0/libsrc/scuwdt_v2_1/src"
make -C ps7_cortexa9_0/libsrc/scuwdt_v2_1/src -s libs  "SHELL=CMD" "COMPILER=arm-none-eabi-gcc" "ARCHIVER=arm-none-eabi-ar" "COMPILER_FLAGS=  -O2 -c" "EXTRA_COMPILER_FLAGS=-mcpu=cortex-a9 -mfpu=vfpv3 -mfloat-abi=hard -nostartfiles -g -Wall -Wextra"
"Compiling scuwdt"
"Running Make libs in ps7_cortexa9_0/libsrc/sdps_v3_6/src"
make -C ps7_cortexa9_0/libsrc/sdps_v3_6/src -s libs  "SHELL=CMD" "COMPILER=arm-none-eabi-gcc" "ARCHIVER=arm-none-eabi-ar" "COMPILER_FLAGS=  -O2 -c" "EXTRA_COMPILER_FLAGS=-mcpu=cortex-a9 -mfpu=vfpv3 -mfloat-abi=hard -nostartfiles -g -Wall -Wextra"
"Compiling sdps"
"Running Make libs in ps7_cortexa9_0/libsrc/standalone_v6_8/src"
make -C ps7_cortexa9_0/libsrc/standalone_v6_8/src -s libs  "SHELL=CMD" "COMPILER=arm-none-eabi-gcc" "ARCHIVER=arm-none-eabi-ar" "COMPILER_FLAGS=  -O2 -c" "EXTRA_COMPILER_FLAGS=-mcpu=cortex-a9 -mfpu=vfpv3 -mfloat-abi=hard -nostartfiles -g -Wall -Wextra"
"Compiling standalone"
In file included from usleep.c:56:0:
xtime_l.h:87:9: note: #pragma message: For the sleep routines, Global timer is being used
 #pragma message ("For the sleep routines, Global timer is being used")
         ^~~~~~~
In file included from xil_sleeptimer.c:51:0:
xtime_l.h:87:9: note: #pragma message: For the sleep routines, Global timer is being used
 #pragma message ("For the sleep routines, Global timer is being used")
         ^~~~~~~
In file included from xtime_l.c:49:0:
xtime_l.h:87:9: note: #pragma message: For the sleep routines, Global timer is being used
 #pragma message ("For the sleep routines, Global timer is being used")
         ^~~~~~~
In file included from sleep.c:53:0:
xtime_l.h:87:9: note: #pragma message: For the sleep routines, Global timer is being used
 #pragma message ("For the sleep routines, Global timer is being used")
         ^~~~~~~
"Running Make libs in ps7_cortexa9_0/libsrc/total_v1_0/src"
make -C ps7_cortexa9_0/libsrc/total_v1_0/src -s libs  "SHELL=CMD" "COMPILER=arm-none-eabi-gcc" "ARCHIVER=arm-none-eabi-ar" "COMPILER_FLAGS=  -O2 -c" "EXTRA_COMPILER_FLAGS=-mcpu=cortex-a9 -mfpu=vfpv3 -mfloat-abi=hard -nostartfiles -g -Wall -Wextra"
"Compiling total..."
total_selftest.c: In function 'TOTAL_Reg_SelfTest':
total_selftest.c:52:54: warning: comparison between signed and unsigned integer expressions [-Wsign-compare]
    if ( TOTAL_mReadReg (baseaddr, read_loop_index*4) != (read_loop_index+1)*READ_WRITE_MUL_FACTOR){
                                                      ^~
total_selftest.c:36:6: warning: unused variable 'Index' [-Wunused-variable]
  int Index;
      ^~~~~
"Running Make libs in ps7_cortexa9_0/libsrc/uartps_v3_7/src"
make -C ps7_cortexa9_0/libsrc/uartps_v3_7/src -s libs  "SHELL=CMD" "COMPILER=arm-none-eabi-gcc" "ARCHIVER=arm-none-eabi-ar" "COMPILER_FLAGS=  -O2 -c" "EXTRA_COMPILER_FLAGS=-mcpu=cortex-a9 -mfpu=vfpv3 -mfloat-abi=hard -nostartfiles -g -Wall -Wextra"
"Compiling uartps"
"Running Make libs in ps7_cortexa9_0/libsrc/usbps_v2_4/src"
make -C ps7_cortexa9_0/libsrc/usbps_v2_4/src -s libs  "SHELL=CMD" "COMPILER=arm-none-eabi-gcc" "ARCHIVER=arm-none-eabi-ar" "COMPILER_FLAGS=  -O2 -c" "EXTRA_COMPILER_FLAGS=-mcpu=cortex-a9 -mfpu=vfpv3 -mfloat-abi=hard -nostartfiles -g -Wall -Wextra"
"Compiling usbps"
"Running Make libs in ps7_cortexa9_0/libsrc/xadcps_v2_3/src"
make -C ps7_cortexa9_0/libsrc/xadcps_v2_3/src -s libs  "SHELL=CMD" "COMPILER=arm-none-eabi-gcc" "ARCHIVER=arm-none-eabi-ar" "COMPILER_FLAGS=  -O2 -c" "EXTRA_COMPILER_FLAGS=-mcpu=cortex-a9 -mfpu=vfpv3 -mfloat-abi=hard -nostartfiles -g -Wall -Wextra"
"Compiling xadcps"
'Finished building libraries'
11:57:56 **** Build of configuration Debug for project total_v1 ****
make pre-build main-build 
a9-linaro-pre-build-step
' '
'Building file: ../src/helloworld.c'
'Invoking: ARM v7 gcc compiler'
arm-none-eabi-gcc -Wall -O0 -g3 -c -fmessage-length=0 -MT"src/helloworld.o" -mcpu=cortex-a9 -mfpu=vfpv3 -mfloat-abi=hard -I../../total_v1_bsp/ps7_cortexa9_0/include -MMD -MP -MF"src/helloworld.d" -MT"src/helloworld.o" -o "src/helloworld.o" "../src/helloworld.c"
'Finished building: ../src/helloworld.c'
' '
'Building file: ../src/platform.c'
'Invoking: ARM v7 gcc compiler'
arm-none-eabi-gcc -Wall -O0 -g3 -c -fmessage-length=0 -MT"src/platform.o" -mcpu=cortex-a9 -mfpu=vfpv3 -mfloat-abi=hard -I../../total_v1_bsp/ps7_cortexa9_0/include -MMD -MP -MF"src/platform.d" -MT"src/platform.o" -o "src/platform.o" "../src/platform.c"
'Finished building: ../src/platform.c'
' '
'Building target: total_v1.elf'
'Invoking: ARM v7 gcc linker'
arm-none-eabi-gcc -mcpu=cortex-a9 -mfpu=vfpv3 -mfloat-abi=hard -Wl,-build-id=none -specs=Xilinx.spec -Wl,-T -Wl,../src/lscript.ld -L../../total_v1_bsp/ps7_cortexa9_0/lib -o "total_v1.elf"  ./src/helloworld.o ./src/platform.o   -Wl,--start-group,-lxil,-lgcc,-lc,--end-group
'Finished building target: total_v1.elf'
' '
'Invoking: ARM v7 Print Size'
arm-none-eabi-size total_v1.elf  |tee "total_v1.elf.size"
   text	   data	    bss	    dec	    hex	filename
  19348	   1144	  22568	  43060	   a834	total_v1.elf
'Finished building: total_v1.elf.size'
' '
11:58:03 **** Auto Build of configuration Debug for project total_v1 ****
make pre-build main-build 
a9-linaro-pre-build-step
' '
'Building file: ../src/main.c'
'Invoking: ARM v7 gcc compiler'
arm-none-eabi-gcc -Wall -O0 -g3 -c -fmessage-length=0 -MT"src/main.o" -mcpu=cortex-a9 -mfpu=vfpv3 -mfloat-abi=hard -I../../total_v1_bsp/ps7_cortexa9_0/include -MMD -MP -MF"src/main.d" -MT"src/main.o" -o "src/main.o" "../src/main.c"
'Finished building: ../src/main.c'
' '
'Building target: total_v1.elf'
'Invoking: ARM v7 gcc linker'
arm-none-eabi-gcc -mcpu=cortex-a9 -mfpu=vfpv3 -mfloat-abi=hard -Wl,-build-id=none -specs=Xilinx.spec -Wl,-T -Wl,../src/lscript.ld -L../../total_v1_bsp/ps7_cortexa9_0/lib -o "total_v1.elf"  ./src/helloworld.o ./src/main.o ./src/platform.o   -Wl,--start-group,-lxil,-lgcc,-lc,--end-group
'Finished building target: total_v1.elf'
' '
'Invoking: ARM v7 Print Size'
arm-none-eabi-size total_v1.elf  |tee "total_v1.elf.size"
   text	   data	    bss	    dec	    hex	filename
  19348	   1144	  22568	  43060	   a834	total_v1.elf
'Finished building: total_v1.elf.size'
' '
11:59:27 **** Build of project total_v2_bsp ****
make -k all 
"Running Make include in ps7_cortexa9_0/libsrc/coresightps_dcc_v1_4/src"
make -C ps7_cortexa9_0/libsrc/coresightps_dcc_v1_4/src -s include  "SHELL=CMD" "COMPILER=arm-none-eabi-gcc" "ARCHIVER=arm-none-eabi-ar" "COMPILER_FLAGS=  -O2 -c" "EXTRA_COMPILER_FLAGS=-mcpu=cortex-a9 -mfpu=vfpv3 -mfloat-abi=hard -nostartfiles -g -Wall -Wextra"
"Running Make include in ps7_cortexa9_0/libsrc/cpu_cortexa9_v2_7/src"
make -C ps7_cortexa9_0/libsrc/cpu_cortexa9_v2_7/src -s include  "SHELL=CMD" "COMPILER=arm-none-eabi-gcc" "ARCHIVER=arm-none-eabi-ar" "COMPILER_FLAGS=  -O2 -c" "EXTRA_COMPILER_FLAGS=-mcpu=cortex-a9 -mfpu=vfpv3 -mfloat-abi=hard -nostartfiles -g -Wall -Wextra"
"Running Make include in ps7_cortexa9_0/libsrc/ddrps_v1_0/src"
make -C ps7_cortexa9_0/libsrc/ddrps_v1_0/src -s include  "SHELL=CMD" "COMPILER=arm-none-eabi-gcc" "ARCHIVER=arm-none-eabi-ar" "COMPILER_FLAGS=  -O2 -c" "EXTRA_COMPILER_FLAGS=-mcpu=cortex-a9 -mfpu=vfpv3 -mfloat-abi=hard -nostartfiles -g -Wall -Wextra"
"Running Make include in ps7_cortexa9_0/libsrc/devcfg_v3_5/src"
make -C ps7_cortexa9_0/libsrc/devcfg_v3_5/src -s include  "SHELL=CMD" "COMPILER=arm-none-eabi-gcc" "ARCHIVER=arm-none-eabi-ar" "COMPILER_FLAGS=  -O2 -c" "EXTRA_COMPILER_FLAGS=-mcpu=cortex-a9 -mfpu=vfpv3 -mfloat-abi=hard -nostartfiles -g -Wall -Wextra"
"Running Make include in ps7_cortexa9_0/libsrc/dmaps_v2_4/src"
make -C ps7_cortexa9_0/libsrc/dmaps_v2_4/src -s include  "SHELL=CMD" "COMPILER=arm-none-eabi-gcc" "ARCHIVER=arm-none-eabi-ar" "COMPILER_FLAGS=  -O2 -c" "EXTRA_COMPILER_FLAGS=-mcpu=cortex-a9 -mfpu=vfpv3 -mfloat-abi=hard -nostartfiles -g -Wall -Wextra"
"Running Make include in ps7_cortexa9_0/libsrc/emacps_v3_8/src"
make -C ps7_cortexa9_0/libsrc/emacps_v3_8/src -s include  "SHELL=CMD" "COMPILER=arm-none-eabi-gcc" "ARCHIVER=arm-none-eabi-ar" "COMPILER_FLAGS=  -O2 -c" "EXTRA_COMPILER_FLAGS=-mcpu=cortex-a9 -mfpu=vfpv3 -mfloat-abi=hard -nostartfiles -g -Wall -Wextra"
"Running Make include in ps7_cortexa9_0/libsrc/gpiops_v3_4/src"
make -C ps7_cortexa9_0/libsrc/gpiops_v3_4/src -s include  "SHELL=CMD" "COMPILER=arm-none-eabi-gcc" "ARCHIVER=arm-none-eabi-ar" "COMPILER_FLAGS=  -O2 -c" "EXTRA_COMPILER_FLAGS=-mcpu=cortex-a9 -mfpu=vfpv3 -mfloat-abi=hard -nostartfiles -g -Wall -Wextra"
"Running Make include in ps7_cortexa9_0/libsrc/qspips_v3_5/src"
make -C ps7_cortexa9_0/libsrc/qspips_v3_5/src -s include  "SHELL=CMD" "COMPILER=arm-none-eabi-gcc" "ARCHIVER=arm-none-eabi-ar" "COMPILER_FLAGS=  -O2 -c" "EXTRA_COMPILER_FLAGS=-mcpu=cortex-a9 -mfpu=vfpv3 -mfloat-abi=hard -nostartfiles -g -Wall -Wextra"
"Running Make include in ps7_cortexa9_0/libsrc/scugic_v3_10/src"
make -C ps7_cortexa9_0/libsrc/scugic_v3_10/src -s include  "SHELL=CMD" "COMPILER=arm-none-eabi-gcc" "ARCHIVER=arm-none-eabi-ar" "COMPILER_FLAGS=  -O2 -c" "EXTRA_COMPILER_FLAGS=-mcpu=cortex-a9 -mfpu=vfpv3 -mfloat-abi=hard -nostartfiles -g -Wall -Wextra"
"Running Make include in ps7_cortexa9_0/libsrc/scutimer_v2_1/src"
make -C ps7_cortexa9_0/libsrc/scutimer_v2_1/src -s include  "SHELL=CMD" "COMPILER=arm-none-eabi-gcc" "ARCHIVER=arm-none-eabi-ar" "COMPILER_FLAGS=  -O2 -c" "EXTRA_COMPILER_FLAGS=-mcpu=cortex-a9 -mfpu=vfpv3 -mfloat-abi=hard -nostartfiles -g -Wall -Wextra"
"Running Make include in ps7_cortexa9_0/libsrc/scuwdt_v2_1/src"
make -C ps7_cortexa9_0/libsrc/scuwdt_v2_1/src -s include  "SHELL=CMD" "COMPILER=arm-none-eabi-gcc" "ARCHIVER=arm-none-eabi-ar" "COMPILER_FLAGS=  -O2 -c" "EXTRA_COMPILER_FLAGS=-mcpu=cortex-a9 -mfpu=vfpv3 -mfloat-abi=hard -nostartfiles -g -Wall -Wextra"
"Running Make include in ps7_cortexa9_0/libsrc/sdps_v3_6/src"
make -C ps7_cortexa9_0/libsrc/sdps_v3_6/src -s include  "SHELL=CMD" "COMPILER=arm-none-eabi-gcc" "ARCHIVER=arm-none-eabi-ar" "COMPILER_FLAGS=  -O2 -c" "EXTRA_COMPILER_FLAGS=-mcpu=cortex-a9 -mfpu=vfpv3 -mfloat-abi=hard -nostartfiles -g -Wall -Wextra"
"Running Make include in ps7_cortexa9_0/libsrc/standalone_v6_8/src"
make -C ps7_cortexa9_0/libsrc/standalone_v6_8/src -s include  "SHELL=CMD" "COMPILER=arm-none-eabi-gcc" "ARCHIVER=arm-none-eabi-ar" "COMPILER_FLAGS=  -O2 -c" "EXTRA_COMPILER_FLAGS=-mcpu=cortex-a9 -mfpu=vfpv3 -mfloat-abi=hard -nostartfiles -g -Wall -Wextra"
"Running Make include in ps7_cortexa9_0/libsrc/total_v1_0/src"
make -C ps7_cortexa9_0/libsrc/total_v1_0/src -s include  "SHELL=CMD" "COMPILER=arm-none-eabi-gcc" "ARCHIVER=arm-none-eabi-ar" "COMPILER_FLAGS=  -O2 -c" "EXTRA_COMPILER_FLAGS=-mcpu=cortex-a9 -mfpu=vfpv3 -mfloat-abi=hard -nostartfiles -g -Wall -Wextra"
"Running Make include in ps7_cortexa9_0/libsrc/uartps_v3_7/src"
make -C ps7_cortexa9_0/libsrc/uartps_v3_7/src -s include  "SHELL=CMD" "COMPILER=arm-none-eabi-gcc" "ARCHIVER=arm-none-eabi-ar" "COMPILER_FLAGS=  -O2 -c" "EXTRA_COMPILER_FLAGS=-mcpu=cortex-a9 -mfpu=vfpv3 -mfloat-abi=hard -nostartfiles -g -Wall -Wextra"
"Running Make include in ps7_cortexa9_0/libsrc/usbps_v2_4/src"
make -C ps7_cortexa9_0/libsrc/usbps_v2_4/src -s include  "SHELL=CMD" "COMPILER=arm-none-eabi-gcc" "ARCHIVER=arm-none-eabi-ar" "COMPILER_FLAGS=  -O2 -c" "EXTRA_COMPILER_FLAGS=-mcpu=cortex-a9 -mfpu=vfpv3 -mfloat-abi=hard -nostartfiles -g -Wall -Wextra"
"Running Make include in ps7_cortexa9_0/libsrc/xadcps_v2_3/src"
make -C ps7_cortexa9_0/libsrc/xadcps_v2_3/src -s include  "SHELL=CMD" "COMPILER=arm-none-eabi-gcc" "ARCHIVER=arm-none-eabi-ar" "COMPILER_FLAGS=  -O2 -c" "EXTRA_COMPILER_FLAGS=-mcpu=cortex-a9 -mfpu=vfpv3 -mfloat-abi=hard -nostartfiles -g -Wall -Wextra"
"Running Make libs in ps7_cortexa9_0/libsrc/coresightps_dcc_v1_4/src"
make -C ps7_cortexa9_0/libsrc/coresightps_dcc_v1_4/src -s libs  "SHELL=CMD" "COMPILER=arm-none-eabi-gcc" "ARCHIVER=arm-none-eabi-ar" "COMPILER_FLAGS=  -O2 -c" "EXTRA_COMPILER_FLAGS=-mcpu=cortex-a9 -mfpu=vfpv3 -mfloat-abi=hard -nostartfiles -g -Wall -Wextra"
"Compiling coresightps_dcc"
arm-none-eabi-ar: creating ../../../lib/libxil.a
"Running Make libs in ps7_cortexa9_0/libsrc/cpu_cortexa9_v2_7/src"
make -C ps7_cortexa9_0/libsrc/cpu_cortexa9_v2_7/src -s libs  "SHELL=CMD" "COMPILER=arm-none-eabi-gcc" "ARCHIVER=arm-none-eabi-ar" "COMPILER_FLAGS=  -O2 -c" "EXTRA_COMPILER_FLAGS=-mcpu=cortex-a9 -mfpu=vfpv3 -mfloat-abi=hard -nostartfiles -g -Wall -Wextra"
"Compiling cpu_cortexa9"
"Running Make libs in ps7_cortexa9_0/libsrc/ddrps_v1_0/src"
make -C ps7_cortexa9_0/libsrc/ddrps_v1_0/src -s libs  "SHELL=CMD" "COMPILER=arm-none-eabi-gcc" "ARCHIVER=arm-none-eabi-ar" "COMPILER_FLAGS=  -O2 -c" "EXTRA_COMPILER_FLAGS=-mcpu=cortex-a9 -mfpu=vfpv3 -mfloat-abi=hard -nostartfiles -g -Wall -Wextra"
"Compiling ddrps"
"Running Make libs in ps7_cortexa9_0/libsrc/devcfg_v3_5/src"
make -C ps7_cortexa9_0/libsrc/devcfg_v3_5/src -s libs  "SHELL=CMD" "COMPILER=arm-none-eabi-gcc" "ARCHIVER=arm-none-eabi-ar" "COMPILER_FLAGS=  -O2 -c" "EXTRA_COMPILER_FLAGS=-mcpu=cortex-a9 -mfpu=vfpv3 -mfloat-abi=hard -nostartfiles -g -Wall -Wextra"
"Compiling devcfg"
"Running Make libs in ps7_cortexa9_0/libsrc/dmaps_v2_4/src"
make -C ps7_cortexa9_0/libsrc/dmaps_v2_4/src -s libs  "SHELL=CMD" "COMPILER=arm-none-eabi-gcc" "ARCHIVER=arm-none-eabi-ar" "COMPILER_FLAGS=  -O2 -c" "EXTRA_COMPILER_FLAGS=-mcpu=cortex-a9 -mfpu=vfpv3 -mfloat-abi=hard -nostartfiles -g -Wall -Wextra"
"Compiling dmaps"
"Running Make libs in ps7_cortexa9_0/libsrc/emacps_v3_8/src"
make -C ps7_cortexa9_0/libsrc/emacps_v3_8/src -s libs  "SHELL=CMD" "COMPILER=arm-none-eabi-gcc" "ARCHIVER=arm-none-eabi-ar" "COMPILER_FLAGS=  -O2 -c" "EXTRA_COMPILER_FLAGS=-mcpu=cortex-a9 -mfpu=vfpv3 -mfloat-abi=hard -nostartfiles -g -Wall -Wextra"
"Compiling emacps"
"Running Make libs in ps7_cortexa9_0/libsrc/gpiops_v3_4/src"
make -C ps7_cortexa9_0/libsrc/gpiops_v3_4/src -s libs  "SHELL=CMD" "COMPILER=arm-none-eabi-gcc" "ARCHIVER=arm-none-eabi-ar" "COMPILER_FLAGS=  -O2 -c" "EXTRA_COMPILER_FLAGS=-mcpu=cortex-a9 -mfpu=vfpv3 -mfloat-abi=hard -nostartfiles -g -Wall -Wextra"
"Compiling gpiops"
"Running Make libs in ps7_cortexa9_0/libsrc/qspips_v3_5/src"
make -C ps7_cortexa9_0/libsrc/qspips_v3_5/src -s libs  "SHELL=CMD" "COMPILER=arm-none-eabi-gcc" "ARCHIVER=arm-none-eabi-ar" "COMPILER_FLAGS=  -O2 -c" "EXTRA_COMPILER_FLAGS=-mcpu=cortex-a9 -mfpu=vfpv3 -mfloat-abi=hard -nostartfiles -g -Wall -Wextra"
"Compiling qspips"
"Running Make libs in ps7_cortexa9_0/libsrc/scugic_v3_10/src"
make -C ps7_cortexa9_0/libsrc/scugic_v3_10/src -s libs  "SHELL=CMD" "COMPILER=arm-none-eabi-gcc" "ARCHIVER=arm-none-eabi-ar" "COMPILER_FLAGS=  -O2 -c" "EXTRA_COMPILER_FLAGS=-mcpu=cortex-a9 -mfpu=vfpv3 -mfloat-abi=hard -nostartfiles -g -Wall -Wextra"
"Compiling scugic"
"Running Make libs in ps7_cortexa9_0/libsrc/scutimer_v2_1/src"
make -C ps7_cortexa9_0/libsrc/scutimer_v2_1/src -s libs  "SHELL=CMD" "COMPILER=arm-none-eabi-gcc" "ARCHIVER=arm-none-eabi-ar" "COMPILER_FLAGS=  -O2 -c" "EXTRA_COMPILER_FLAGS=-mcpu=cortex-a9 -mfpu=vfpv3 -mfloat-abi=hard -nostartfiles -g -Wall -Wextra"
"Compiling scutimer"
"Running Make libs in ps7_cortexa9_0/libsrc/scuwdt_v2_1/src"
make -C ps7_cortexa9_0/libsrc/scuwdt_v2_1/src -s libs  "SHELL=CMD" "COMPILER=arm-none-eabi-gcc" "ARCHIVER=arm-none-eabi-ar" "COMPILER_FLAGS=  -O2 -c" "EXTRA_COMPILER_FLAGS=-mcpu=cortex-a9 -mfpu=vfpv3 -mfloat-abi=hard -nostartfiles -g -Wall -Wextra"
"Compiling scuwdt"
"Running Make libs in ps7_cortexa9_0/libsrc/sdps_v3_6/src"
make -C ps7_cortexa9_0/libsrc/sdps_v3_6/src -s libs  "SHELL=CMD" "COMPILER=arm-none-eabi-gcc" "ARCHIVER=arm-none-eabi-ar" "COMPILER_FLAGS=  -O2 -c" "EXTRA_COMPILER_FLAGS=-mcpu=cortex-a9 -mfpu=vfpv3 -mfloat-abi=hard -nostartfiles -g -Wall -Wextra"
"Compiling sdps"
"Running Make libs in ps7_cortexa9_0/libsrc/standalone_v6_8/src"
make -C ps7_cortexa9_0/libsrc/standalone_v6_8/src -s libs  "SHELL=CMD" "COMPILER=arm-none-eabi-gcc" "ARCHIVER=arm-none-eabi-ar" "COMPILER_FLAGS=  -O2 -c" "EXTRA_COMPILER_FLAGS=-mcpu=cortex-a9 -mfpu=vfpv3 -mfloat-abi=hard -nostartfiles -g -Wall -Wextra"
"Compiling standalone"
In file included from usleep.c:56:0:
xtime_l.h:87:9: note: #pragma message: For the sleep routines, Global timer is being used
 #pragma message ("For the sleep routines, Global timer is being used")
         ^~~~~~~
In file included from xil_sleeptimer.c:51:0:
xtime_l.h:87:9: note: #pragma message: For the sleep routines, Global timer is being used
 #pragma message ("For the sleep routines, Global timer is being used")
         ^~~~~~~
In file included from xtime_l.c:49:0:
xtime_l.h:87:9: note: #pragma message: For the sleep routines, Global timer is being used
 #pragma message ("For the sleep routines, Global timer is being used")
         ^~~~~~~
In file included from sleep.c:53:0:
xtime_l.h:87:9: note: #pragma message: For the sleep routines, Global timer is being used
 #pragma message ("For the sleep routines, Global timer is being used")
         ^~~~~~~
"Running Make libs in ps7_cortexa9_0/libsrc/total_v1_0/src"
make -C ps7_cortexa9_0/libsrc/total_v1_0/src -s libs  "SHELL=CMD" "COMPILER=arm-none-eabi-gcc" "ARCHIVER=arm-none-eabi-ar" "COMPILER_FLAGS=  -O2 -c" "EXTRA_COMPILER_FLAGS=-mcpu=cortex-a9 -mfpu=vfpv3 -mfloat-abi=hard -nostartfiles -g -Wall -Wextra"
"Compiling total..."
total_selftest.c: In function 'TOTAL_Reg_SelfTest':
total_selftest.c:52:54: warning: comparison between signed and unsigned integer expressions [-Wsign-compare]
    if ( TOTAL_mReadReg (baseaddr, read_loop_index*4) != (read_loop_index+1)*READ_WRITE_MUL_FACTOR){
                                                      ^~
total_selftest.c:36:6: warning: unused variable 'Index' [-Wunused-variable]
  int Index;
      ^~~~~
"Running Make libs in ps7_cortexa9_0/libsrc/uartps_v3_7/src"
make -C ps7_cortexa9_0/libsrc/uartps_v3_7/src -s libs  "SHELL=CMD" "COMPILER=arm-none-eabi-gcc" "ARCHIVER=arm-none-eabi-ar" "COMPILER_FLAGS=  -O2 -c" "EXTRA_COMPILER_FLAGS=-mcpu=cortex-a9 -mfpu=vfpv3 -mfloat-abi=hard -nostartfiles -g -Wall -Wextra"
"Compiling uartps"
"Running Make libs in ps7_cortexa9_0/libsrc/usbps_v2_4/src"
make -C ps7_cortexa9_0/libsrc/usbps_v2_4/src -s libs  "SHELL=CMD" "COMPILER=arm-none-eabi-gcc" "ARCHIVER=arm-none-eabi-ar" "COMPILER_FLAGS=  -O2 -c" "EXTRA_COMPILER_FLAGS=-mcpu=cortex-a9 -mfpu=vfpv3 -mfloat-abi=hard -nostartfiles -g -Wall -Wextra"
"Compiling usbps"
"Running Make libs in ps7_cortexa9_0/libsrc/xadcps_v2_3/src"
make -C ps7_cortexa9_0/libsrc/xadcps_v2_3/src -s libs  "SHELL=CMD" "COMPILER=arm-none-eabi-gcc" "ARCHIVER=arm-none-eabi-ar" "COMPILER_FLAGS=  -O2 -c" "EXTRA_COMPILER_FLAGS=-mcpu=cortex-a9 -mfpu=vfpv3 -mfloat-abi=hard -nostartfiles -g -Wall -Wextra"
"Compiling xadcps"
'Finished building libraries'

**** Build of configuration Debug for project total_v2 ****

Nothing to build for project total_v2
12:00:55 **** Auto Build of configuration Debug for project total_v2 ****
make pre-build main-build 
a9-linaro-pre-build-step
' '
'Building file: ../src/total_v2.c'
'Invoking: ARM v7 gcc compiler'
arm-none-eabi-gcc -Wall -O0 -g3 -c -fmessage-length=0 -MT"src/total_v2.o" -mcpu=cortex-a9 -mfpu=vfpv3 -mfloat-abi=hard -I../../total_v2_bsp/ps7_cortexa9_0/include -MMD -MP -MF"src/total_v2.d" -MT"src/total_v2.o" -o "src/total_v2.o" "../src/total_v2.c"
'Finished building: ../src/total_v2.c'
' '
'Building target: total_v2.elf'
'Invoking: ARM v7 gcc linker'
arm-none-eabi-gcc -mcpu=cortex-a9 -mfpu=vfpv3 -mfloat-abi=hard -Wl,-build-id=none -specs=Xilinx.spec -Wl,-T -Wl,../src/lscript.ld -L../../total_v2_bsp/ps7_cortexa9_0/lib -o "total_v2.elf"  ./src/total_v2.o   -Wl,--start-group,-lxil,-lgcc,-lc,--end-group
../../total_v2_bsp/ps7_cortexa9_0/lib\libxil.a(xil-crt0.o): In function `_start':
D:\Vivado\lab5_total\lab5_total.sdk\total_v2_bsp\ps7_cortexa9_0\libsrc\standalone_v6_8\src/xil-crt0.S:138: undefined reference to `main'
collect2.exe: error: ld returned 1 exit status
make: *** [makefile:41: total_v2.elf] Error 1
12:02:01 **** Auto Build of configuration Debug for project total_v2 ****
make pre-build main-build 
a9-linaro-pre-build-step
' '
'Building file: ../src/total_v2.c'
'Invoking: ARM v7 gcc compiler'
arm-none-eabi-gcc -Wall -O0 -g3 -c -fmessage-length=0 -MT"src/total_v2.o" -mcpu=cortex-a9 -mfpu=vfpv3 -mfloat-abi=hard -I../../total_v2_bsp/ps7_cortexa9_0/include -MMD -MP -MF"src/total_v2.d" -MT"src/total_v2.o" -o "src/total_v2.o" "../src/total_v2.c"
../src/total_v2.c: In function 'write_data':
../src/total_v2.c:210:15: error: 'XPAR_BRAM_0_S00_AXI_BASEADDR' undeclared (first use in this function); did you mean 'XPAR_TOTAL_0_S00_AXI_BASEADDR'?
     Xil_Out32(XPAR_BRAM_0_S00_AXI_BASEADDR + 0x00000004, 0x00000002); //cmd write
               ^~~~~~~~~~~~~~~~~~~~~~~~~~~~
               XPAR_TOTAL_0_S00_AXI_BASEADDR
../src/total_v2.c:210:15: note: each undeclared identifier is reported only once for each function it appears in
../src/total_v2.c: In function 'read_data':
../src/total_v2.c:227:15: error: 'XPAR_BRAM_0_S00_AXI_BASEADDR' undeclared (first use in this function); did you mean 'XPAR_TOTAL_0_S00_AXI_BASEADDR'?
     Xil_Out32(XPAR_BRAM_0_S00_AXI_BASEADDR + 0x00000004, 0x00000001); //cmd read
               ^~~~~~~~~~~~~~~~~~~~~~~~~~~~
               XPAR_TOTAL_0_S00_AXI_BASEADDR
make: *** [src/subdir.mk:23: src/total_v2.o] Error 1
12:04:19 **** Auto Build of configuration Debug for project total_v2 ****
make pre-build main-build 
a9-linaro-pre-build-step
' '
'Building file: ../src/total_v2.c'
'Invoking: ARM v7 gcc compiler'
arm-none-eabi-gcc -Wall -O0 -g3 -c -fmessage-length=0 -MT"src/total_v2.o" -mcpu=cortex-a9 -mfpu=vfpv3 -mfloat-abi=hard -I../../total_v2_bsp/ps7_cortexa9_0/include -MMD -MP -MF"src/total_v2.d" -MT"src/total_v2.o" -o "src/total_v2.o" "../src/total_v2.c"
../src/total_v2.c: In function 'write_data':
../src/total_v2.c:211:15: error: 'XPAR_BRAM_0_S00_AXI_BASEADDR' undeclared (first use in this function); did you mean 'XPAR_TOTAL_0_S00_AXI_BASEADDR'?
     Xil_Out32(XPAR_BRAM_0_S00_AXI_BASEADDR + 0x00000008, data);   //data_in
               ^~~~~~~~~~~~~~~~~~~~~~~~~~~~
               XPAR_TOTAL_0_S00_AXI_BASEADDR
../src/total_v2.c:211:15: note: each undeclared identifier is reported only once for each function it appears in
../src/total_v2.c: In function 'read_data':
../src/total_v2.c:227:15: error: 'XPAR_BRAM_0_S00_AXI_BASEADDR' undeclared (first use in this function); did you mean 'XPAR_TOTAL_0_S00_AXI_BASEADDR'?
     Xil_Out32(XPAR_BRAM_0_S00_AXI_BASEADDR + 0x00000004, 0x00000001); //cmd read
               ^~~~~~~~~~~~~~~~~~~~~~~~~~~~
               XPAR_TOTAL_0_S00_AXI_BASEADDR
make: *** [src/subdir.mk:23: src/total_v2.o] Error 1
13:58:24 **** Auto Build of configuration Debug for project total_v2 ****
make pre-build main-build 
a9-linaro-pre-build-step
' '
'Building file: ../src/total_v2.c'
'Invoking: ARM v7 gcc compiler'
arm-none-eabi-gcc -Wall -O0 -g3 -c -fmessage-length=0 -MT"src/total_v2.o" -mcpu=cortex-a9 -mfpu=vfpv3 -mfloat-abi=hard -I../../total_v2_bsp/ps7_cortexa9_0/include -MMD -MP -MF"src/total_v2.d" -MT"src/total_v2.o" -o "src/total_v2.o" "../src/total_v2.c"
'Finished building: ../src/total_v2.c'
' '
'Building target: total_v2.elf'
'Invoking: ARM v7 gcc linker'
arm-none-eabi-gcc -mcpu=cortex-a9 -mfpu=vfpv3 -mfloat-abi=hard -Wl,-build-id=none -specs=Xilinx.spec -Wl,-T -Wl,../src/lscript.ld -L../../total_v2_bsp/ps7_cortexa9_0/lib -o "total_v2.elf"  ./src/total_v2.o   -Wl,--start-group,-lxil,-lgcc,-lc,--end-group
'Finished building target: total_v2.elf'
' '
'Invoking: ARM v7 Print Size'
arm-none-eabi-size total_v2.elf  |tee "total_v2.elf.size"
   text	   data	    bss	    dec	    hex	filename
  25024	   1144	  22568	  48736	   be60	total_v2.elf
'Finished building: total_v2.elf.size'
' '
14:01:28 **** Auto Build of configuration Debug for project total_v2 ****
make pre-build main-build 
a9-linaro-pre-build-step
' '
'Building file: ../src/total_v2.c'
'Invoking: ARM v7 gcc compiler'
arm-none-eabi-gcc -Wall -O0 -g3 -c -fmessage-length=0 -MT"src/total_v2.o" -mcpu=cortex-a9 -mfpu=vfpv3 -mfloat-abi=hard -I../../total_v2_bsp/ps7_cortexa9_0/include -MMD -MP -MF"src/total_v2.d" -MT"src/total_v2.o" -o "src/total_v2.o" "../src/total_v2.c"
'Finished building: ../src/total_v2.c'
' '
'Building target: total_v2.elf'
'Invoking: ARM v7 gcc linker'
arm-none-eabi-gcc -mcpu=cortex-a9 -mfpu=vfpv3 -mfloat-abi=hard -Wl,-build-id=none -specs=Xilinx.spec -Wl,-T -Wl,../src/lscript.ld -L../../total_v2_bsp/ps7_cortexa9_0/lib -o "total_v2.elf"  ./src/total_v2.o   -Wl,--start-group,-lxil,-lgcc,-lc,--end-group
'Finished building target: total_v2.elf'
' '
'Invoking: ARM v7 Print Size'
arm-none-eabi-size total_v2.elf  |tee "total_v2.elf.size"
   text	   data	    bss	    dec	    hex	filename
  25036	   1144	  22568	  48748	   be6c	total_v2.elf
'Finished building: total_v2.elf.size'
' '
14:01:51 **** Incremental Build of configuration Debug for project total_v2 ****
make pre-build main-build 
a9-linaro-pre-build-step
' '
make: Nothing to be done for 'main-build'.
14:03:07 **** Auto Build of configuration Debug for project total_v2 ****
make pre-build main-build 
a9-linaro-pre-build-step
' '
'Building file: ../src/total_v2.c'
'Invoking: ARM v7 gcc compiler'
arm-none-eabi-gcc -Wall -O0 -g3 -c -fmessage-length=0 -MT"src/total_v2.o" -mcpu=cortex-a9 -mfpu=vfpv3 -mfloat-abi=hard -I../../total_v2_bsp/ps7_cortexa9_0/include -MMD -MP -MF"src/total_v2.d" -MT"src/total_v2.o" -o "src/total_v2.o" "../src/total_v2.c"
'Finished building: ../src/total_v2.c'
' '
'Building target: total_v2.elf'
'Invoking: ARM v7 gcc linker'
arm-none-eabi-gcc -mcpu=cortex-a9 -mfpu=vfpv3 -mfloat-abi=hard -Wl,-build-id=none -specs=Xilinx.spec -Wl,-T -Wl,../src/lscript.ld -L../../total_v2_bsp/ps7_cortexa9_0/lib -o "total_v2.elf"  ./src/total_v2.o   -Wl,--start-group,-lxil,-lgcc,-lc,--end-group
'Finished building target: total_v2.elf'
' '
'Invoking: ARM v7 Print Size'
arm-none-eabi-size total_v2.elf  |tee "total_v2.elf.size"
   text	   data	    bss	    dec	    hex	filename
  25036	   1144	  22568	  48748	   be6c	total_v2.elf
'Finished building: total_v2.elf.size'
' '
14:03:18 **** Incremental Build of configuration Debug for project total_v2 ****
make pre-build main-build 
a9-linaro-pre-build-step
' '
make: Nothing to be done for 'main-build'.
14:03:46 **** Auto Build of configuration Debug for project total_v2 ****
make pre-build main-build 
a9-linaro-pre-build-step
' '
'Building file: ../src/total_v2.c'
'Invoking: ARM v7 gcc compiler'
arm-none-eabi-gcc -Wall -O0 -g3 -c -fmessage-length=0 -MT"src/total_v2.o" -mcpu=cortex-a9 -mfpu=vfpv3 -mfloat-abi=hard -I../../total_v2_bsp/ps7_cortexa9_0/include -MMD -MP -MF"src/total_v2.d" -MT"src/total_v2.o" -o "src/total_v2.o" "../src/total_v2.c"
'Finished building: ../src/total_v2.c'
' '
'Building target: total_v2.elf'
'Invoking: ARM v7 gcc linker'
arm-none-eabi-gcc -mcpu=cortex-a9 -mfpu=vfpv3 -mfloat-abi=hard -Wl,-build-id=none -specs=Xilinx.spec -Wl,-T -Wl,../src/lscript.ld -L../../total_v2_bsp/ps7_cortexa9_0/lib -o "total_v2.elf"  ./src/total_v2.o   -Wl,--start-group,-lxil,-lgcc,-lc,--end-group
'Finished building target: total_v2.elf'
' '
'Invoking: ARM v7 Print Size'
arm-none-eabi-size total_v2.elf  |tee "total_v2.elf.size"
   text	   data	    bss	    dec	    hex	filename
  25036	   1144	  22568	  48748	   be6c	total_v2.elf
'Finished building: total_v2.elf.size'
' '
14:03:50 **** Incremental Build of configuration Debug for project total_v2 ****
make pre-build main-build 
a9-linaro-pre-build-step
' '
make: Nothing to be done for 'main-build'.
14:07:53 **** Auto Build of configuration Debug for project total_v2 ****
make pre-build main-build 
a9-linaro-pre-build-step
' '
'Building file: ../src/total_v2.c'
'Invoking: ARM v7 gcc compiler'
arm-none-eabi-gcc -Wall -O0 -g3 -c -fmessage-length=0 -MT"src/total_v2.o" -mcpu=cortex-a9 -mfpu=vfpv3 -mfloat-abi=hard -I../../total_v2_bsp/ps7_cortexa9_0/include -MMD -MP -MF"src/total_v2.d" -MT"src/total_v2.o" -o "src/total_v2.o" "../src/total_v2.c"
'Finished building: ../src/total_v2.c'
' '
'Building target: total_v2.elf'
'Invoking: ARM v7 gcc linker'
arm-none-eabi-gcc -mcpu=cortex-a9 -mfpu=vfpv3 -mfloat-abi=hard -Wl,-build-id=none -specs=Xilinx.spec -Wl,-T -Wl,../src/lscript.ld -L../../total_v2_bsp/ps7_cortexa9_0/lib -o "total_v2.elf"  ./src/total_v2.o   -Wl,--start-group,-lxil,-lgcc,-lc,--end-group
'Finished building target: total_v2.elf'
' '
'Invoking: ARM v7 Print Size'
arm-none-eabi-size total_v2.elf  |tee "total_v2.elf.size"
   text	   data	    bss	    dec	    hex	filename
  25312	   1144	  22568	  49024	   bf80	total_v2.elf
'Finished building: total_v2.elf.size'
' '
14:07:56 **** Auto Build of configuration Debug for project total_v2 ****
make pre-build main-build 
a9-linaro-pre-build-step
' '
'Building file: ../src/total_v2.c'
'Invoking: ARM v7 gcc compiler'
arm-none-eabi-gcc -Wall -O0 -g3 -c -fmessage-length=0 -MT"src/total_v2.o" -mcpu=cortex-a9 -mfpu=vfpv3 -mfloat-abi=hard -I../../total_v2_bsp/ps7_cortexa9_0/include -MMD -MP -MF"src/total_v2.d" -MT"src/total_v2.o" -o "src/total_v2.o" "../src/total_v2.c"
'Finished building: ../src/total_v2.c'
' '
'Building target: total_v2.elf'
'Invoking: ARM v7 gcc linker'
arm-none-eabi-gcc -mcpu=cortex-a9 -mfpu=vfpv3 -mfloat-abi=hard -Wl,-build-id=none -specs=Xilinx.spec -Wl,-T -Wl,../src/lscript.ld -L../../total_v2_bsp/ps7_cortexa9_0/lib -o "total_v2.elf"  ./src/total_v2.o   -Wl,--start-group,-lxil,-lgcc,-lc,--end-group
'Finished building target: total_v2.elf'
' '
'Invoking: ARM v7 Print Size'
arm-none-eabi-size total_v2.elf  |tee "total_v2.elf.size"
   text	   data	    bss	    dec	    hex	filename
  25316	   1144	  22568	  49028	   bf84	total_v2.elf
'Finished building: total_v2.elf.size'
' '
14:07:58 **** Incremental Build of configuration Debug for project total_v2 ****
make pre-build main-build 
a9-linaro-pre-build-step
' '
make: Nothing to be done for 'main-build'.
14:09:41 **** Auto Build of configuration Debug for project total_v2 ****
make pre-build main-build 
a9-linaro-pre-build-step
' '
'Building file: ../src/total_v2.c'
'Invoking: ARM v7 gcc compiler'
arm-none-eabi-gcc -Wall -O0 -g3 -c -fmessage-length=0 -MT"src/total_v2.o" -mcpu=cortex-a9 -mfpu=vfpv3 -mfloat-abi=hard -I../../total_v2_bsp/ps7_cortexa9_0/include -MMD -MP -MF"src/total_v2.d" -MT"src/total_v2.o" -o "src/total_v2.o" "../src/total_v2.c"
'Finished building: ../src/total_v2.c'
' '
'Building target: total_v2.elf'
'Invoking: ARM v7 gcc linker'
arm-none-eabi-gcc -mcpu=cortex-a9 -mfpu=vfpv3 -mfloat-abi=hard -Wl,-build-id=none -specs=Xilinx.spec -Wl,-T -Wl,../src/lscript.ld -L../../total_v2_bsp/ps7_cortexa9_0/lib -o "total_v2.elf"  ./src/total_v2.o   -Wl,--start-group,-lxil,-lgcc,-lc,--end-group
'Finished building target: total_v2.elf'
' '
'Invoking: ARM v7 Print Size'
arm-none-eabi-size total_v2.elf  |tee "total_v2.elf.size"
   text	   data	    bss	    dec	    hex	filename
  25332	   1144	  22568	  49044	   bf94	total_v2.elf
'Finished building: total_v2.elf.size'
' '
14:09:46 **** Incremental Build of configuration Debug for project total_v2 ****
make pre-build main-build 
a9-linaro-pre-build-step
' '
make: Nothing to be done for 'main-build'.
14:14:40 **** Auto Build of configuration Debug for project total_v2 ****
make pre-build main-build 
a9-linaro-pre-build-step
' '
'Building file: ../src/total_v2.c'
'Invoking: ARM v7 gcc compiler'
arm-none-eabi-gcc -Wall -O0 -g3 -c -fmessage-length=0 -MT"src/total_v2.o" -mcpu=cortex-a9 -mfpu=vfpv3 -mfloat-abi=hard -I../../total_v2_bsp/ps7_cortexa9_0/include -MMD -MP -MF"src/total_v2.d" -MT"src/total_v2.o" -o "src/total_v2.o" "../src/total_v2.c"
'Finished building: ../src/total_v2.c'
' '
'Building target: total_v2.elf'
'Invoking: ARM v7 gcc linker'
arm-none-eabi-gcc -mcpu=cortex-a9 -mfpu=vfpv3 -mfloat-abi=hard -Wl,-build-id=none -specs=Xilinx.spec -Wl,-T -Wl,../src/lscript.ld -L../../total_v2_bsp/ps7_cortexa9_0/lib -o "total_v2.elf"  ./src/total_v2.o   -Wl,--start-group,-lxil,-lgcc,-lc,--end-group
'Finished building target: total_v2.elf'
' '
'Invoking: ARM v7 Print Size'
arm-none-eabi-size total_v2.elf  |tee "total_v2.elf.size"
   text	   data	    bss	    dec	    hex	filename
  25332	   1144	  22568	  49044	   bf94	total_v2.elf
'Finished building: total_v2.elf.size'
' '
14:14:50 **** Auto Build of configuration Debug for project total_v2 ****
make pre-build main-build 
a9-linaro-pre-build-step
' '
'Building file: ../src/total_v2.c'
'Invoking: ARM v7 gcc compiler'
arm-none-eabi-gcc -Wall -O0 -g3 -c -fmessage-length=0 -MT"src/total_v2.o" -mcpu=cortex-a9 -mfpu=vfpv3 -mfloat-abi=hard -I../../total_v2_bsp/ps7_cortexa9_0/include -MMD -MP -MF"src/total_v2.d" -MT"src/total_v2.o" -o "src/total_v2.o" "../src/total_v2.c"
'Finished building: ../src/total_v2.c'
' '
'Building target: total_v2.elf'
'Invoking: ARM v7 gcc linker'
arm-none-eabi-gcc -mcpu=cortex-a9 -mfpu=vfpv3 -mfloat-abi=hard -Wl,-build-id=none -specs=Xilinx.spec -Wl,-T -Wl,../src/lscript.ld -L../../total_v2_bsp/ps7_cortexa9_0/lib -o "total_v2.elf"  ./src/total_v2.o   -Wl,--start-group,-lxil,-lgcc,-lc,--end-group
'Finished building target: total_v2.elf'
' '
'Invoking: ARM v7 Print Size'
arm-none-eabi-size total_v2.elf  |tee "total_v2.elf.size"
   text	   data	    bss	    dec	    hex	filename
  25332	   1144	  22568	  49044	   bf94	total_v2.elf
'Finished building: total_v2.elf.size'
' '
14:15:05 **** Incremental Build of configuration Debug for project total_v2 ****
make pre-build main-build 
a9-linaro-pre-build-step
' '
make: Nothing to be done for 'main-build'.
14:15:30 **** Auto Build of configuration Debug for project total_v2 ****
make pre-build main-build 
a9-linaro-pre-build-step
' '
'Building file: ../src/total_v2.c'
'Invoking: ARM v7 gcc compiler'
arm-none-eabi-gcc -Wall -O0 -g3 -c -fmessage-length=0 -MT"src/total_v2.o" -mcpu=cortex-a9 -mfpu=vfpv3 -mfloat-abi=hard -I../../total_v2_bsp/ps7_cortexa9_0/include -MMD -MP -MF"src/total_v2.d" -MT"src/total_v2.o" -o "src/total_v2.o" "../src/total_v2.c"
'Finished building: ../src/total_v2.c'
' '
'Building target: total_v2.elf'
'Invoking: ARM v7 gcc linker'
arm-none-eabi-gcc -mcpu=cortex-a9 -mfpu=vfpv3 -mfloat-abi=hard -Wl,-build-id=none -specs=Xilinx.spec -Wl,-T -Wl,../src/lscript.ld -L../../total_v2_bsp/ps7_cortexa9_0/lib -o "total_v2.elf"  ./src/total_v2.o   -Wl,--start-group,-lxil,-lgcc,-lc,--end-group
'Finished building target: total_v2.elf'
' '
'Invoking: ARM v7 Print Size'
arm-none-eabi-size total_v2.elf  |tee "total_v2.elf.size"
   text	   data	    bss	    dec	    hex	filename
  25316	   1144	  22568	  49028	   bf84	total_v2.elf
'Finished building: total_v2.elf.size'
' '
14:15:32 **** Incremental Build of configuration Debug for project total_v2 ****
make pre-build main-build 
a9-linaro-pre-build-step
' '
make: Nothing to be done for 'main-build'.
14:17:03 **** Incremental Build of configuration Debug for project total_v2 ****
make pre-build main-build 
a9-linaro-pre-build-step
' '
make: Nothing to be done for 'main-build'.
14:17:40 **** Auto Build of configuration Debug for project total_v2 ****
make pre-build main-build 
a9-linaro-pre-build-step
' '
'Building file: ../src/total_v2.c'
'Invoking: ARM v7 gcc compiler'
arm-none-eabi-gcc -Wall -O0 -g3 -c -fmessage-length=0 -MT"src/total_v2.o" -mcpu=cortex-a9 -mfpu=vfpv3 -mfloat-abi=hard -I../../total_v2_bsp/ps7_cortexa9_0/include -MMD -MP -MF"src/total_v2.d" -MT"src/total_v2.o" -o "src/total_v2.o" "../src/total_v2.c"
'Finished building: ../src/total_v2.c'
' '
'Building target: total_v2.elf'
'Invoking: ARM v7 gcc linker'
arm-none-eabi-gcc -mcpu=cortex-a9 -mfpu=vfpv3 -mfloat-abi=hard -Wl,-build-id=none -specs=Xilinx.spec -Wl,-T -Wl,../src/lscript.ld -L../../total_v2_bsp/ps7_cortexa9_0/lib -o "total_v2.elf"  ./src/total_v2.o   -Wl,--start-group,-lxil,-lgcc,-lc,--end-group
'Finished building target: total_v2.elf'
' '
'Invoking: ARM v7 Print Size'
arm-none-eabi-size total_v2.elf  |tee "total_v2.elf.size"
   text	   data	    bss	    dec	    hex	filename
  25316	   1144	  22568	  49028	   bf84	total_v2.elf
'Finished building: total_v2.elf.size'
' '
14:18:12 **** Incremental Build of configuration Debug for project total_v2 ****
make pre-build main-build 
a9-linaro-pre-build-step
' '
make: Nothing to be done for 'main-build'.
14:19:56 **** Auto Build of configuration Debug for project total_v2 ****
make pre-build main-build 
a9-linaro-pre-build-step
' '
'Building file: ../src/total_v2.c'
'Invoking: ARM v7 gcc compiler'
arm-none-eabi-gcc -Wall -O0 -g3 -c -fmessage-length=0 -MT"src/total_v2.o" -mcpu=cortex-a9 -mfpu=vfpv3 -mfloat-abi=hard -I../../total_v2_bsp/ps7_cortexa9_0/include -MMD -MP -MF"src/total_v2.d" -MT"src/total_v2.o" -o "src/total_v2.o" "../src/total_v2.c"
'Finished building: ../src/total_v2.c'
' '
'Building target: total_v2.elf'
'Invoking: ARM v7 gcc linker'
arm-none-eabi-gcc -mcpu=cortex-a9 -mfpu=vfpv3 -mfloat-abi=hard -Wl,-build-id=none -specs=Xilinx.spec -Wl,-T -Wl,../src/lscript.ld -L../../total_v2_bsp/ps7_cortexa9_0/lib -o "total_v2.elf"  ./src/total_v2.o   -Wl,--start-group,-lxil,-lgcc,-lc,--end-group
'Finished building target: total_v2.elf'
' '
'Invoking: ARM v7 Print Size'
arm-none-eabi-size total_v2.elf  |tee "total_v2.elf.size"
   text	   data	    bss	    dec	    hex	filename
  25332	   1144	  22568	  49044	   bf94	total_v2.elf
'Finished building: total_v2.elf.size'
' '
14:20:02 **** Incremental Build of configuration Debug for project total_v2 ****
make pre-build main-build 
a9-linaro-pre-build-step
' '
make: Nothing to be done for 'main-build'.
14:21:15 **** Auto Build of configuration Debug for project total_v2 ****
make pre-build main-build 
a9-linaro-pre-build-step
' '
'Building file: ../src/total_v2.c'
'Invoking: ARM v7 gcc compiler'
arm-none-eabi-gcc -Wall -O0 -g3 -c -fmessage-length=0 -MT"src/total_v2.o" -mcpu=cortex-a9 -mfpu=vfpv3 -mfloat-abi=hard -I../../total_v2_bsp/ps7_cortexa9_0/include -MMD -MP -MF"src/total_v2.d" -MT"src/total_v2.o" -o "src/total_v2.o" "../src/total_v2.c"
'Finished building: ../src/total_v2.c'
' '
'Building target: total_v2.elf'
'Invoking: ARM v7 gcc linker'
arm-none-eabi-gcc -mcpu=cortex-a9 -mfpu=vfpv3 -mfloat-abi=hard -Wl,-build-id=none -specs=Xilinx.spec -Wl,-T -Wl,../src/lscript.ld -L../../total_v2_bsp/ps7_cortexa9_0/lib -o "total_v2.elf"  ./src/total_v2.o   -Wl,--start-group,-lxil,-lgcc,-lc,--end-group
'Finished building target: total_v2.elf'
' '
'Invoking: ARM v7 Print Size'
arm-none-eabi-size total_v2.elf  |tee "total_v2.elf.size"
   text	   data	    bss	    dec	    hex	filename
  25352	   1144	  22568	  49064	   bfa8	total_v2.elf
'Finished building: total_v2.elf.size'
' '
14:21:19 **** Incremental Build of configuration Debug for project total_v2 ****
make pre-build main-build 
a9-linaro-pre-build-step
' '
make: Nothing to be done for 'main-build'.
14:21:25 **** Incremental Build of configuration Debug for project total_v2 ****
make pre-build main-build 
a9-linaro-pre-build-step
' '
make: Nothing to be done for 'main-build'.
14:29:36 **** Auto Build of configuration Debug for project total_v2 ****
make pre-build main-build 
a9-linaro-pre-build-step
' '
'Building file: ../src/total_v2.c'
'Invoking: ARM v7 gcc compiler'
arm-none-eabi-gcc -Wall -O0 -g3 -c -fmessage-length=0 -MT"src/total_v2.o" -mcpu=cortex-a9 -mfpu=vfpv3 -mfloat-abi=hard -I../../total_v2_bsp/ps7_cortexa9_0/include -MMD -MP -MF"src/total_v2.d" -MT"src/total_v2.o" -o "src/total_v2.o" "../src/total_v2.c"
'Finished building: ../src/total_v2.c'
' '
'Building target: total_v2.elf'
'Invoking: ARM v7 gcc linker'
arm-none-eabi-gcc -mcpu=cortex-a9 -mfpu=vfpv3 -mfloat-abi=hard -Wl,-build-id=none -specs=Xilinx.spec -Wl,-T -Wl,../src/lscript.ld -L../../total_v2_bsp/ps7_cortexa9_0/lib -o "total_v2.elf"  ./src/total_v2.o   -Wl,--start-group,-lxil,-lgcc,-lc,--end-group
'Finished building target: total_v2.elf'
' '
'Invoking: ARM v7 Print Size'
arm-none-eabi-size total_v2.elf  |tee "total_v2.elf.size"
   text	   data	    bss	    dec	    hex	filename
  25428	   1144	  22568	  49140	   bff4	total_v2.elf
'Finished building: total_v2.elf.size'
' '
14:29:41 **** Incremental Build of configuration Debug for project total_v2 ****
make pre-build main-build 
a9-linaro-pre-build-step
' '
make: Nothing to be done for 'main-build'.
14:31:14 **** Auto Build of configuration Debug for project total_v2 ****
make pre-build main-build 
a9-linaro-pre-build-step
' '
'Building file: ../src/total_v2.c'
'Invoking: ARM v7 gcc compiler'
arm-none-eabi-gcc -Wall -O0 -g3 -c -fmessage-length=0 -MT"src/total_v2.o" -mcpu=cortex-a9 -mfpu=vfpv3 -mfloat-abi=hard -I../../total_v2_bsp/ps7_cortexa9_0/include -MMD -MP -MF"src/total_v2.d" -MT"src/total_v2.o" -o "src/total_v2.o" "../src/total_v2.c"
../src/total_v2.c: In function 'main':
../src/total_v2.c:27:2: error: 'status' undeclared (first use in this function); did you mean 'strdup'?
  status = read_data(0x0000000f);
  ^~~~~~
  strdup
../src/total_v2.c:27:2: note: each undeclared identifier is reported only once for each function it appears in
make: *** [src/subdir.mk:23: src/total_v2.o] Error 1
14:31:36 **** Auto Build of configuration Debug for project total_v2 ****
make pre-build main-build 
a9-linaro-pre-build-step
' '
'Building file: ../src/total_v2.c'
'Invoking: ARM v7 gcc compiler'
arm-none-eabi-gcc -Wall -O0 -g3 -c -fmessage-length=0 -MT"src/total_v2.o" -mcpu=cortex-a9 -mfpu=vfpv3 -mfloat-abi=hard -I../../total_v2_bsp/ps7_cortexa9_0/include -MMD -MP -MF"src/total_v2.d" -MT"src/total_v2.o" -o "src/total_v2.o" "../src/total_v2.c"
'Finished building: ../src/total_v2.c'
' '
'Building target: total_v2.elf'
'Invoking: ARM v7 gcc linker'
arm-none-eabi-gcc -mcpu=cortex-a9 -mfpu=vfpv3 -mfloat-abi=hard -Wl,-build-id=none -specs=Xilinx.spec -Wl,-T -Wl,../src/lscript.ld -L../../total_v2_bsp/ps7_cortexa9_0/lib -o "total_v2.elf"  ./src/total_v2.o   -Wl,--start-group,-lxil,-lgcc,-lc,--end-group
'Finished building target: total_v2.elf'
' '
'Invoking: ARM v7 Print Size'
arm-none-eabi-size total_v2.elf  |tee "total_v2.elf.size"
   text	   data	    bss	    dec	    hex	filename
  25444	   1144	  22568	  49156	   c004	total_v2.elf
'Finished building: total_v2.elf.size'
' '
14:31:45 **** Incremental Build of configuration Debug for project total_v2 ****
make pre-build main-build 
a9-linaro-pre-build-step
' '
make: Nothing to be done for 'main-build'.
14:33:39 **** Auto Build of configuration Debug for project total_v2 ****
make pre-build main-build 
a9-linaro-pre-build-step
' '
'Building file: ../src/total_v2.c'
'Invoking: ARM v7 gcc compiler'
arm-none-eabi-gcc -Wall -O0 -g3 -c -fmessage-length=0 -MT"src/total_v2.o" -mcpu=cortex-a9 -mfpu=vfpv3 -mfloat-abi=hard -I../../total_v2_bsp/ps7_cortexa9_0/include -MMD -MP -MF"src/total_v2.d" -MT"src/total_v2.o" -o "src/total_v2.o" "../src/total_v2.c"
'Finished building: ../src/total_v2.c'
' '
'Building target: total_v2.elf'
'Invoking: ARM v7 gcc linker'
arm-none-eabi-gcc -mcpu=cortex-a9 -mfpu=vfpv3 -mfloat-abi=hard -Wl,-build-id=none -specs=Xilinx.spec -Wl,-T -Wl,../src/lscript.ld -L../../total_v2_bsp/ps7_cortexa9_0/lib -o "total_v2.elf"  ./src/total_v2.o   -Wl,--start-group,-lxil,-lgcc,-lc,--end-group
'Finished building target: total_v2.elf'
' '
'Invoking: ARM v7 Print Size'
arm-none-eabi-size total_v2.elf  |tee "total_v2.elf.size"
   text	   data	    bss	    dec	    hex	filename
  25444	   1144	  22568	  49156	   c004	total_v2.elf
'Finished building: total_v2.elf.size'
' '
14:34:32 **** Auto Build of configuration Debug for project total_v2 ****
make pre-build main-build 
a9-linaro-pre-build-step
' '
'Building file: ../src/total_v2.c'
'Invoking: ARM v7 gcc compiler'
arm-none-eabi-gcc -Wall -O0 -g3 -c -fmessage-length=0 -MT"src/total_v2.o" -mcpu=cortex-a9 -mfpu=vfpv3 -mfloat-abi=hard -I../../total_v2_bsp/ps7_cortexa9_0/include -MMD -MP -MF"src/total_v2.d" -MT"src/total_v2.o" -o "src/total_v2.o" "../src/total_v2.c"
../src/total_v2.c: In function 'main':
../src/total_v2.c:29:3: error: too few arguments to function 'write_data'
   write_data()
   ^~~~~~~~~~
../src/total_v2.c:14:6: note: declared here
 void write_data(u32 address, u32 data);
      ^~~~~~~~~~
../src/total_v2.c:30:2: error: expected ';' before 'status'
  status = read_data(0x0000000f);
  ^~~~~~
make: *** [src/subdir.mk:23: src/total_v2.o] Error 1
14:34:55 **** Auto Build of configuration Debug for project total_v2 ****
make pre-build main-build 
a9-linaro-pre-build-step
' '
'Building file: ../src/total_v2.c'
'Invoking: ARM v7 gcc compiler'
arm-none-eabi-gcc -Wall -O0 -g3 -c -fmessage-length=0 -MT"src/total_v2.o" -mcpu=cortex-a9 -mfpu=vfpv3 -mfloat-abi=hard -I../../total_v2_bsp/ps7_cortexa9_0/include -MMD -MP -MF"src/total_v2.d" -MT"src/total_v2.o" -o "src/total_v2.o" "../src/total_v2.c"
'Finished building: ../src/total_v2.c'
' '
'Building target: total_v2.elf'
'Invoking: ARM v7 gcc linker'
arm-none-eabi-gcc -mcpu=cortex-a9 -mfpu=vfpv3 -mfloat-abi=hard -Wl,-build-id=none -specs=Xilinx.spec -Wl,-T -Wl,../src/lscript.ld -L../../total_v2_bsp/ps7_cortexa9_0/lib -o "total_v2.elf"  ./src/total_v2.o   -Wl,--start-group,-lxil,-lgcc,-lc,--end-group
'Finished building target: total_v2.elf'
' '
'Invoking: ARM v7 Print Size'
arm-none-eabi-size total_v2.elf  |tee "total_v2.elf.size"
   text	   data	    bss	    dec	    hex	filename
  25508	   1144	  22568	  49220	   c044	total_v2.elf
'Finished building: total_v2.elf.size'
' '
14:35:47 **** Auto Build of configuration Debug for project total_v2 ****
make pre-build main-build 
a9-linaro-pre-build-step
' '
'Building file: ../src/total_v2.c'
'Invoking: ARM v7 gcc compiler'
arm-none-eabi-gcc -Wall -O0 -g3 -c -fmessage-length=0 -MT"src/total_v2.o" -mcpu=cortex-a9 -mfpu=vfpv3 -mfloat-abi=hard -I../../total_v2_bsp/ps7_cortexa9_0/include -MMD -MP -MF"src/total_v2.d" -MT"src/total_v2.o" -o "src/total_v2.o" "../src/total_v2.c"
'Finished building: ../src/total_v2.c'
' '
'Building target: total_v2.elf'
'Invoking: ARM v7 gcc linker'
arm-none-eabi-gcc -mcpu=cortex-a9 -mfpu=vfpv3 -mfloat-abi=hard -Wl,-build-id=none -specs=Xilinx.spec -Wl,-T -Wl,../src/lscript.ld -L../../total_v2_bsp/ps7_cortexa9_0/lib -o "total_v2.elf"  ./src/total_v2.o   -Wl,--start-group,-lxil,-lgcc,-lc,--end-group
'Finished building target: total_v2.elf'
' '
'Invoking: ARM v7 Print Size'
arm-none-eabi-size total_v2.elf  |tee "total_v2.elf.size"
   text	   data	    bss	    dec	    hex	filename
  25588	   1144	  22568	  49300	   c094	total_v2.elf
'Finished building: total_v2.elf.size'
' '
14:36:17 **** Auto Build of configuration Debug for project total_v2 ****
make pre-build main-build 
a9-linaro-pre-build-step
' '
'Building file: ../src/total_v2.c'
'Invoking: ARM v7 gcc compiler'
arm-none-eabi-gcc -Wall -O0 -g3 -c -fmessage-length=0 -MT"src/total_v2.o" -mcpu=cortex-a9 -mfpu=vfpv3 -mfloat-abi=hard -I../../total_v2_bsp/ps7_cortexa9_0/include -MMD -MP -MF"src/total_v2.d" -MT"src/total_v2.o" -o "src/total_v2.o" "../src/total_v2.c"
'Finished building: ../src/total_v2.c'
' '
'Building target: total_v2.elf'
'Invoking: ARM v7 gcc linker'
arm-none-eabi-gcc -mcpu=cortex-a9 -mfpu=vfpv3 -mfloat-abi=hard -Wl,-build-id=none -specs=Xilinx.spec -Wl,-T -Wl,../src/lscript.ld -L../../total_v2_bsp/ps7_cortexa9_0/lib -o "total_v2.elf"  ./src/total_v2.o   -Wl,--start-group,-lxil,-lgcc,-lc,--end-group
'Finished building target: total_v2.elf'
' '
'Invoking: ARM v7 Print Size'
arm-none-eabi-size total_v2.elf  |tee "total_v2.elf.size"
   text	   data	    bss	    dec	    hex	filename
  25592	   1144	  22568	  49304	   c098	total_v2.elf
'Finished building: total_v2.elf.size'
' '
14:36:27 **** Auto Build of configuration Debug for project total_v2 ****
make pre-build main-build 
a9-linaro-pre-build-step
' '
'Building file: ../src/total_v2.c'
'Invoking: ARM v7 gcc compiler'
arm-none-eabi-gcc -Wall -O0 -g3 -c -fmessage-length=0 -MT"src/total_v2.o" -mcpu=cortex-a9 -mfpu=vfpv3 -mfloat-abi=hard -I../../total_v2_bsp/ps7_cortexa9_0/include -MMD -MP -MF"src/total_v2.d" -MT"src/total_v2.o" -o "src/total_v2.o" "../src/total_v2.c"
'Finished building: ../src/total_v2.c'
' '
'Building target: total_v2.elf'
'Invoking: ARM v7 gcc linker'
arm-none-eabi-gcc -mcpu=cortex-a9 -mfpu=vfpv3 -mfloat-abi=hard -Wl,-build-id=none -specs=Xilinx.spec -Wl,-T -Wl,../src/lscript.ld -L../../total_v2_bsp/ps7_cortexa9_0/lib -o "total_v2.elf"  ./src/total_v2.o   -Wl,--start-group,-lxil,-lgcc,-lc,--end-group
'Finished building target: total_v2.elf'
' '
'Invoking: ARM v7 Print Size'
arm-none-eabi-size total_v2.elf  |tee "total_v2.elf.size"
   text	   data	    bss	    dec	    hex	filename
  25596	   1144	  22568	  49308	   c09c	total_v2.elf
'Finished building: total_v2.elf.size'
' '
14:36:36 **** Incremental Build of configuration Debug for project total_v2 ****
make pre-build main-build 
a9-linaro-pre-build-step
' '
make: Nothing to be done for 'main-build'.
14:44:10 **** Auto Build of configuration Debug for project total_v2 ****
make pre-build main-build 
a9-linaro-pre-build-step
' '
'Building file: ../src/total_v2.c'
'Invoking: ARM v7 gcc compiler'
arm-none-eabi-gcc -Wall -O0 -g3 -c -fmessage-length=0 -MT"src/total_v2.o" -mcpu=cortex-a9 -mfpu=vfpv3 -mfloat-abi=hard -I../../total_v2_bsp/ps7_cortexa9_0/include -MMD -MP -MF"src/total_v2.d" -MT"src/total_v2.o" -o "src/total_v2.o" "../src/total_v2.c"
'Finished building: ../src/total_v2.c'
' '
'Building target: total_v2.elf'
'Invoking: ARM v7 gcc linker'
arm-none-eabi-gcc -mcpu=cortex-a9 -mfpu=vfpv3 -mfloat-abi=hard -Wl,-build-id=none -specs=Xilinx.spec -Wl,-T -Wl,../src/lscript.ld -L../../total_v2_bsp/ps7_cortexa9_0/lib -o "total_v2.elf"  ./src/total_v2.o   -Wl,--start-group,-lxil,-lgcc,-lc,--end-group
'Finished building target: total_v2.elf'
' '
'Invoking: ARM v7 Print Size'
arm-none-eabi-size total_v2.elf  |tee "total_v2.elf.size"
   text	   data	    bss	    dec	    hex	filename
  25596	   1144	  22568	  49308	   c09c	total_v2.elf
'Finished building: total_v2.elf.size'
' '
14:45:00 **** Auto Build of configuration Debug for project total_v2 ****
make pre-build main-build 
a9-linaro-pre-build-step
' '
'Building file: ../src/total_v2.c'
'Invoking: ARM v7 gcc compiler'
arm-none-eabi-gcc -Wall -O0 -g3 -c -fmessage-length=0 -MT"src/total_v2.o" -mcpu=cortex-a9 -mfpu=vfpv3 -mfloat-abi=hard -I../../total_v2_bsp/ps7_cortexa9_0/include -MMD -MP -MF"src/total_v2.d" -MT"src/total_v2.o" -o "src/total_v2.o" "../src/total_v2.c"
'Finished building: ../src/total_v2.c'
' '
'Building target: total_v2.elf'
'Invoking: ARM v7 gcc linker'
arm-none-eabi-gcc -mcpu=cortex-a9 -mfpu=vfpv3 -mfloat-abi=hard -Wl,-build-id=none -specs=Xilinx.spec -Wl,-T -Wl,../src/lscript.ld -L../../total_v2_bsp/ps7_cortexa9_0/lib -o "total_v2.elf"  ./src/total_v2.o   -Wl,--start-group,-lxil,-lgcc,-lc,--end-group
'Finished building target: total_v2.elf'
' '
'Invoking: ARM v7 Print Size'
arm-none-eabi-size total_v2.elf  |tee "total_v2.elf.size"
   text	   data	    bss	    dec	    hex	filename
  25596	   1144	  22568	  49308	   c09c	total_v2.elf
'Finished building: total_v2.elf.size'
' '
14:47:48 **** Auto Build of configuration Debug for project total_v2 ****
make pre-build main-build 
a9-linaro-pre-build-step
' '
'Building file: ../src/total_v2.c'
'Invoking: ARM v7 gcc compiler'
arm-none-eabi-gcc -Wall -O0 -g3 -c -fmessage-length=0 -MT"src/total_v2.o" -mcpu=cortex-a9 -mfpu=vfpv3 -mfloat-abi=hard -I../../total_v2_bsp/ps7_cortexa9_0/include -MMD -MP -MF"src/total_v2.d" -MT"src/total_v2.o" -o "src/total_v2.o" "../src/total_v2.c"
'Finished building: ../src/total_v2.c'
' '
'Building target: total_v2.elf'
'Invoking: ARM v7 gcc linker'
arm-none-eabi-gcc -mcpu=cortex-a9 -mfpu=vfpv3 -mfloat-abi=hard -Wl,-build-id=none -specs=Xilinx.spec -Wl,-T -Wl,../src/lscript.ld -L../../total_v2_bsp/ps7_cortexa9_0/lib -o "total_v2.elf"  ./src/total_v2.o   -Wl,--start-group,-lxil,-lgcc,-lc,--end-group
'Finished building target: total_v2.elf'
' '
'Invoking: ARM v7 Print Size'
arm-none-eabi-size total_v2.elf  |tee "total_v2.elf.size"
   text	   data	    bss	    dec	    hex	filename
  25596	   1144	  22568	  49308	   c09c	total_v2.elf
'Finished building: total_v2.elf.size'
' '
14:47:57 **** Incremental Build of configuration Debug for project total_v2 ****
make pre-build main-build 
a9-linaro-pre-build-step
' '
make: Nothing to be done for 'main-build'.
14:54:02 **** Auto Build of configuration Debug for project total_v2 ****
make pre-build main-build 
a9-linaro-pre-build-step
' '
'Building file: ../src/total_v2.c'
'Invoking: ARM v7 gcc compiler'
arm-none-eabi-gcc -Wall -O0 -g3 -c -fmessage-length=0 -MT"src/total_v2.o" -mcpu=cortex-a9 -mfpu=vfpv3 -mfloat-abi=hard -I../../total_v2_bsp/ps7_cortexa9_0/include -MMD -MP -MF"src/total_v2.d" -MT"src/total_v2.o" -o "src/total_v2.o" "../src/total_v2.c"
../src/total_v2.c: In function 'main':
../src/total_v2.c:37:13: warning: missing terminating " character
  xil_printf("ins0: %d
             ^
../src/total_v2.c:37:13: error: missing terminating " character
  xil_printf("ins0: %d
             ^~~~~~~~~
../src/total_v2.c:39:1: error: 'status1' undeclared (first use in this function); did you mean 'status'?
 status1: 0
 ^~~~~~~
 status
../src/total_v2.c:39:1: note: each undeclared identifier is reported only once for each function it appears in
../src/total_v2.c:39:8: error: expected ')' before ':' token
 status1: 0
        ^
../src/total_v2.c:44:1: error: stray '\' in program
 \n\r", status);
 ^
../src/total_v2.c:44:3: error: stray '\' in program
 \n\r", status);
   ^
../src/total_v2.c:44:5: warning: missing terminating " character
 \n\r", status);
     ^
../src/total_v2.c:44:5: error: missing terminating " character
 \n\r", status);
     ^~~~~~~~~~~
../src/total_v2.c:85:1: error: expected ';' before '}' token
 }
 ^
make: *** [src/subdir.mk:23: src/total_v2.o] Error 1
14:54:09 **** Auto Build of configuration Debug for project total_v2 ****
make pre-build main-build 
a9-linaro-pre-build-step
' '
'Building file: ../src/total_v2.c'
'Invoking: ARM v7 gcc compiler'
arm-none-eabi-gcc -Wall -O0 -g3 -c -fmessage-length=0 -MT"src/total_v2.o" -mcpu=cortex-a9 -mfpu=vfpv3 -mfloat-abi=hard -I../../total_v2_bsp/ps7_cortexa9_0/include -MMD -MP -MF"src/total_v2.d" -MT"src/total_v2.o" -o "src/total_v2.o" "../src/total_v2.c"
'Finished building: ../src/total_v2.c'
' '
'Building target: total_v2.elf'
'Invoking: ARM v7 gcc linker'
arm-none-eabi-gcc -mcpu=cortex-a9 -mfpu=vfpv3 -mfloat-abi=hard -Wl,-build-id=none -specs=Xilinx.spec -Wl,-T -Wl,../src/lscript.ld -L../../total_v2_bsp/ps7_cortexa9_0/lib -o "total_v2.elf"  ./src/total_v2.o   -Wl,--start-group,-lxil,-lgcc,-lc,--end-group
'Finished building target: total_v2.elf'
' '
'Invoking: ARM v7 Print Size'
arm-none-eabi-size total_v2.elf  |tee "total_v2.elf.size"
   text	   data	    bss	    dec	    hex	filename
  25596	   1144	  22568	  49308	   c09c	total_v2.elf
'Finished building: total_v2.elf.size'
' '
22:32:59 **** Build of project total_v3_bsp ****
make -k all 
"Running Make include in ps7_cortexa9_0/libsrc/coresightps_dcc_v1_4/src"
make -C ps7_cortexa9_0/libsrc/coresightps_dcc_v1_4/src -s include  "SHELL=CMD" "COMPILER=arm-none-eabi-gcc" "ARCHIVER=arm-none-eabi-ar" "COMPILER_FLAGS=  -O2 -c" "EXTRA_COMPILER_FLAGS=-mcpu=cortex-a9 -mfpu=vfpv3 -mfloat-abi=hard -nostartfiles -g -Wall -Wextra"
"Running Make include in ps7_cortexa9_0/libsrc/cpu_cortexa9_v2_7/src"
make -C ps7_cortexa9_0/libsrc/cpu_cortexa9_v2_7/src -s include  "SHELL=CMD" "COMPILER=arm-none-eabi-gcc" "ARCHIVER=arm-none-eabi-ar" "COMPILER_FLAGS=  -O2 -c" "EXTRA_COMPILER_FLAGS=-mcpu=cortex-a9 -mfpu=vfpv3 -mfloat-abi=hard -nostartfiles -g -Wall -Wextra"
"Running Make include in ps7_cortexa9_0/libsrc/ddrps_v1_0/src"
make -C ps7_cortexa9_0/libsrc/ddrps_v1_0/src -s include  "SHELL=CMD" "COMPILER=arm-none-eabi-gcc" "ARCHIVER=arm-none-eabi-ar" "COMPILER_FLAGS=  -O2 -c" "EXTRA_COMPILER_FLAGS=-mcpu=cortex-a9 -mfpu=vfpv3 -mfloat-abi=hard -nostartfiles -g -Wall -Wextra"
"Running Make include in ps7_cortexa9_0/libsrc/devcfg_v3_5/src"
make -C ps7_cortexa9_0/libsrc/devcfg_v3_5/src -s include  "SHELL=CMD" "COMPILER=arm-none-eabi-gcc" "ARCHIVER=arm-none-eabi-ar" "COMPILER_FLAGS=  -O2 -c" "EXTRA_COMPILER_FLAGS=-mcpu=cortex-a9 -mfpu=vfpv3 -mfloat-abi=hard -nostartfiles -g -Wall -Wextra"
"Running Make include in ps7_cortexa9_0/libsrc/dmaps_v2_4/src"
make -C ps7_cortexa9_0/libsrc/dmaps_v2_4/src -s include  "SHELL=CMD" "COMPILER=arm-none-eabi-gcc" "ARCHIVER=arm-none-eabi-ar" "COMPILER_FLAGS=  -O2 -c" "EXTRA_COMPILER_FLAGS=-mcpu=cortex-a9 -mfpu=vfpv3 -mfloat-abi=hard -nostartfiles -g -Wall -Wextra"
"Running Make include in ps7_cortexa9_0/libsrc/emacps_v3_8/src"
make -C ps7_cortexa9_0/libsrc/emacps_v3_8/src -s include  "SHELL=CMD" "COMPILER=arm-none-eabi-gcc" "ARCHIVER=arm-none-eabi-ar" "COMPILER_FLAGS=  -O2 -c" "EXTRA_COMPILER_FLAGS=-mcpu=cortex-a9 -mfpu=vfpv3 -mfloat-abi=hard -nostartfiles -g -Wall -Wextra"
"Running Make include in ps7_cortexa9_0/libsrc/gpiops_v3_4/src"
make -C ps7_cortexa9_0/libsrc/gpiops_v3_4/src -s include  "SHELL=CMD" "COMPILER=arm-none-eabi-gcc" "ARCHIVER=arm-none-eabi-ar" "COMPILER_FLAGS=  -O2 -c" "EXTRA_COMPILER_FLAGS=-mcpu=cortex-a9 -mfpu=vfpv3 -mfloat-abi=hard -nostartfiles -g -Wall -Wextra"
"Running Make include in ps7_cortexa9_0/libsrc/qspips_v3_5/src"
make -C ps7_cortexa9_0/libsrc/qspips_v3_5/src -s include  "SHELL=CMD" "COMPILER=arm-none-eabi-gcc" "ARCHIVER=arm-none-eabi-ar" "COMPILER_FLAGS=  -O2 -c" "EXTRA_COMPILER_FLAGS=-mcpu=cortex-a9 -mfpu=vfpv3 -mfloat-abi=hard -nostartfiles -g -Wall -Wextra"
"Running Make include in ps7_cortexa9_0/libsrc/scugic_v3_10/src"
make -C ps7_cortexa9_0/libsrc/scugic_v3_10/src -s include  "SHELL=CMD" "COMPILER=arm-none-eabi-gcc" "ARCHIVER=arm-none-eabi-ar" "COMPILER_FLAGS=  -O2 -c" "EXTRA_COMPILER_FLAGS=-mcpu=cortex-a9 -mfpu=vfpv3 -mfloat-abi=hard -nostartfiles -g -Wall -Wextra"
"Running Make include in ps7_cortexa9_0/libsrc/scutimer_v2_1/src"
make -C ps7_cortexa9_0/libsrc/scutimer_v2_1/src -s include  "SHELL=CMD" "COMPILER=arm-none-eabi-gcc" "ARCHIVER=arm-none-eabi-ar" "COMPILER_FLAGS=  -O2 -c" "EXTRA_COMPILER_FLAGS=-mcpu=cortex-a9 -mfpu=vfpv3 -mfloat-abi=hard -nostartfiles -g -Wall -Wextra"
"Running Make include in ps7_cortexa9_0/libsrc/scuwdt_v2_1/src"
make -C ps7_cortexa9_0/libsrc/scuwdt_v2_1/src -s include  "SHELL=CMD" "COMPILER=arm-none-eabi-gcc" "ARCHIVER=arm-none-eabi-ar" "COMPILER_FLAGS=  -O2 -c" "EXTRA_COMPILER_FLAGS=-mcpu=cortex-a9 -mfpu=vfpv3 -mfloat-abi=hard -nostartfiles -g -Wall -Wextra"
"Running Make include in ps7_cortexa9_0/libsrc/sdps_v3_6/src"
make -C ps7_cortexa9_0/libsrc/sdps_v3_6/src -s include  "SHELL=CMD" "COMPILER=arm-none-eabi-gcc" "ARCHIVER=arm-none-eabi-ar" "COMPILER_FLAGS=  -O2 -c" "EXTRA_COMPILER_FLAGS=-mcpu=cortex-a9 -mfpu=vfpv3 -mfloat-abi=hard -nostartfiles -g -Wall -Wextra"
"Running Make include in ps7_cortexa9_0/libsrc/standalone_v6_8/src"
make -C ps7_cortexa9_0/libsrc/standalone_v6_8/src -s include  "SHELL=CMD" "COMPILER=arm-none-eabi-gcc" "ARCHIVER=arm-none-eabi-ar" "COMPILER_FLAGS=  -O2 -c" "EXTRA_COMPILER_FLAGS=-mcpu=cortex-a9 -mfpu=vfpv3 -mfloat-abi=hard -nostartfiles -g -Wall -Wextra"
"Running Make include in ps7_cortexa9_0/libsrc/total_v1_0/src"
make -C ps7_cortexa9_0/libsrc/total_v1_0/src -s include  "SHELL=CMD" "COMPILER=arm-none-eabi-gcc" "ARCHIVER=arm-none-eabi-ar" "COMPILER_FLAGS=  -O2 -c" "EXTRA_COMPILER_FLAGS=-mcpu=cortex-a9 -mfpu=vfpv3 -mfloat-abi=hard -nostartfiles -g -Wall -Wextra"
"Running Make include in ps7_cortexa9_0/libsrc/uartps_v3_7/src"
make -C ps7_cortexa9_0/libsrc/uartps_v3_7/src -s include  "SHELL=CMD" "COMPILER=arm-none-eabi-gcc" "ARCHIVER=arm-none-eabi-ar" "COMPILER_FLAGS=  -O2 -c" "EXTRA_COMPILER_FLAGS=-mcpu=cortex-a9 -mfpu=vfpv3 -mfloat-abi=hard -nostartfiles -g -Wall -Wextra"
"Running Make include in ps7_cortexa9_0/libsrc/usbps_v2_4/src"
make -C ps7_cortexa9_0/libsrc/usbps_v2_4/src -s include  "SHELL=CMD" "COMPILER=arm-none-eabi-gcc" "ARCHIVER=arm-none-eabi-ar" "COMPILER_FLAGS=  -O2 -c" "EXTRA_COMPILER_FLAGS=-mcpu=cortex-a9 -mfpu=vfpv3 -mfloat-abi=hard -nostartfiles -g -Wall -Wextra"
"Running Make include in ps7_cortexa9_0/libsrc/xadcps_v2_3/src"
make -C ps7_cortexa9_0/libsrc/xadcps_v2_3/src -s include  "SHELL=CMD" "COMPILER=arm-none-eabi-gcc" "ARCHIVER=arm-none-eabi-ar" "COMPILER_FLAGS=  -O2 -c" "EXTRA_COMPILER_FLAGS=-mcpu=cortex-a9 -mfpu=vfpv3 -mfloat-abi=hard -nostartfiles -g -Wall -Wextra"
"Running Make libs in ps7_cortexa9_0/libsrc/coresightps_dcc_v1_4/src"
make -C ps7_cortexa9_0/libsrc/coresightps_dcc_v1_4/src -s libs  "SHELL=CMD" "COMPILER=arm-none-eabi-gcc" "ARCHIVER=arm-none-eabi-ar" "COMPILER_FLAGS=  -O2 -c" "EXTRA_COMPILER_FLAGS=-mcpu=cortex-a9 -mfpu=vfpv3 -mfloat-abi=hard -nostartfiles -g -Wall -Wextra"
"Compiling coresightps_dcc"
arm-none-eabi-ar: creating ../../../lib/libxil.a
"Running Make libs in ps7_cortexa9_0/libsrc/cpu_cortexa9_v2_7/src"
make -C ps7_cortexa9_0/libsrc/cpu_cortexa9_v2_7/src -s libs  "SHELL=CMD" "COMPILER=arm-none-eabi-gcc" "ARCHIVER=arm-none-eabi-ar" "COMPILER_FLAGS=  -O2 -c" "EXTRA_COMPILER_FLAGS=-mcpu=cortex-a9 -mfpu=vfpv3 -mfloat-abi=hard -nostartfiles -g -Wall -Wextra"
"Compiling cpu_cortexa9"
"Running Make libs in ps7_cortexa9_0/libsrc/ddrps_v1_0/src"
make -C ps7_cortexa9_0/libsrc/ddrps_v1_0/src -s libs  "SHELL=CMD" "COMPILER=arm-none-eabi-gcc" "ARCHIVER=arm-none-eabi-ar" "COMPILER_FLAGS=  -O2 -c" "EXTRA_COMPILER_FLAGS=-mcpu=cortex-a9 -mfpu=vfpv3 -mfloat-abi=hard -nostartfiles -g -Wall -Wextra"
"Compiling ddrps"
"Running Make libs in ps7_cortexa9_0/libsrc/devcfg_v3_5/src"
make -C ps7_cortexa9_0/libsrc/devcfg_v3_5/src -s libs  "SHELL=CMD" "COMPILER=arm-none-eabi-gcc" "ARCHIVER=arm-none-eabi-ar" "COMPILER_FLAGS=  -O2 -c" "EXTRA_COMPILER_FLAGS=-mcpu=cortex-a9 -mfpu=vfpv3 -mfloat-abi=hard -nostartfiles -g -Wall -Wextra"
"Compiling devcfg"
"Running Make libs in ps7_cortexa9_0/libsrc/dmaps_v2_4/src"
make -C ps7_cortexa9_0/libsrc/dmaps_v2_4/src -s libs  "SHELL=CMD" "COMPILER=arm-none-eabi-gcc" "ARCHIVER=arm-none-eabi-ar" "COMPILER_FLAGS=  -O2 -c" "EXTRA_COMPILER_FLAGS=-mcpu=cortex-a9 -mfpu=vfpv3 -mfloat-abi=hard -nostartfiles -g -Wall -Wextra"
"Compiling dmaps"
"Running Make libs in ps7_cortexa9_0/libsrc/emacps_v3_8/src"
make -C ps7_cortexa9_0/libsrc/emacps_v3_8/src -s libs  "SHELL=CMD" "COMPILER=arm-none-eabi-gcc" "ARCHIVER=arm-none-eabi-ar" "COMPILER_FLAGS=  -O2 -c" "EXTRA_COMPILER_FLAGS=-mcpu=cortex-a9 -mfpu=vfpv3 -mfloat-abi=hard -nostartfiles -g -Wall -Wextra"
"Compiling emacps"
"Running Make libs in ps7_cortexa9_0/libsrc/gpiops_v3_4/src"
make -C ps7_cortexa9_0/libsrc/gpiops_v3_4/src -s libs  "SHELL=CMD" "COMPILER=arm-none-eabi-gcc" "ARCHIVER=arm-none-eabi-ar" "COMPILER_FLAGS=  -O2 -c" "EXTRA_COMPILER_FLAGS=-mcpu=cortex-a9 -mfpu=vfpv3 -mfloat-abi=hard -nostartfiles -g -Wall -Wextra"
"Compiling gpiops"
"Running Make libs in ps7_cortexa9_0/libsrc/qspips_v3_5/src"
make -C ps7_cortexa9_0/libsrc/qspips_v3_5/src -s libs  "SHELL=CMD" "COMPILER=arm-none-eabi-gcc" "ARCHIVER=arm-none-eabi-ar" "COMPILER_FLAGS=  -O2 -c" "EXTRA_COMPILER_FLAGS=-mcpu=cortex-a9 -mfpu=vfpv3 -mfloat-abi=hard -nostartfiles -g -Wall -Wextra"
"Compiling qspips"
"Running Make libs in ps7_cortexa9_0/libsrc/scugic_v3_10/src"
make -C ps7_cortexa9_0/libsrc/scugic_v3_10/src -s libs  "SHELL=CMD" "COMPILER=arm-none-eabi-gcc" "ARCHIVER=arm-none-eabi-ar" "COMPILER_FLAGS=  -O2 -c" "EXTRA_COMPILER_FLAGS=-mcpu=cortex-a9 -mfpu=vfpv3 -mfloat-abi=hard -nostartfiles -g -Wall -Wextra"
"Compiling scugic"
"Running Make libs in ps7_cortexa9_0/libsrc/scutimer_v2_1/src"
make -C ps7_cortexa9_0/libsrc/scutimer_v2_1/src -s libs  "SHELL=CMD" "COMPILER=arm-none-eabi-gcc" "ARCHIVER=arm-none-eabi-ar" "COMPILER_FLAGS=  -O2 -c" "EXTRA_COMPILER_FLAGS=-mcpu=cortex-a9 -mfpu=vfpv3 -mfloat-abi=hard -nostartfiles -g -Wall -Wextra"
"Compiling scutimer"
"Running Make libs in ps7_cortexa9_0/libsrc/scuwdt_v2_1/src"
make -C ps7_cortexa9_0/libsrc/scuwdt_v2_1/src -s libs  "SHELL=CMD" "COMPILER=arm-none-eabi-gcc" "ARCHIVER=arm-none-eabi-ar" "COMPILER_FLAGS=  -O2 -c" "EXTRA_COMPILER_FLAGS=-mcpu=cortex-a9 -mfpu=vfpv3 -mfloat-abi=hard -nostartfiles -g -Wall -Wextra"
"Compiling scuwdt"
"Running Make libs in ps7_cortexa9_0/libsrc/sdps_v3_6/src"
make -C ps7_cortexa9_0/libsrc/sdps_v3_6/src -s libs  "SHELL=CMD" "COMPILER=arm-none-eabi-gcc" "ARCHIVER=arm-none-eabi-ar" "COMPILER_FLAGS=  -O2 -c" "EXTRA_COMPILER_FLAGS=-mcpu=cortex-a9 -mfpu=vfpv3 -mfloat-abi=hard -nostartfiles -g -Wall -Wextra"
"Compiling sdps"
"Running Make libs in ps7_cortexa9_0/libsrc/standalone_v6_8/src"
make -C ps7_cortexa9_0/libsrc/standalone_v6_8/src -s libs  "SHELL=CMD" "COMPILER=arm-none-eabi-gcc" "ARCHIVER=arm-none-eabi-ar" "COMPILER_FLAGS=  -O2 -c" "EXTRA_COMPILER_FLAGS=-mcpu=cortex-a9 -mfpu=vfpv3 -mfloat-abi=hard -nostartfiles -g -Wall -Wextra"
"Compiling standalone"
In file included from usleep.c:56:0:
xtime_l.h:87:9: note: #pragma message: For the sleep routines, Global timer is being used
 #pragma message ("For the sleep routines, Global timer is being used")
         ^~~~~~~
In file included from xil_sleeptimer.c:51:0:
xtime_l.h:87:9: note: #pragma message: For the sleep routines, Global timer is being used
 #pragma message ("For the sleep routines, Global timer is being used")
         ^~~~~~~
In file included from xtime_l.c:49:0:
xtime_l.h:87:9: note: #pragma message: For the sleep routines, Global timer is being used
 #pragma message ("For the sleep routines, Global timer is being used")
         ^~~~~~~
In file included from sleep.c:53:0:
xtime_l.h:87:9: note: #pragma message: For the sleep routines, Global timer is being used
 #pragma message ("For the sleep routines, Global timer is being used")
         ^~~~~~~
"Running Make libs in ps7_cortexa9_0/libsrc/total_v1_0/src"
make -C ps7_cortexa9_0/libsrc/total_v1_0/src -s libs  "SHELL=CMD" "COMPILER=arm-none-eabi-gcc" "ARCHIVER=arm-none-eabi-ar" "COMPILER_FLAGS=  -O2 -c" "EXTRA_COMPILER_FLAGS=-mcpu=cortex-a9 -mfpu=vfpv3 -mfloat-abi=hard -nostartfiles -g -Wall -Wextra"
"Compiling total..."
total_selftest.c: In function 'TOTAL_Reg_SelfTest':
total_selftest.c:52:54: warning: comparison between signed and unsigned integer expressions [-Wsign-compare]
    if ( TOTAL_mReadReg (baseaddr, read_loop_index*4) != (read_loop_index+1)*READ_WRITE_MUL_FACTOR){
                                                      ^~
total_selftest.c:36:6: warning: unused variable 'Index' [-Wunused-variable]
  int Index;
      ^~~~~
"Running Make libs in ps7_cortexa9_0/libsrc/uartps_v3_7/src"
make -C ps7_cortexa9_0/libsrc/uartps_v3_7/src -s libs  "SHELL=CMD" "COMPILER=arm-none-eabi-gcc" "ARCHIVER=arm-none-eabi-ar" "COMPILER_FLAGS=  -O2 -c" "EXTRA_COMPILER_FLAGS=-mcpu=cortex-a9 -mfpu=vfpv3 -mfloat-abi=hard -nostartfiles -g -Wall -Wextra"
"Compiling uartps"
"Running Make libs in ps7_cortexa9_0/libsrc/usbps_v2_4/src"
make -C ps7_cortexa9_0/libsrc/usbps_v2_4/src -s libs  "SHELL=CMD" "COMPILER=arm-none-eabi-gcc" "ARCHIVER=arm-none-eabi-ar" "COMPILER_FLAGS=  -O2 -c" "EXTRA_COMPILER_FLAGS=-mcpu=cortex-a9 -mfpu=vfpv3 -mfloat-abi=hard -nostartfiles -g -Wall -Wextra"
"Compiling usbps"
"Running Make libs in ps7_cortexa9_0/libsrc/xadcps_v2_3/src"
make -C ps7_cortexa9_0/libsrc/xadcps_v2_3/src -s libs  "SHELL=CMD" "COMPILER=arm-none-eabi-gcc" "ARCHIVER=arm-none-eabi-ar" "COMPILER_FLAGS=  -O2 -c" "EXTRA_COMPILER_FLAGS=-mcpu=cortex-a9 -mfpu=vfpv3 -mfloat-abi=hard -nostartfiles -g -Wall -Wextra"
"Compiling xadcps"
'Finished building libraries'

**** Build of configuration Debug for project total_v3 ****

Nothing to build for project total_v3
22:34:30 **** Auto Build of configuration Debug for project total_v3 ****
make pre-build main-build 
a9-linaro-pre-build-step
' '
'Building file: ../src/total_v3.c'
'Invoking: ARM v7 gcc compiler'
arm-none-eabi-gcc -Wall -O0 -g3 -c -fmessage-length=0 -MT"src/total_v3.o" -mcpu=cortex-a9 -mfpu=vfpv3 -mfloat-abi=hard -I../../total_v3_bsp/ps7_cortexa9_0/include -MMD -MP -MF"src/total_v3.d" -MT"src/total_v3.o" -o "src/total_v3.o" "../src/total_v3.c"
'Finished building: ../src/total_v3.c'
' '
'Building target: total_v3.elf'
'Invoking: ARM v7 gcc linker'
arm-none-eabi-gcc -mcpu=cortex-a9 -mfpu=vfpv3 -mfloat-abi=hard -Wl,-build-id=none -specs=Xilinx.spec -Wl,-T -Wl,../src/lscript.ld -L../../total_v3_bsp/ps7_cortexa9_0/lib -o "total_v3.elf"  ./src/total_v3.o   -Wl,--start-group,-lxil,-lgcc,-lc,--end-group
../../total_v3_bsp/ps7_cortexa9_0/lib\libxil.a(xil-crt0.o): In function `_start':
D:\Vivado\lab5_total\lab5_total.sdk\total_v3_bsp\ps7_cortexa9_0\libsrc\standalone_v6_8\src/xil-crt0.S:138: undefined reference to `main'
collect2.exe: error: ld returned 1 exit status
make: *** [makefile:41: total_v3.elf] Error 1
22:34:44 **** Auto Build of configuration Debug for project total_v3 ****
make pre-build main-build 
a9-linaro-pre-build-step
' '
'Building file: ../src/total_v3.c'
'Invoking: ARM v7 gcc compiler'
arm-none-eabi-gcc -Wall -O0 -g3 -c -fmessage-length=0 -MT"src/total_v3.o" -mcpu=cortex-a9 -mfpu=vfpv3 -mfloat-abi=hard -I../../total_v3_bsp/ps7_cortexa9_0/include -MMD -MP -MF"src/total_v3.d" -MT"src/total_v3.o" -o "src/total_v3.o" "../src/total_v3.c"
'Finished building: ../src/total_v3.c'
' '
'Building target: total_v3.elf'
'Invoking: ARM v7 gcc linker'
arm-none-eabi-gcc -mcpu=cortex-a9 -mfpu=vfpv3 -mfloat-abi=hard -Wl,-build-id=none -specs=Xilinx.spec -Wl,-T -Wl,../src/lscript.ld -L../../total_v3_bsp/ps7_cortexa9_0/lib -o "total_v3.elf"  ./src/total_v3.o   -Wl,--start-group,-lxil,-lgcc,-lc,--end-group
'Finished building target: total_v3.elf'
' '
'Invoking: ARM v7 Print Size'
arm-none-eabi-size total_v3.elf  |tee "total_v3.elf.size"
   text	   data	    bss	    dec	    hex	filename
  25596	   1144	  22568	  49308	   c09c	total_v3.elf
'Finished building: total_v3.elf.size'
' '
22:35:46 **** Auto Build of configuration Debug for project total_v3 ****
make pre-build main-build 
a9-linaro-pre-build-step
' '
'Building file: ../src/total_v3.c'
'Invoking: ARM v7 gcc compiler'
arm-none-eabi-gcc -Wall -O0 -g3 -c -fmessage-length=0 -MT"src/total_v3.o" -mcpu=cortex-a9 -mfpu=vfpv3 -mfloat-abi=hard -I../../total_v3_bsp/ps7_cortexa9_0/include -MMD -MP -MF"src/total_v3.d" -MT"src/total_v3.o" -o "src/total_v3.o" "../src/total_v3.c"
'Finished building: ../src/total_v3.c'
' '
'Building target: total_v3.elf'
'Invoking: ARM v7 gcc linker'
arm-none-eabi-gcc -mcpu=cortex-a9 -mfpu=vfpv3 -mfloat-abi=hard -Wl,-build-id=none -specs=Xilinx.spec -Wl,-T -Wl,../src/lscript.ld -L../../total_v3_bsp/ps7_cortexa9_0/lib -o "total_v3.elf"  ./src/total_v3.o   -Wl,--start-group,-lxil,-lgcc,-lc,--end-group
'Finished building target: total_v3.elf'
' '
'Invoking: ARM v7 Print Size'
arm-none-eabi-size total_v3.elf  |tee "total_v3.elf.size"
   text	   data	    bss	    dec	    hex	filename
  24612	   1144	  22568	  48324	   bcc4	total_v3.elf
'Finished building: total_v3.elf.size'
' '
22:36:11 **** Incremental Build of configuration Debug for project total_v2 ****
make pre-build main-build 
a9-linaro-pre-build-step
' '
'Building file: ../src/total_v2.c'
'Invoking: ARM v7 gcc compiler'
arm-none-eabi-gcc -Wall -O0 -g3 -c -fmessage-length=0 -MT"src/total_v2.o" -mcpu=cortex-a9 -mfpu=vfpv3 -mfloat-abi=hard -I../../total_v2_bsp/ps7_cortexa9_0/include -MMD -MP -MF"src/total_v2.d" -MT"src/total_v2.o" -o "src/total_v2.o" "../src/total_v2.c"
../src/total_v2.c:10:10: fatal error: xil_printf.h: No such file or directory
 #include "xil_printf.h"
          ^~~~~~~~~~~~~~
[...]
make -C ps7_cortexa9_0/libsrc/usbps_v2_4/src -s libs  "SHELL=CMD" "COMPILER=arm-none-eabi-gcc" "ARCHIVER=arm-none-eabi-ar" "COMPILER_FLAGS=  -O2 -c" "EXTRA_COMPILER_FLAGS=-mcpu=cortex-a9 -mfpu=vfpv3 -mfloat-abi=hard -nostartfiles -g -Wall -Wextra"
"Compiling usbps"
"Running Make libs in ps7_cortexa9_0/libsrc/xadcps_v2_3/src"
make -C ps7_cortexa9_0/libsrc/xadcps_v2_3/src -s libs  "SHELL=CMD" "COMPILER=arm-none-eabi-gcc" "ARCHIVER=arm-none-eabi-ar" "COMPILER_FLAGS=  -O2 -c" "EXTRA_COMPILER_FLAGS=-mcpu=cortex-a9 -mfpu=vfpv3 -mfloat-abi=hard -nostartfiles -g -Wall -Wextra"
"Compiling xadcps"
'Finished building libraries'
23:02:59 **** Build of configuration Debug for project total_v4 ****
make pre-build main-build 
a9-linaro-pre-build-step
' '
'Building file: ../src/total_v4.c'
'Invoking: ARM v7 gcc compiler'
arm-none-eabi-gcc -Wall -O0 -g3 -c -fmessage-length=0 -MT"src/total_v4.o" -mcpu=cortex-a9 -mfpu=vfpv3 -mfloat-abi=hard -I../../total_v4_bsp/ps7_cortexa9_0/include -MMD -MP -MF"src/total_v4.d" -MT"src/total_v4.o" -o "src/total_v4.o" "../src/total_v4.c"
'Finished building: ../src/total_v4.c'
' '
'Building target: total_v4.elf'
'Invoking: ARM v7 gcc linker'
arm-none-eabi-gcc -mcpu=cortex-a9 -mfpu=vfpv3 -mfloat-abi=hard -Wl,-build-id=none -specs=Xilinx.spec -Wl,-T -Wl,../src/lscript.ld -L../../total_v4_bsp/ps7_cortexa9_0/lib -o "total_v4.elf"  ./src/total_v4.o   -Wl,--start-group,-lxil,-lgcc,-lc,--end-group
../../total_v4_bsp/ps7_cortexa9_0/lib\libxil.a(xil-crt0.o): In function `_start':
D:\Vivado\lab5_total\lab5_total.sdk\total_v4_bsp\ps7_cortexa9_0\libsrc\standalone_v6_8\src/xil-crt0.S:138: undefined reference to `main'
collect2.exe: error: ld returned 1 exit status
make: *** [makefile:41: total_v4.elf] Error 1
23:07:11 **** Auto Build of configuration Debug for project total_v4 ****
make pre-build main-build 
a9-linaro-pre-build-step
' '
'Building file: ../src/total_v4.c'
'Invoking: ARM v7 gcc compiler'
arm-none-eabi-gcc -Wall -O0 -g3 -c -fmessage-length=0 -MT"src/total_v4.o" -mcpu=cortex-a9 -mfpu=vfpv3 -mfloat-abi=hard -I../../total_v4_bsp/ps7_cortexa9_0/include -MMD -MP -MF"src/total_v4.d" -MT"src/total_v4.o" -o "src/total_v4.o" "../src/total_v4.c"
../src/total_v4.c: In function 'main':
../src/total_v4.c:26:6: warning: unused variable 'status' [-Wunused-variable]
  u32 status;
      ^~~~~~
'Finished building: ../src/total_v4.c'
' '
'Building target: total_v4.elf'
'Invoking: ARM v7 gcc linker'
arm-none-eabi-gcc -mcpu=cortex-a9 -mfpu=vfpv3 -mfloat-abi=hard -Wl,-build-id=none -specs=Xilinx.spec -Wl,-T -Wl,../src/lscript.ld -L../../total_v4_bsp/ps7_cortexa9_0/lib -o "total_v4.elf"  ./src/total_v4.o   -Wl,--start-group,-lxil,-lgcc,-lc,--end-group
'Finished building target: total_v4.elf'
' '
'Invoking: ARM v7 Print Size'
arm-none-eabi-size total_v4.elf  |tee "total_v4.elf.size"
   text	   data	    bss	    dec	    hex	filename
  25036	   1144	  22568	  48748	   be6c	total_v4.elf
'Finished building: total_v4.elf.size'
' '
12:13:08 **** Build of project total_v4_bsp ****
make -k all 
"Running Make include in ps7_cortexa9_0/libsrc/coresightps_dcc_v1_4/src"
make -C ps7_cortexa9_0/libsrc/coresightps_dcc_v1_4/src -s include  "SHELL=CMD" "COMPILER=arm-none-eabi-gcc" "ARCHIVER=arm-none-eabi-ar" "COMPILER_FLAGS=  -O2 -c" "EXTRA_COMPILER_FLAGS=-mcpu=cortex-a9 -mfpu=vfpv3 -mfloat-abi=hard -nostartfiles -g -Wall -Wextra"
"Running Make include in ps7_cortexa9_0/libsrc/cpu_cortexa9_v2_7/src"
make -C ps7_cortexa9_0/libsrc/cpu_cortexa9_v2_7/src -s include  "SHELL=CMD" "COMPILER=arm-none-eabi-gcc" "ARCHIVER=arm-none-eabi-ar" "COMPILER_FLAGS=  -O2 -c" "EXTRA_COMPILER_FLAGS=-mcpu=cortex-a9 -mfpu=vfpv3 -mfloat-abi=hard -nostartfiles -g -Wall -Wextra"
"Running Make include in ps7_cortexa9_0/libsrc/ddrps_v1_0/src"
make -C ps7_cortexa9_0/libsrc/ddrps_v1_0/src -s include  "SHELL=CMD" "COMPILER=arm-none-eabi-gcc" "ARCHIVER=arm-none-eabi-ar" "COMPILER_FLAGS=  -O2 -c" "EXTRA_COMPILER_FLAGS=-mcpu=cortex-a9 -mfpu=vfpv3 -mfloat-abi=hard -nostartfiles -g -Wall -Wextra"
"Running Make include in ps7_cortexa9_0/libsrc/devcfg_v3_5/src"
make -C ps7_cortexa9_0/libsrc/devcfg_v3_5/src -s include  "SHELL=CMD" "COMPILER=arm-none-eabi-gcc" "ARCHIVER=arm-none-eabi-ar" "COMPILER_FLAGS=  -O2 -c" "EXTRA_COMPILER_FLAGS=-mcpu=cortex-a9 -mfpu=vfpv3 -mfloat-abi=hard -nostartfiles -g -Wall -Wextra"
"Running Make include in ps7_cortexa9_0/libsrc/dmaps_v2_4/src"
make -C ps7_cortexa9_0/libsrc/dmaps_v2_4/src -s include  "SHELL=CMD" "COMPILER=arm-none-eabi-gcc" "ARCHIVER=arm-none-eabi-ar" "COMPILER_FLAGS=  -O2 -c" "EXTRA_COMPILER_FLAGS=-mcpu=cortex-a9 -mfpu=vfpv3 -mfloat-abi=hard -nostartfiles -g -Wall -Wextra"
"Running Make include in ps7_cortexa9_0/libsrc/emacps_v3_8/src"
make -C ps7_cortexa9_0/libsrc/emacps_v3_8/src -s include  "SHELL=CMD" "COMPILER=arm-none-eabi-gcc" "ARCHIVER=arm-none-eabi-ar" "COMPILER_FLAGS=  -O2 -c" "EXTRA_COMPILER_FLAGS=-mcpu=cortex-a9 -mfpu=vfpv3 -mfloat-abi=hard -nostartfiles -g -Wall -Wextra"
"Running Make include in ps7_cortexa9_0/libsrc/gpiops_v3_4/src"
make -C ps7_cortexa9_0/libsrc/gpiops_v3_4/src -s include  "SHELL=CMD" "COMPILER=arm-none-eabi-gcc" "ARCHIVER=arm-none-eabi-ar" "COMPILER_FLAGS=  -O2 -c" "EXTRA_COMPILER_FLAGS=-mcpu=cortex-a9 -mfpu=vfpv3 -mfloat-abi=hard -nostartfiles -g -Wall -Wextra"
"Running Make include in ps7_cortexa9_0/libsrc/qspips_v3_5/src"
make -C ps7_cortexa9_0/libsrc/qspips_v3_5/src -s include  "SHELL=CMD" "COMPILER=arm-none-eabi-gcc" "ARCHIVER=arm-none-eabi-ar" "COMPILER_FLAGS=  -O2 -c" "EXTRA_COMPILER_FLAGS=-mcpu=cortex-a9 -mfpu=vfpv3 -mfloat-abi=hard -nostartfiles -g -Wall -Wextra"
"Running Make include in ps7_cortexa9_0/libsrc/scugic_v3_10/src"
make -C ps7_cortexa9_0/libsrc/scugic_v3_10/src -s include  "SHELL=CMD" "COMPILER=arm-none-eabi-gcc" "ARCHIVER=arm-none-eabi-ar" "COMPILER_FLAGS=  -O2 -c" "EXTRA_COMPILER_FLAGS=-mcpu=cortex-a9 -mfpu=vfpv3 -mfloat-abi=hard -nostartfiles -g -Wall -Wextra"
"Running Make include in ps7_cortexa9_0/libsrc/scutimer_v2_1/src"
make -C ps7_cortexa9_0/libsrc/scutimer_v2_1/src -s include  "SHELL=CMD" "COMPILER=arm-none-eabi-gcc" "ARCHIVER=arm-none-eabi-ar" "COMPILER_FLAGS=  -O2 -c" "EXTRA_COMPILER_FLAGS=-mcpu=cortex-a9 -mfpu=vfpv3 -mfloat-abi=hard -nostartfiles -g -Wall -Wextra"
"Running Make include in ps7_cortexa9_0/libsrc/scuwdt_v2_1/src"
make -C ps7_cortexa9_0/libsrc/scuwdt_v2_1/src -s include  "SHELL=CMD" "COMPILER=arm-none-eabi-gcc" "ARCHIVER=arm-none-eabi-ar" "COMPILER_FLAGS=  -O2 -c" "EXTRA_COMPILER_FLAGS=-mcpu=cortex-a9 -mfpu=vfpv3 -mfloat-abi=hard -nostartfiles -g -Wall -Wextra"
"Running Make include in ps7_cortexa9_0/libsrc/sdps_v3_6/src"
make -C ps7_cortexa9_0/libsrc/sdps_v3_6/src -s include  "SHELL=CMD" "COMPILER=arm-none-eabi-gcc" "ARCHIVER=arm-none-eabi-ar" "COMPILER_FLAGS=  -O2 -c" "EXTRA_COMPILER_FLAGS=-mcpu=cortex-a9 -mfpu=vfpv3 -mfloat-abi=hard -nostartfiles -g -Wall -Wextra"
"Running Make include in ps7_cortexa9_0/libsrc/standalone_v6_8/src"
make -C ps7_cortexa9_0/libsrc/standalone_v6_8/src -s include  "SHELL=CMD" "COMPILER=arm-none-eabi-gcc" "ARCHIVER=arm-none-eabi-ar" "COMPILER_FLAGS=  -O2 -c" "EXTRA_COMPILER_FLAGS=-mcpu=cortex-a9 -mfpu=vfpv3 -mfloat-abi=hard -nostartfiles -g -Wall -Wextra"
"Running Make include in ps7_cortexa9_0/libsrc/total_v1_0/src"
make -C ps7_cortexa9_0/libsrc/total_v1_0/src -s include  "SHELL=CMD" "COMPILER=arm-none-eabi-gcc" "ARCHIVER=arm-none-eabi-ar" "COMPILER_FLAGS=  -O2 -c" "EXTRA_COMPILER_FLAGS=-mcpu=cortex-a9 -mfpu=vfpv3 -mfloat-abi=hard -nostartfiles -g -Wall -Wextra"
"Running Make include in ps7_cortexa9_0/libsrc/uartps_v3_7/src"
make -C ps7_cortexa9_0/libsrc/uartps_v3_7/src -s include  "SHELL=CMD" "COMPILER=arm-none-eabi-gcc" "ARCHIVER=arm-none-eabi-ar" "COMPILER_FLAGS=  -O2 -c" "EXTRA_COMPILER_FLAGS=-mcpu=cortex-a9 -mfpu=vfpv3 -mfloat-abi=hard -nostartfiles -g -Wall -Wextra"
"Running Make include in ps7_cortexa9_0/libsrc/usbps_v2_4/src"
make -C ps7_cortexa9_0/libsrc/usbps_v2_4/src -s include  "SHELL=CMD" "COMPILER=arm-none-eabi-gcc" "ARCHIVER=arm-none-eabi-ar" "COMPILER_FLAGS=  -O2 -c" "EXTRA_COMPILER_FLAGS=-mcpu=cortex-a9 -mfpu=vfpv3 -mfloat-abi=hard -nostartfiles -g -Wall -Wextra"
"Running Make include in ps7_cortexa9_0/libsrc/xadcps_v2_3/src"
make -C ps7_cortexa9_0/libsrc/xadcps_v2_3/src -s include  "SHELL=CMD" "COMPILER=arm-none-eabi-gcc" "ARCHIVER=arm-none-eabi-ar" "COMPILER_FLAGS=  -O2 -c" "EXTRA_COMPILER_FLAGS=-mcpu=cortex-a9 -mfpu=vfpv3 -mfloat-abi=hard -nostartfiles -g -Wall -Wextra"
"Running Make libs in ps7_cortexa9_0/libsrc/coresightps_dcc_v1_4/src"
make -C ps7_cortexa9_0/libsrc/coresightps_dcc_v1_4/src -s libs  "SHELL=CMD" "COMPILER=arm-none-eabi-gcc" "ARCHIVER=arm-none-eabi-ar" "COMPILER_FLAGS=  -O2 -c" "EXTRA_COMPILER_FLAGS=-mcpu=cortex-a9 -mfpu=vfpv3 -mfloat-abi=hard -nostartfiles -g -Wall -Wextra"
"Compiling coresightps_dcc"
"Running Make libs in ps7_cortexa9_0/libsrc/cpu_cortexa9_v2_7/src"
make -C ps7_cortexa9_0/libsrc/cpu_cortexa9_v2_7/src -s libs  "SHELL=CMD" "COMPILER=arm-none-eabi-gcc" "ARCHIVER=arm-none-eabi-ar" "COMPILER_FLAGS=  -O2 -c" "EXTRA_COMPILER_FLAGS=-mcpu=cortex-a9 -mfpu=vfpv3 -mfloat-abi=hard -nostartfiles -g -Wall -Wextra"
"Compiling cpu_cortexa9"
"Running Make libs in ps7_cortexa9_0/libsrc/ddrps_v1_0/src"
make -C ps7_cortexa9_0/libsrc/ddrps_v1_0/src -s libs  "SHELL=CMD" "COMPILER=arm-none-eabi-gcc" "ARCHIVER=arm-none-eabi-ar" "COMPILER_FLAGS=  -O2 -c" "EXTRA_COMPILER_FLAGS=-mcpu=cortex-a9 -mfpu=vfpv3 -mfloat-abi=hard -nostartfiles -g -Wall -Wextra"
"Compiling ddrps"
"Running Make libs in ps7_cortexa9_0/libsrc/devcfg_v3_5/src"
make -C ps7_cortexa9_0/libsrc/devcfg_v3_5/src -s libs  "SHELL=CMD" "COMPILER=arm-none-eabi-gcc" "ARCHIVER=arm-none-eabi-ar" "COMPILER_FLAGS=  -O2 -c" "EXTRA_COMPILER_FLAGS=-mcpu=cortex-a9 -mfpu=vfpv3 -mfloat-abi=hard -nostartfiles -g -Wall -Wextra"
"Compiling devcfg"
"Running Make libs in ps7_cortexa9_0/libsrc/dmaps_v2_4/src"
make -C ps7_cortexa9_0/libsrc/dmaps_v2_4/src -s libs  "SHELL=CMD" "COMPILER=arm-none-eabi-gcc" "ARCHIVER=arm-none-eabi-ar" "COMPILER_FLAGS=  -O2 -c" "EXTRA_COMPILER_FLAGS=-mcpu=cortex-a9 -mfpu=vfpv3 -mfloat-abi=hard -nostartfiles -g -Wall -Wextra"
"Compiling dmaps"
"Running Make libs in ps7_cortexa9_0/libsrc/emacps_v3_8/src"
make -C ps7_cortexa9_0/libsrc/emacps_v3_8/src -s libs  "SHELL=CMD" "COMPILER=arm-none-eabi-gcc" "ARCHIVER=arm-none-eabi-ar" "COMPILER_FLAGS=  -O2 -c" "EXTRA_COMPILER_FLAGS=-mcpu=cortex-a9 -mfpu=vfpv3 -mfloat-abi=hard -nostartfiles -g -Wall -Wextra"
"Compiling emacps"
"Running Make libs in ps7_cortexa9_0/libsrc/gpiops_v3_4/src"
make -C ps7_cortexa9_0/libsrc/gpiops_v3_4/src -s libs  "SHELL=CMD" "COMPILER=arm-none-eabi-gcc" "ARCHIVER=arm-none-eabi-ar" "COMPILER_FLAGS=  -O2 -c" "EXTRA_COMPILER_FLAGS=-mcpu=cortex-a9 -mfpu=vfpv3 -mfloat-abi=hard -nostartfiles -g -Wall -Wextra"
"Compiling gpiops"
"Running Make libs in ps7_cortexa9_0/libsrc/qspips_v3_5/src"
make -C ps7_cortexa9_0/libsrc/qspips_v3_5/src -s libs  "SHELL=CMD" "COMPILER=arm-none-eabi-gcc" "ARCHIVER=arm-none-eabi-ar" "COMPILER_FLAGS=  -O2 -c" "EXTRA_COMPILER_FLAGS=-mcpu=cortex-a9 -mfpu=vfpv3 -mfloat-abi=hard -nostartfiles -g -Wall -Wextra"
"Compiling qspips"
"Running Make libs in ps7_cortexa9_0/libsrc/scugic_v3_10/src"
make -C ps7_cortexa9_0/libsrc/scugic_v3_10/src -s libs  "SHELL=CMD" "COMPILER=arm-none-eabi-gcc" "ARCHIVER=arm-none-eabi-ar" "COMPILER_FLAGS=  -O2 -c" "EXTRA_COMPILER_FLAGS=-mcpu=cortex-a9 -mfpu=vfpv3 -mfloat-abi=hard -nostartfiles -g -Wall -Wextra"
"Compiling scugic"
"Running Make libs in ps7_cortexa9_0/libsrc/scutimer_v2_1/src"
make -C ps7_cortexa9_0/libsrc/scutimer_v2_1/src -s libs  "SHELL=CMD" "COMPILER=arm-none-eabi-gcc" "ARCHIVER=arm-none-eabi-ar" "COMPILER_FLAGS=  -O2 -c" "EXTRA_COMPILER_FLAGS=-mcpu=cortex-a9 -mfpu=vfpv3 -mfloat-abi=hard -nostartfiles -g -Wall -Wextra"
"Compiling scutimer"
"Running Make libs in ps7_cortexa9_0/libsrc/scuwdt_v2_1/src"
make -C ps7_cortexa9_0/libsrc/scuwdt_v2_1/src -s libs  "SHELL=CMD" "COMPILER=arm-none-eabi-gcc" "ARCHIVER=arm-none-eabi-ar" "COMPILER_FLAGS=  -O2 -c" "EXTRA_COMPILER_FLAGS=-mcpu=cortex-a9 -mfpu=vfpv3 -mfloat-abi=hard -nostartfiles -g -Wall -Wextra"
"Compiling scuwdt"
"Running Make libs in ps7_cortexa9_0/libsrc/sdps_v3_6/src"
make -C ps7_cortexa9_0/libsrc/sdps_v3_6/src -s libs  "SHELL=CMD" "COMPILER=arm-none-eabi-gcc" "ARCHIVER=arm-none-eabi-ar" "COMPILER_FLAGS=  -O2 -c" "EXTRA_COMPILER_FLAGS=-mcpu=cortex-a9 -mfpu=vfpv3 -mfloat-abi=hard -nostartfiles -g -Wall -Wextra"
"Compiling sdps"
"Running Make libs in ps7_cortexa9_0/libsrc/standalone_v6_8/src"
make -C ps7_cortexa9_0/libsrc/standalone_v6_8/src -s libs  "SHELL=CMD" "COMPILER=arm-none-eabi-gcc" "ARCHIVER=arm-none-eabi-ar" "COMPILER_FLAGS=  -O2 -c" "EXTRA_COMPILER_FLAGS=-mcpu=cortex-a9 -mfpu=vfpv3 -mfloat-abi=hard -nostartfiles -g -Wall -Wextra"
"Compiling standalone"
In file included from usleep.c:56:0:
xtime_l.h:87:9: note: #pragma message: For the sleep routines, Global timer is being used
 #pragma message ("For the sleep routines, Global timer is being used")
         ^~~~~~~
In file included from sleep.c:53:0:
xtime_l.h:87:9: note: #pragma message: For the sleep routines, Global timer is being used
 #pragma message ("For the sleep routines, Global timer is being used")
         ^~~~~~~
In file included from xil_sleeptimer.c:51:0:
xtime_l.h:87:9: note: #pragma message: For the sleep routines, Global timer is being used
 #pragma message ("For the sleep routines, Global timer is being used")
         ^~~~~~~
In file included from xtime_l.c:49:0:
xtime_l.h:87:9: note: #pragma message: For the sleep routines, Global timer is being used
 #pragma message ("For the sleep routines, Global timer is being used")
         ^~~~~~~
"Running Make libs in ps7_cortexa9_0/libsrc/total_v1_0/src"
make -C ps7_cortexa9_0/libsrc/total_v1_0/src -s libs  "SHELL=CMD" "COMPILER=arm-none-eabi-gcc" "ARCHIVER=arm-none-eabi-ar" "COMPILER_FLAGS=  -O2 -c" "EXTRA_COMPILER_FLAGS=-mcpu=cortex-a9 -mfpu=vfpv3 -mfloat-abi=hard -nostartfiles -g -Wall -Wextra"
"Compiling total..."
total_selftest.c: In function 'TOTAL_Reg_SelfTest':
total_selftest.c:52:54: warning: comparison between signed and unsigned integer expressions [-Wsign-compare]
    if ( TOTAL_mReadReg (baseaddr, read_loop_index*4) != (read_loop_index+1)*READ_WRITE_MUL_FACTOR){
                                                      ^~
total_selftest.c:36:6: warning: unused variable 'Index' [-Wunused-variable]
  int Index;
      ^~~~~
"Running Make libs in ps7_cortexa9_0/libsrc/uartps_v3_7/src"
make -C ps7_cortexa9_0/libsrc/uartps_v3_7/src -s libs  "SHELL=CMD" "COMPILER=arm-none-eabi-gcc" "ARCHIVER=arm-none-eabi-ar" "COMPILER_FLAGS=  -O2 -c" "EXTRA_COMPILER_FLAGS=-mcpu=cortex-a9 -mfpu=vfpv3 -mfloat-abi=hard -nostartfiles -g -Wall -Wextra"
"Compiling uartps"
"Running Make libs in ps7_cortexa9_0/libsrc/usbps_v2_4/src"
make -C ps7_cortexa9_0/libsrc/usbps_v2_4/src -s libs  "SHELL=CMD" "COMPILER=arm-none-eabi-gcc" "ARCHIVER=arm-none-eabi-ar" "COMPILER_FLAGS=  -O2 -c" "EXTRA_COMPILER_FLAGS=-mcpu=cortex-a9 -mfpu=vfpv3 -mfloat-abi=hard -nostartfiles -g -Wall -Wextra"
"Compiling usbps"
"Running Make libs in ps7_cortexa9_0/libsrc/xadcps_v2_3/src"
make -C ps7_cortexa9_0/libsrc/xadcps_v2_3/src -s libs  "SHELL=CMD" "COMPILER=arm-none-eabi-gcc" "ARCHIVER=arm-none-eabi-ar" "COMPILER_FLAGS=  -O2 -c" "EXTRA_COMPILER_FLAGS=-mcpu=cortex-a9 -mfpu=vfpv3 -mfloat-abi=hard -nostartfiles -g -Wall -Wextra"
"Compiling xadcps"
'Finished building libraries'
12:14:04 **** Clean-only build of configuration Debug for project total_v4 ****
make clean 
rm -rf  ./src/total_v4.o  ./src/total_v4.d  total_v4.elf.size  total_v4.elf
' '
12:14:04 **** Build of configuration Debug for project total_v4 ****
make pre-build main-build 
a9-linaro-pre-build-step
' '
'Building file: ../src/total_v4.c'
'Invoking: ARM v7 gcc compiler'
arm-none-eabi-gcc -Wall -O0 -g3 -c -fmessage-length=0 -MT"src/total_v4.o" -mcpu=cortex-a9 -mfpu=vfpv3 -mfloat-abi=hard -I../../total_v4_bsp/ps7_cortexa9_0/include -MMD -MP -MF"src/total_v4.d" -MT"src/total_v4.o" -o "src/total_v4.o" "../src/total_v4.c"
../src/total_v4.c: In function 'main':
../src/total_v4.c:26:6: warning: unused variable 'status' [-Wunused-variable]
  u32 status;
      ^~~~~~
'Finished building: ../src/total_v4.c'
' '
'Building target: total_v4.elf'
'Invoking: ARM v7 gcc linker'
arm-none-eabi-gcc -mcpu=cortex-a9 -mfpu=vfpv3 -mfloat-abi=hard -Wl,-build-id=none -specs=Xilinx.spec -Wl,-T -Wl,../src/lscript.ld -L../../total_v4_bsp/ps7_cortexa9_0/lib -o "total_v4.elf"  ./src/total_v4.o   -Wl,--start-group,-lxil,-lgcc,-lc,--end-group
'Finished building target: total_v4.elf'
' '
'Invoking: ARM v7 Print Size'
arm-none-eabi-size total_v4.elf  |tee "total_v4.elf.size"
   text	   data	    bss	    dec	    hex	filename
  25068	   1144	  22568	  48780	   be8c	total_v4.elf
'Finished building: total_v4.elf.size'
' '
12:14:09 **** Incremental Build of configuration Debug for project total_v4 ****
make pre-build main-build 
a9-linaro-pre-build-step
' '
make: Nothing to be done for 'main-build'.
12:14:44 **** Auto Build of configuration Debug for project total_v4 ****
make pre-build main-build 
a9-linaro-pre-build-step
' '
'Building file: ../src/total_v4.c'
'Invoking: ARM v7 gcc compiler'
arm-none-eabi-gcc -Wall -O0 -g3 -c -fmessage-length=0 -MT"src/total_v4.o" -mcpu=cortex-a9 -mfpu=vfpv3 -mfloat-abi=hard -I../../total_v4_bsp/ps7_cortexa9_0/include -MMD -MP -MF"src/total_v4.d" -MT"src/total_v4.o" -o "src/total_v4.o" "../src/total_v4.c"
../src/total_v4.c: In function 'main':
../src/total_v4.c:26:6: warning: unused variable 'status' [-Wunused-variable]
  u32 status;
      ^~~~~~
'Finished building: ../src/total_v4.c'
' '
'Building target: total_v4.elf'
'Invoking: ARM v7 gcc linker'
arm-none-eabi-gcc -mcpu=cortex-a9 -mfpu=vfpv3 -mfloat-abi=hard -Wl,-build-id=none -specs=Xilinx.spec -Wl,-T -Wl,../src/lscript.ld -L../../total_v4_bsp/ps7_cortexa9_0/lib -o "total_v4.elf"  ./src/total_v4.o   -Wl,--start-group,-lxil,-lgcc,-lc,--end-group
'Finished building target: total_v4.elf'
' '
'Invoking: ARM v7 Print Size'
arm-none-eabi-size total_v4.elf  |tee "total_v4.elf.size"
   text	   data	    bss	    dec	    hex	filename
  25068	   1144	  22568	  48780	   be8c	total_v4.elf
'Finished building: total_v4.elf.size'
' '
12:14:49 **** Incremental Build of configuration Debug for project total_v4 ****
make pre-build main-build 
a9-linaro-pre-build-step
' '
make: Nothing to be done for 'main-build'.
12:18:20 **** Auto Build of configuration Debug for project total_v4 ****
make pre-build main-build 
a9-linaro-pre-build-step
' '
'Building file: ../src/total_v4.c'
'Invoking: ARM v7 gcc compiler'
arm-none-eabi-gcc -Wall -O0 -g3 -c -fmessage-length=0 -MT"src/total_v4.o" -mcpu=cortex-a9 -mfpu=vfpv3 -mfloat-abi=hard -I../../total_v4_bsp/ps7_cortexa9_0/include -MMD -MP -MF"src/total_v4.d" -MT"src/total_v4.o" -o "src/total_v4.o" "../src/total_v4.c"
../src/total_v4.c: In function 'main':
../src/total_v4.c:26:6: warning: unused variable 'status' [-Wunused-variable]
  u32 status;
      ^~~~~~
'Finished building: ../src/total_v4.c'
' '
'Building target: total_v4.elf'
'Invoking: ARM v7 gcc linker'
arm-none-eabi-gcc -mcpu=cortex-a9 -mfpu=vfpv3 -mfloat-abi=hard -Wl,-build-id=none -specs=Xilinx.spec -Wl,-T -Wl,../src/lscript.ld -L../../total_v4_bsp/ps7_cortexa9_0/lib -o "total_v4.elf"  ./src/total_v4.o   -Wl,--start-group,-lxil,-lgcc,-lc,--end-group
'Finished building target: total_v4.elf'
' '
'Invoking: ARM v7 Print Size'
arm-none-eabi-size total_v4.elf  |tee "total_v4.elf.size"
   text	   data	    bss	    dec	    hex	filename
  25036	   1144	  22568	  48748	   be6c	total_v4.elf
'Finished building: total_v4.elf.size'
' '
12:18:24 **** Incremental Build of configuration Debug for project total_v4 ****
make pre-build main-build 
a9-linaro-pre-build-step
' '
make: Nothing to be done for 'main-build'.
12:18:52 **** Incremental Build of configuration Debug for project total_v4 ****
make pre-build main-build 
a9-linaro-pre-build-step
' '
make: Nothing to be done for 'main-build'.
