21:54:58 **** Auto Build of configuration Debug for project ari_test ****
make pre-build main-build 
a9-linaro-pre-build-step
' '
'Building file: ../src/main.c'
'Invoking: ARM v7 gcc compiler'
arm-none-eabi-gcc -Wall -O0 -g3 -c -fmessage-length=0 -MT"src/main.o" -mcpu=cortex-a9 -mfpu=vfpv3 -mfloat-abi=hard -I../../ari_test_bsp/ps7_cortexa9_0/include -MMD -MP -MF"src/main.d" -MT"src/main.o" -o "src/main.o" "../src/main.c"
../src/main.c: In function 'main':
../src/main.c:12:10: warning: format '%d' expects argument of type 'int *', but argument 2 has type 'u8 * {aka unsigned char *}' [-Wformat=]
  scanf("%d", &choose);
         ~^   ~~~~~~~
         %hhd
../src/main.c:21:12: warning: format '%d' expects argument of type 'int *', but argument 2 has type 'u32 * {aka long unsigned int *}' [-Wformat=]
    scanf("%d", &A);
           ~^   ~~
           %ld
../src/main.c:22:14: warning: format '%d' expects argument of type 'int', but argument 2 has type 'u32 {aka long unsigned int}' [-Wformat=]
    printf(" %d\r\n", A);
             ~^
             %ld
../src/main.c:24:12: warning: format '%d' expects argument of type 'int *', but argument 2 has type 'u32 * {aka long unsigned int *}' [-Wformat=]
    scanf("%d", &B);
           ~^   ~~
           %ld
../src/main.c:25:14: warning: format '%d' expects argument of type 'int', but argument 2 has type 'u32 {aka long unsigned int}' [-Wformat=]
    printf(" %d\r\n", B);
             ~^
             %ld
../src/main.c:27:12: warning: format '%d' expects argument of type 'int *', but argument 2 has type 'u32 * {aka long unsigned int *}' [-Wformat=]
    scanf("%d", &operator);
           ~^   ~~~~~~~~~
           %ld
../src/main.c:28:14: warning: format '%d' expects argument of type 'int', but argument 2 has type 'u32 {aka long unsigned int}' [-Wformat=]
    printf(" %d\r\n", operator);
             ~^
             %ld
../src/main.c:30:10: warning: implicit declaration of function 'ari' [-Wimplicit-function-declaration]
    ans = ari(XPAR_ARITHEMETIC_0_S00_AXI_BASEADDR, A, B, operator);
          ^~~
../src/main.c:32:25: warning: format '%d' expects argument of type 'int', but argument 2 has type 's32 {aka long int}' [-Wformat=]
    printf("Answer is = %d\n\r", ans);
                        ~^
                        %ld
'Finished building: ../src/main.c'
' '
'Building target: ari_test.elf'
'Invoking: ARM v7 gcc linker'
arm-none-eabi-gcc -mcpu=cortex-a9 -mfpu=vfpv3 -mfloat-abi=hard -Wl,-build-id=none -specs=Xilinx.spec -Wl,-T -Wl,../src/lscript.ld -L../../ari_test_bsp/ps7_cortexa9_0/lib -o "ari_test.elf"  ./src/main.o   -Wl,--start-group,-lxil,-lgcc,-lc,--end-group
'Finished building target: ari_test.elf'
' '
'Invoking: ARM v7 Print Size'
arm-none-eabi-size ari_test.elf  |tee "ari_test.elf.size"
   text	   data	    bss	    dec	    hex	filename
 120564	   2580	  23328	 146472	  23c28	ari_test.elf
'Finished building: ari_test.elf.size'
' '

21:54:59 Build Finished (took 661ms)

