20:47:24 **** Auto Build of configuration Debug for project pwm ****
make pre-build main-build 
a9-linaro-pre-build-step
' '
'Building file: ../src/main.c'
'Invoking: ARM v7 gcc compiler'
arm-none-eabi-gcc -Wall -O0 -g3 -c -fmessage-length=0 -MT"src/main.o" -mcpu=cortex-a9 -mfpu=vfpv3 -mfloat-abi=hard -I../../pwm_bsp/ps7_cortexa9_0/include -MMD -MP -MF"src/main.d" -MT"src/main.o" -o "src/main.o" "../src/main.c"
../src/main.c: In function 'main':
../src/main.c:13:11: warning: format '%d' expects argument of type 'int *', but argument 2 has type 'u32 * {aka long unsigned int *}' [-Wformat=]
   scanf("%d", &r_rate);
          ~^   ~~~~~~~
          %ld
../src/main.c:15:11: warning: format '%d' expects argument of type 'int *', but argument 2 has type 'u32 * {aka long unsigned int *}' [-Wformat=]
   scanf("%d", &g_rate);
          ~^   ~~~~~~~
          %ld
../src/main.c:17:11: warning: format '%d' expects argument of type 'int *', but argument 2 has type 'u32 * {aka long unsigned int *}' [-Wformat=]
   scanf("%d", &b_rate);
          ~^   ~~~~~~~
          %ld
'Finished building: ../src/main.c'
' '
'Building target: pwm.elf'
'Invoking: ARM v7 gcc linker'
arm-none-eabi-gcc -mcpu=cortex-a9 -mfpu=vfpv3 -mfloat-abi=hard -Wl,-build-id=none -specs=Xilinx.spec -Wl,-T -Wl,../src/lscript.ld -L../../pwm_bsp/ps7_cortexa9_0/lib -o "pwm.elf"  ./src/main.o   -Wl,--start-group,-lxil,-lgcc,-lc,--end-group
'Finished building target: pwm.elf'
' '
'Invoking: ARM v7 Print Size'
arm-none-eabi-size pwm.elf  |tee "pwm.elf.size"
   text	   data	    bss	    dec	    hex	filename
 120076	   2580	  23328	 145984	  23a40	pwm.elf
'Finished building: pwm.elf.size'
' '

20:47:25 Build Finished (took 604ms)

