20:07:57 **** Build of project sorting_bsp ****
make -k all 
"Running Make include in ps7_cortexa9_0/libsrc/coresightps_dcc_v1_4/src"
make -C ps7_cortexa9_0/libsrc/coresightps_dcc_v1_4/src -s include  "SHELL=CMD" "COMPILER=arm-none-eabi-gcc" "ARCHIVER=arm-none-eabi-ar" "COMPILER_FLAGS=  -O2 -c" "EXTRA_COMPILER_FLAGS=-mcpu=cortex-a9 -mfpu=vfpv3 -mfloat-abi=hard -nostartfiles -g -Wall -Wextra"
"Running Make include in ps7_cortexa9_0/libsrc/cpu_cortexa9_v2_7/src"
make -C ps7_cortexa9_0/libsrc/cpu_cortexa9_v2_7/src -s include  "SHELL=CMD" "COMPILER=arm-none-eabi-gcc" "ARCHIVER=arm-none-eabi-ar" "COMPILER_FLAGS=  -O2 -c" "EXTRA_COMPILER_FLAGS=-mcpu=cortex-a9 -mfpu=vfpv3 -mfloat-abi=hard -nostartfiles -g -Wall -Wextra"
"Running Make include in ps7_cortexa9_0/libsrc/ddrps_v1_0/src"
make -C ps7_cortexa9_0/libsrc/ddrps_v1_0/src -s include  "SHELL=CMD" "COMPILER=arm-none-eabi-gcc" "ARCHIVER=arm-none-eabi-ar" "COMPILER_FLAGS=  -O2 -c" "EXTRA_COMPILER_FLAGS=-mcpu=cortex-a9 -mfpu=vfpv3 -mfloat-abi=hard -nostartfiles -g -Wall -Wextra"
"Running Make include in ps7_cortexa9_0/libsrc/devcfg_v3_5/src"
make -C ps7_cortexa9_0/libsrc/devcfg_v3_5/src -s include  "SHELL=CMD" "COMPILER=arm-none-eabi-gcc" "ARCHIVER=arm-none-eabi-ar" "COMPILER_FLAGS=  -O2 -c" "EXTRA_COMPILER_FLAGS=-mcpu=cortex-a9 -mfpu=vfpv3 -mfloat-abi=hard -nostartfiles -g -Wall -Wextra"
"Running Make include in ps7_cortexa9_0/libsrc/dmaps_v2_4/src"
make -C ps7_cortexa9_0/libsrc/dmaps_v2_4/src -s include  "SHELL=CMD" "COMPILER=arm-none-eabi-gcc" "ARCHIVER=arm-none-eabi-ar" "COMPILER_FLAGS=  -O2 -c" "EXTRA_COMPILER_FLAGS=-mcpu=cortex-a9 -mfpu=vfpv3 -mfloat-abi=hard -nostartfiles -g -Wall -Wextra"
"Running Make include in ps7_cortexa9_0/libsrc/gpiops_v3_4/src"
make -C ps7_cortexa9_0/libsrc/gpiops_v3_4/src -s include  "SHELL=CMD" "COMPILER=arm-none-eabi-gcc" "ARCHIVER=arm-none-eabi-ar" "COMPILER_FLAGS=  -O2 -c" "EXTRA_COMPILER_FLAGS=-mcpu=cortex-a9 -mfpu=vfpv3 -mfloat-abi=hard -nostartfiles -g -Wall -Wextra"
"Running Make include in ps7_cortexa9_0/libsrc/qspips_v3_5/src"
make -C ps7_cortexa9_0/libsrc/qspips_v3_5/src -s include  "SHELL=CMD" "COMPILER=arm-none-eabi-gcc" "ARCHIVER=arm-none-eabi-ar" "COMPILER_FLAGS=  -O2 -c" "EXTRA_COMPILER_FLAGS=-mcpu=cortex-a9 -mfpu=vfpv3 -mfloat-abi=hard -nostartfiles -g -Wall -Wextra"
"Running Make include in ps7_cortexa9_0/libsrc/scugic_v3_10/src"
make -C ps7_cortexa9_0/libsrc/scugic_v3_10/src -s include  "SHELL=CMD" "COMPILER=arm-none-eabi-gcc" "ARCHIVER=arm-none-eabi-ar" "COMPILER_FLAGS=  -O2 -c" "EXTRA_COMPILER_FLAGS=-mcpu=cortex-a9 -mfpu=vfpv3 -mfloat-abi=hard -nostartfiles -g -Wall -Wextra"
"Running Make include in ps7_cortexa9_0/libsrc/scutimer_v2_1/src"
make -C ps7_cortexa9_0/libsrc/scutimer_v2_1/src -s include  "SHELL=CMD" "COMPILER=arm-none-eabi-gcc" "ARCHIVER=arm-none-eabi-ar" "COMPILER_FLAGS=  -O2 -c" "EXTRA_COMPILER_FLAGS=-mcpu=cortex-a9 -mfpu=vfpv3 -mfloat-abi=hard -nostartfiles -g -Wall -Wextra"
"Running Make include in ps7_cortexa9_0/libsrc/scuwdt_v2_1/src"
make -C ps7_cortexa9_0/libsrc/scuwdt_v2_1/src -s include  "SHELL=CMD" "COMPILER=arm-none-eabi-gcc" "ARCHIVER=arm-none-eabi-ar" "COMPILER_FLAGS=  -O2 -c" "EXTRA_COMPILER_FLAGS=-mcpu=cortex-a9 -mfpu=vfpv3 -mfloat-abi=hard -nostartfiles -g -Wall -Wextra"
"Running Make include in ps7_cortexa9_0/libsrc/sdps_v3_6/src"
make -C ps7_cortexa9_0/libsrc/sdps_v3_6/src -s include  "SHELL=CMD" "COMPILER=arm-none-eabi-gcc" "ARCHIVER=arm-none-eabi-ar" "COMPILER_FLAGS=  -O2 -c" "EXTRA_COMPILER_FLAGS=-mcpu=cortex-a9 -mfpu=vfpv3 -mfloat-abi=hard -nostartfiles -g -Wall -Wextra"
"Running Make include in ps7_cortexa9_0/libsrc/standalone_v6_8/src"
make -C ps7_cortexa9_0/libsrc/standalone_v6_8/src -s include  "SHELL=CMD" "COMPILER=arm-none-eabi-gcc" "ARCHIVER=arm-none-eabi-ar" "COMPILER_FLAGS=  -O2 -c" "EXTRA_COMPILER_FLAGS=-mcpu=cortex-a9 -mfpu=vfpv3 -mfloat-abi=hard -nostartfiles -g -Wall -Wextra"
"Running Make include in ps7_cortexa9_0/libsrc/uartps_v3_7/src"
make -C ps7_cortexa9_0/libsrc/uartps_v3_7/src -s include  "SHELL=CMD" "COMPILER=arm-none-eabi-gcc" "ARCHIVER=arm-none-eabi-ar" "COMPILER_FLAGS=  -O2 -c" "EXTRA_COMPILER_FLAGS=-mcpu=cortex-a9 -mfpu=vfpv3 -mfloat-abi=hard -nostartfiles -g -Wall -Wextra"
"Running Make include in ps7_cortexa9_0/libsrc/xadcps_v2_3/src"
make -C ps7_cortexa9_0/libsrc/xadcps_v2_3/src -s include  "SHELL=CMD" "COMPILER=arm-none-eabi-gcc" "ARCHIVER=arm-none-eabi-ar" "COMPILER_FLAGS=  -O2 -c" "EXTRA_COMPILER_FLAGS=-mcpu=cortex-a9 -mfpu=vfpv3 -mfloat-abi=hard -nostartfiles -g -Wall -Wextra"
"Running Make libs in ps7_cortexa9_0/libsrc/coresightps_dcc_v1_4/src"
make -C ps7_cortexa9_0/libsrc/coresightps_dcc_v1_4/src -s libs  "SHELL=CMD" "COMPILER=arm-none-eabi-gcc" "ARCHIVER=arm-none-eabi-ar" "COMPILER_FLAGS=  -O2 -c" "EXTRA_COMPILER_FLAGS=-mcpu=cortex-a9 -mfpu=vfpv3 -mfloat-abi=hard -nostartfiles -g -Wall -Wextra"
"Compiling coresightps_dcc"
arm-none-eabi-ar: creating ../../../lib/libxil.a
"Running Make libs in ps7_cortexa9_0/libsrc/cpu_cortexa9_v2_7/src"
make -C ps7_cortexa9_0/libsrc/cpu_cortexa9_v2_7/src -s libs  "SHELL=CMD" "COMPILER=arm-none-eabi-gcc" "ARCHIVER=arm-none-eabi-ar" "COMPILER_FLAGS=  -O2 -c" "EXTRA_COMPILER_FLAGS=-mcpu=cortex-a9 -mfpu=vfpv3 -mfloat-abi=hard -nostartfiles -g -Wall -Wextra"
"Compiling cpu_cortexa9"
"Running Make libs in ps7_cortexa9_0/libsrc/ddrps_v1_0/src"
make -C ps7_cortexa9_0/libsrc/ddrps_v1_0/src -s libs  "SHELL=CMD" "COMPILER=arm-none-eabi-gcc" "ARCHIVER=arm-none-eabi-ar" "COMPILER_FLAGS=  -O2 -c" "EXTRA_COMPILER_FLAGS=-mcpu=cortex-a9 -mfpu=vfpv3 -mfloat-abi=hard -nostartfiles -g -Wall -Wextra"
"Compiling ddrps"
"Running Make libs in ps7_cortexa9_0/libsrc/devcfg_v3_5/src"
make -C ps7_cortexa9_0/libsrc/devcfg_v3_5/src -s libs  "SHELL=CMD" "COMPILER=arm-none-eabi-gcc" "ARCHIVER=arm-none-eabi-ar" "COMPILER_FLAGS=  -O2 -c" "EXTRA_COMPILER_FLAGS=-mcpu=cortex-a9 -mfpu=vfpv3 -mfloat-abi=hard -nostartfiles -g -Wall -Wextra"
"Compiling devcfg"
"Running Make libs in ps7_cortexa9_0/libsrc/dmaps_v2_4/src"
make -C ps7_cortexa9_0/libsrc/dmaps_v2_4/src -s libs  "SHELL=CMD" "COMPILER=arm-none-eabi-gcc" "ARCHIVER=arm-none-eabi-ar" "COMPILER_FLAGS=  -O2 -c" "EXTRA_COMPILER_FLAGS=-mcpu=cortex-a9 -mfpu=vfpv3 -mfloat-abi=hard -nostartfiles -g -Wall -Wextra"
"Compiling dmaps"
"Running Make libs in ps7_cortexa9_0/libsrc/gpiops_v3_4/src"
make -C ps7_cortexa9_0/libsrc/gpiops_v3_4/src -s libs  "SHELL=CMD" "COMPILER=arm-none-eabi-gcc" "ARCHIVER=arm-none-eabi-ar" "COMPILER_FLAGS=  -O2 -c" "EXTRA_COMPILER_FLAGS=-mcpu=cortex-a9 -mfpu=vfpv3 -mfloat-abi=hard -nostartfiles -g -Wall -Wextra"
"Compiling gpiops"
"Running Make libs in ps7_cortexa9_0/libsrc/qspips_v3_5/src"
make -C ps7_cortexa9_0/libsrc/qspips_v3_5/src -s libs  "SHELL=CMD" "COMPILER=arm-none-eabi-gcc" "ARCHIVER=arm-none-eabi-ar" "COMPILER_FLAGS=  -O2 -c" "EXTRA_COMPILER_FLAGS=-mcpu=cortex-a9 -mfpu=vfpv3 -mfloat-abi=hard -nostartfiles -g -Wall -Wextra"
"Compiling qspips"
"Running Make libs in ps7_cortexa9_0/libsrc/scugic_v3_10/src"
make -C ps7_cortexa9_0/libsrc/scugic_v3_10/src -s libs  "SHELL=CMD" "COMPILER=arm-none-eabi-gcc" "ARCHIVER=arm-none-eabi-ar" "COMPILER_FLAGS=  -O2 -c" "EXTRA_COMPILER_FLAGS=-mcpu=cortex-a9 -mfpu=vfpv3 -mfloat-abi=hard -nostartfiles -g -Wall -Wextra"
"Compiling scugic"
"Running Make libs in ps7_cortexa9_0/libsrc/scutimer_v2_1/src"
make -C ps7_cortexa9_0/libsrc/scutimer_v2_1/src -s libs  "SHELL=CMD" "COMPILER=arm-none-eabi-gcc" "ARCHIVER=arm-none-eabi-ar" "COMPILER_FLAGS=  -O2 -c" "EXTRA_COMPILER_FLAGS=-mcpu=cortex-a9 -mfpu=vfpv3 -mfloat-abi=hard -nostartfiles -g -Wall -Wextra"
"Compiling scutimer"
"Running Make libs in ps7_cortexa9_0/libsrc/scuwdt_v2_1/src"
make -C ps7_cortexa9_0/libsrc/scuwdt_v2_1/src -s libs  "SHELL=CMD" "COMPILER=arm-none-eabi-gcc" "ARCHIVER=arm-none-eabi-ar" "COMPILER_FLAGS=  -O2 -c" "EXTRA_COMPILER_FLAGS=-mcpu=cortex-a9 -mfpu=vfpv3 -mfloat-abi=hard -nostartfiles -g -Wall -Wextra"
"Compiling scuwdt"
"Running Make libs in ps7_cortexa9_0/libsrc/sdps_v3_6/src"
make -C ps7_cortexa9_0/libsrc/sdps_v3_6/src -s libs  "SHELL=CMD" "COMPILER=arm-none-eabi-gcc" "ARCHIVER=arm-none-eabi-ar" "COMPILER_FLAGS=  -O2 -c" "EXTRA_COMPILER_FLAGS=-mcpu=cortex-a9 -mfpu=vfpv3 -mfloat-abi=hard -nostartfiles -g -Wall -Wextra"
"Compiling sdps"
"Running Make libs in ps7_cortexa9_0/libsrc/standalone_v6_8/src"
make -C ps7_cortexa9_0/libsrc/standalone_v6_8/src -s libs  "SHELL=CMD" "COMPILER=arm-none-eabi-gcc" "ARCHIVER=arm-none-eabi-ar" "COMPILER_FLAGS=  -O2 -c" "EXTRA_COMPILER_FLAGS=-mcpu=cortex-a9 -mfpu=vfpv3 -mfloat-abi=hard -nostartfiles -g -Wall -Wextra"
"Compiling standalone"
In file included from usleep.c:56:0:
xtime_l.h:87:9: note: #pragma message: For the sleep routines, Global timer is being used
 #pragma message ("For the sleep routines, Global timer is being used")
         ^~~~~~~
In file included from xil_sleeptimer.c:51:0:
xtime_l.h:87:9: note: #pragma message: For the sleep routines, Global timer is being used
 #pragma message ("For the sleep routines, Global timer is being used")
         ^~~~~~~
In file included from xtime_l.c:49:0:
xtime_l.h:87:9: note: #pragma message: For the sleep routines, Global timer is being used
 #pragma message ("For the sleep routines, Global timer is being used")
         ^~~~~~~
In file included from sleep.c:53:0:
xtime_l.h:87:9: note: #pragma message: For the sleep routines, Global timer is being used
 #pragma message ("For the sleep routines, Global timer is being used")
         ^~~~~~~
"Running Make libs in ps7_cortexa9_0/libsrc/uartps_v3_7/src"
make -C ps7_cortexa9_0/libsrc/uartps_v3_7/src -s libs  "SHELL=CMD" "COMPILER=arm-none-eabi-gcc" "ARCHIVER=arm-none-eabi-ar" "COMPILER_FLAGS=  -O2 -c" "EXTRA_COMPILER_FLAGS=-mcpu=cortex-a9 -mfpu=vfpv3 -mfloat-abi=hard -nostartfiles -g -Wall -Wextra"
"Compiling uartps"
"Running Make libs in ps7_cortexa9_0/libsrc/xadcps_v2_3/src"
make -C ps7_cortexa9_0/libsrc/xadcps_v2_3/src -s libs  "SHELL=CMD" "COMPILER=arm-none-eabi-gcc" "ARCHIVER=arm-none-eabi-ar" "COMPILER_FLAGS=  -O2 -c" "EXTRA_COMPILER_FLAGS=-mcpu=cortex-a9 -mfpu=vfpv3 -mfloat-abi=hard -nostartfiles -g -Wall -Wextra"
"Compiling xadcps"
'Finished building libraries'
20:15:03 **** Build of configuration Debug for project sorting ****
make pre-build main-build 
a9-linaro-pre-build-step
' '
'Building file: ../sorting.c'
'Invoking: ARM v7 gcc compiler'
arm-none-eabi-gcc -Wall -O0 -g3 -c -fmessage-length=0 -MT"sorting.o" -mcpu=cortex-a9 -mfpu=vfpv3 -mfloat-abi=hard -I../../sorting_bsp/ps7_cortexa9_0/include -MMD -MP -MF"sorting.d" -MT"sorting.o" -o "sorting.o" "../sorting.c"
'Finished building: ../sorting.c'
' '
'Building target: sorting.elf'
'Invoking: ARM v7 gcc linker'
arm-none-eabi-gcc -mcpu=cortex-a9 -mfpu=vfpv3 -mfloat-abi=hard -Wl,-build-id=none -specs=Xilinx.spec -Wl,-T -Wl,../src/lscript.ld -L../../sorting_bsp/ps7_cortexa9_0/lib -o "sorting.elf"  ./sorting.o   -Wl,--start-group,-lxil,-lgcc,-lc,--end-group
../../sorting_bsp/ps7_cortexa9_0/lib\libxil.a(xil-crt0.o): In function `_start':
C:\Users\xb2m8\Desktop\2019_FPGA_Design_Group3\Lab03\Sorting\Sorting.sdk\sorting_bsp\ps7_cortexa9_0\libsrc\standalone_v6_8\src/xil-crt0.S:138: undefined reference to `main'
collect2.exe: error: ld returned 1 exit status
make: *** [makefile:40: sorting.elf] Error 1
20:15:11 **** Auto Build of configuration Debug for project sorting ****
make pre-build main-build 
a9-linaro-pre-build-step
' '
'Building target: sorting.elf'
'Invoking: ARM v7 gcc linker'
arm-none-eabi-gcc -mcpu=cortex-a9 -mfpu=vfpv3 -mfloat-abi=hard -Wl,-build-id=none -specs=Xilinx.spec -Wl,-T -Wl,../src/lscript.ld -L../../sorting_bsp/ps7_cortexa9_0/lib -o "sorting.elf"  ./sorting.o   -Wl,--start-group,-lxil,-lgcc,-lc,--end-group
../../sorting_bsp/ps7_cortexa9_0/lib\libxil.a(xil-crt0.o): In function `_start':
C:\Users\xb2m8\Desktop\2019_FPGA_Design_Group3\Lab03\Sorting\Sorting.sdk\sorting_bsp\ps7_cortexa9_0\libsrc\standalone_v6_8\src/xil-crt0.S:138: undefined reference to `main'
collect2.exe: error: ld returned 1 exit status
make: *** [makefile:40: sorting.elf] Error 1
20:18:21 **** Auto Build of configuration Debug for project sorting ****
make pre-build main-build 
a9-linaro-pre-build-step
' '
'Building file: ../sorting.c'
'Invoking: ARM v7 gcc compiler'
arm-none-eabi-gcc -Wall -O0 -g3 -c -fmessage-length=0 -MT"sorting.o" -mcpu=cortex-a9 -mfpu=vfpv3 -mfloat-abi=hard -I../../sorting_bsp/ps7_cortexa9_0/include -MMD -MP -MF"sorting.d" -MT"sorting.o" -o "sorting.o" "../sorting.c"
../sorting.c:12:9: error: expected '=', ',', ';', 'asm' or '__attribute__' before '{' token
 int main{
         ^
make: *** [subdir.mk:20: sorting.o] Error 1
20:18:38 **** Auto Build of configuration Debug for project sorting ****
make pre-build main-build 
a9-linaro-pre-build-step
' '
'Building file: ../sorting.c'
'Invoking: ARM v7 gcc compiler'
arm-none-eabi-gcc -Wall -O0 -g3 -c -fmessage-length=0 -MT"sorting.o" -mcpu=cortex-a9 -mfpu=vfpv3 -mfloat-abi=hard -I../../sorting_bsp/ps7_cortexa9_0/include -MMD -MP -MF"sorting.d" -MT"sorting.o" -o "sorting.o" "../sorting.c"
../sorting.c:12:9: error: expected '=', ',', ';', 'asm' or '__attribute__' before '{' token
 int main{
         ^
make: *** [subdir.mk:20: sorting.o] Error 1
20:19:24 **** Auto Build of configuration Debug for project sorting ****
make pre-build main-build 
a9-linaro-pre-build-step
' '
'Building file: ../sorting.c'
'Invoking: ARM v7 gcc compiler'
arm-none-eabi-gcc -Wall -O0 -g3 -c -fmessage-length=0 -MT"sorting.o" -mcpu=cortex-a9 -mfpu=vfpv3 -mfloat-abi=hard -I../../sorting_bsp/ps7_cortexa9_0/include -MMD -MP -MF"sorting.d" -MT"sorting.o" -o "sorting.o" "../sorting.c"
../sorting.c:12:9: error: expected '=', ',', ';', 'asm' or '__attribute__' before '{' token
 int main{
         ^
make: *** [subdir.mk:20: sorting.o] Error 1
20:19:44 **** Auto Build of configuration Debug for project sorting ****
make pre-build main-build 
a9-linaro-pre-build-step
' '
'Building file: ../sorting.c'
'Invoking: ARM v7 gcc compiler'
arm-none-eabi-gcc -Wall -O0 -g3 -c -fmessage-length=0 -MT"sorting.o" -mcpu=cortex-a9 -mfpu=vfpv3 -mfloat-abi=hard -I../../sorting_bsp/ps7_cortexa9_0/include -MMD -MP -MF"sorting.d" -MT"sorting.o" -o "sorting.o" "../sorting.c"
'Finished building: ../sorting.c'
' '
'Building target: sorting.elf'
'Invoking: ARM v7 gcc linker'
arm-none-eabi-gcc -mcpu=cortex-a9 -mfpu=vfpv3 -mfloat-abi=hard -Wl,-build-id=none -specs=Xilinx.spec -Wl,-T -Wl,../src/lscript.ld -L../../sorting_bsp/ps7_cortexa9_0/lib -o "sorting.elf"  ./sorting.o   -Wl,--start-group,-lxil,-lgcc,-lc,--end-group
'Finished building target: sorting.elf'
' '
'Invoking: ARM v7 Print Size'
arm-none-eabi-size sorting.elf  |tee "sorting.elf.size"
   text	   data	    bss	    dec	    hex	filename
 101712	   2576	  23328	 127616	  1f280	sorting.elf
'Finished building: sorting.elf.size'
' '
20:30:44 **** Auto Build of configuration Debug for project sorting ****
make pre-build main-build 
a9-linaro-pre-build-step
' '
'Building file: ../sorting.c'
'Invoking: ARM v7 gcc compiler'
arm-none-eabi-gcc -Wall -O0 -g3 -c -fmessage-length=0 -MT"sorting.o" -mcpu=cortex-a9 -mfpu=vfpv3 -mfloat-abi=hard -I../../sorting_bsp/ps7_cortexa9_0/include -MMD -MP -MF"sorting.d" -MT"sorting.o" -o "sorting.o" "../sorting.c"
'Finished building: ../sorting.c'
' '
'Building target: sorting.elf'
'Invoking: ARM v7 gcc linker'
arm-none-eabi-gcc -mcpu=cortex-a9 -mfpu=vfpv3 -mfloat-abi=hard -Wl,-build-id=none -specs=Xilinx.spec -Wl,-T -Wl,../src/lscript.ld -L../../sorting_bsp/ps7_cortexa9_0/lib -o "sorting.elf"  ./sorting.o   -Wl,--start-group,-lxil,-lgcc,-lc,--end-group
'Finished building target: sorting.elf'
' '
'Invoking: ARM v7 Print Size'
arm-none-eabi-size sorting.elf  |tee "sorting.elf.size"
   text	   data	    bss	    dec	    hex	filename
 102000	   2576	  23328	 127904	  1f3a0	sorting.elf
'Finished building: sorting.elf.size'
' '
20:30:59 **** Incremental Build of configuration Debug for project sorting ****
make pre-build main-build 
a9-linaro-pre-build-step
' '
make: Nothing to be done for 'main-build'.
20:32:01 **** Auto Build of configuration Debug for project sorting ****
make pre-build main-build 
a9-linaro-pre-build-step
' '
'Building file: ../sorting.c'
'Invoking: ARM v7 gcc compiler'
arm-none-eabi-gcc -Wall -O0 -g3 -c -fmessage-length=0 -MT"sorting.o" -mcpu=cortex-a9 -mfpu=vfpv3 -mfloat-abi=hard -I../../sorting_bsp/ps7_cortexa9_0/include -MMD -MP -MF"sorting.d" -MT"sorting.o" -o "sorting.o" "../sorting.c"
'Finished building: ../sorting.c'
' '
'Building target: sorting.elf'
'Invoking: ARM v7 gcc linker'
arm-none-eabi-gcc -mcpu=cortex-a9 -mfpu=vfpv3 -mfloat-abi=hard -Wl,-build-id=none -specs=Xilinx.spec -Wl,-T -Wl,../src/lscript.ld -L../../sorting_bsp/ps7_cortexa9_0/lib -o "sorting.elf"  ./sorting.o   -Wl,--start-group,-lxil,-lgcc,-lc,--end-group
'Finished building target: sorting.elf'
' '
'Invoking: ARM v7 Print Size'
arm-none-eabi-size sorting.elf  |tee "sorting.elf.size"
   text	   data	    bss	    dec	    hex	filename
 102000	   2576	  23328	 127904	  1f3a0	sorting.elf
'Finished building: sorting.elf.size'
' '
20:32:08 **** Incremental Build of configuration Debug for project sorting ****
make pre-build main-build 
a9-linaro-pre-build-step
' '
make: Nothing to be done for 'main-build'.
20:33:52 **** Auto Build of configuration Debug for project sorting ****
make pre-build main-build 
a9-linaro-pre-build-step
' '
'Building file: ../sorting.c'
'Invoking: ARM v7 gcc compiler'
arm-none-eabi-gcc -Wall -O0 -g3 -c -fmessage-length=0 -MT"sorting.o" -mcpu=cortex-a9 -mfpu=vfpv3 -mfloat-abi=hard -I../../sorting_bsp/ps7_cortexa9_0/include -MMD -MP -MF"sorting.d" -MT"sorting.o" -o "sorting.o" "../sorting.c"
'Finished building: ../sorting.c'
' '
'Building target: sorting.elf'
'Invoking: ARM v7 gcc linker'
arm-none-eabi-gcc -mcpu=cortex-a9 -mfpu=vfpv3 -mfloat-abi=hard -Wl,-build-id=none -specs=Xilinx.spec -Wl,-T -Wl,../src/lscript.ld -L../../sorting_bsp/ps7_cortexa9_0/lib -o "sorting.elf"  ./sorting.o   -Wl,--start-group,-lxil,-lgcc,-lc,--end-group
'Finished building target: sorting.elf'
' '
'Invoking: ARM v7 Print Size'
arm-none-eabi-size sorting.elf  |tee "sorting.elf.size"
   text	   data	    bss	    dec	    hex	filename
 102000	   2576	  23328	 127904	  1f3a0	sorting.elf
'Finished building: sorting.elf.size'
' '
20:33:59 **** Incremental Build of configuration Debug for project sorting ****
make pre-build main-build 
a9-linaro-pre-build-step
' '
make: Nothing to be done for 'main-build'.
20:34:36 **** Auto Build of configuration Debug for project sorting ****
make pre-build main-build 
a9-linaro-pre-build-step
' '
'Building file: ../sorting.c'
'Invoking: ARM v7 gcc compiler'
arm-none-eabi-gcc -Wall -O0 -g3 -c -fmessage-length=0 -MT"sorting.o" -mcpu=cortex-a9 -mfpu=vfpv3 -mfloat-abi=hard -I../../sorting_bsp/ps7_cortexa9_0/include -MMD -MP -MF"sorting.d" -MT"sorting.o" -o "sorting.o" "../sorting.c"
'Finished building: ../sorting.c'
' '
'Building target: sorting.elf'
'Invoking: ARM v7 gcc linker'
arm-none-eabi-gcc -mcpu=cortex-a9 -mfpu=vfpv3 -mfloat-abi=hard -Wl,-build-id=none -specs=Xilinx.spec -Wl,-T -Wl,../src/lscript.ld -L../../sorting_bsp/ps7_cortexa9_0/lib -o "sorting.elf"  ./sorting.o   -Wl,--start-group,-lxil,-lgcc,-lc,--end-group
'Finished building target: sorting.elf'
' '
'Invoking: ARM v7 Print Size'
arm-none-eabi-size sorting.elf  |tee "sorting.elf.size"
   text	   data	    bss	    dec	    hex	filename
 102000	   2576	  23328	 127904	  1f3a0	sorting.elf
'Finished building: sorting.elf.size'
' '
20:34:51 **** Auto Build of configuration Debug for project sorting ****
make pre-build main-build 
a9-linaro-pre-build-step
' '
'Building file: ../sorting.c'
'Invoking: ARM v7 gcc compiler'
arm-none-eabi-gcc -Wall -O0 -g3 -c -fmessage-length=0 -MT"sorting.o" -mcpu=cortex-a9 -mfpu=vfpv3 -mfloat-abi=hard -I../../sorting_bsp/ps7_cortexa9_0/include -MMD -MP -MF"sorting.d" -MT"sorting.o" -o "sorting.o" "../sorting.c"
'Finished building: ../sorting.c'
' '
'Building target: sorting.elf'
'Invoking: ARM v7 gcc linker'
arm-none-eabi-gcc -mcpu=cortex-a9 -mfpu=vfpv3 -mfloat-abi=hard -Wl,-build-id=none -specs=Xilinx.spec -Wl,-T -Wl,../src/lscript.ld -L../../sorting_bsp/ps7_cortexa9_0/lib -o "sorting.elf"  ./sorting.o   -Wl,--start-group,-lxil,-lgcc,-lc,--end-group
'Finished building target: sorting.elf'
' '
'Invoking: ARM v7 Print Size'
arm-none-eabi-size sorting.elf  |tee "sorting.elf.size"
   text	   data	    bss	    dec	    hex	filename
 102000	   2576	  23328	 127904	  1f3a0	sorting.elf
'Finished building: sorting.elf.size'
' '
20:34:58 **** Incremental Build of configuration Debug for project sorting ****
make pre-build main-build 
a9-linaro-pre-build-step
' '
make: Nothing to be done for 'main-build'.
20:36:15 **** Auto Build of configuration Debug for project sorting ****
make pre-build main-build 
a9-linaro-pre-build-step
' '
'Building file: ../sorting.c'
'Invoking: ARM v7 gcc compiler'
arm-none-eabi-gcc -Wall -O0 -g3 -c -fmessage-length=0 -MT"sorting.o" -mcpu=cortex-a9 -mfpu=vfpv3 -mfloat-abi=hard -I../../sorting_bsp/ps7_cortexa9_0/include -MMD -MP -MF"sorting.d" -MT"sorting.o" -o "sorting.o" "../sorting.c"
'Finished building: ../sorting.c'
' '
'Building target: sorting.elf'
'Invoking: ARM v7 gcc linker'
arm-none-eabi-gcc -mcpu=cortex-a9 -mfpu=vfpv3 -mfloat-abi=hard -Wl,-build-id=none -specs=Xilinx.spec -Wl,-T -Wl,../src/lscript.ld -L../../sorting_bsp/ps7_cortexa9_0/lib -o "sorting.elf"  ./sorting.o   -Wl,--start-group,-lxil,-lgcc,-lc,--end-group
'Finished building target: sorting.elf'
' '
'Invoking: ARM v7 Print Size'
arm-none-eabi-size sorting.elf  |tee "sorting.elf.size"
   text	   data	    bss	    dec	    hex	filename
 102008	   2576	  23328	 127912	  1f3a8	sorting.elf
'Finished building: sorting.elf.size'
' '
20:36:22 **** Incremental Build of configuration Debug for project sorting ****
make pre-build main-build 
a9-linaro-pre-build-step
' '
make: Nothing to be done for 'main-build'.
20:37:32 **** Auto Build of configuration Debug for project sorting ****
make pre-build main-build 
a9-linaro-pre-build-step
' '
'Building file: ../sorting.c'
'Invoking: ARM v7 gcc compiler'
arm-none-eabi-gcc -Wall -O0 -g3 -c -fmessage-length=0 -MT"sorting.o" -mcpu=cortex-a9 -mfpu=vfpv3 -mfloat-abi=hard -I../../sorting_bsp/ps7_cortexa9_0/include -MMD -MP -MF"sorting.d" -MT"sorting.o" -o "sorting.o" "../sorting.c"
'Finished building: ../sorting.c'
' '
'Building target: sorting.elf'
'Invoking: ARM v7 gcc linker'
arm-none-eabi-gcc -mcpu=cortex-a9 -mfpu=vfpv3 -mfloat-abi=hard -Wl,-build-id=none -specs=Xilinx.spec -Wl,-T -Wl,../src/lscript.ld -L../../sorting_bsp/ps7_cortexa9_0/lib -o "sorting.elf"  ./sorting.o   -Wl,--start-group,-lxil,-lgcc,-lc,--end-group
'Finished building target: sorting.elf'
' '
'Invoking: ARM v7 Print Size'
arm-none-eabi-size sorting.elf  |tee "sorting.elf.size"
   text	   data	    bss	    dec	    hex	filename
 102008	   2576	  23328	 127912	  1f3a8	sorting.elf
'Finished building: sorting.elf.size'
' '
20:37:39 **** Incremental Build of configuration Debug for project sorting ****
make pre-build main-build 
a9-linaro-pre-build-step
' '
make: Nothing to be done for 'main-build'.
20:38:34 **** Auto Build of configuration Debug for project sorting ****
make pre-build main-build 
a9-linaro-pre-build-step
' '
'Building file: ../sorting.c'
'Invoking: ARM v7 gcc compiler'
arm-none-eabi-gcc -Wall -O0 -g3 -c -fmessage-length=0 -MT"sorting.o" -mcpu=cortex-a9 -mfpu=vfpv3 -mfloat-abi=hard -I../../sorting_bsp/ps7_cortexa9_0/include -MMD -MP -MF"sorting.d" -MT"sorting.o" -o "sorting.o" "../sorting.c"
'Finished building: ../sorting.c'
' '
'Building target: sorting.elf'
'Invoking: ARM v7 gcc linker'
arm-none-eabi-gcc -mcpu=cortex-a9 -mfpu=vfpv3 -mfloat-abi=hard -Wl,-build-id=none -specs=Xilinx.spec -Wl,-T -Wl,../src/lscript.ld -L../../sorting_bsp/ps7_cortexa9_0/lib -o "sorting.elf"  ./sorting.o   -Wl,--start-group,-lxil,-lgcc,-lc,--end-group
'Finished building target: sorting.elf'
' '
'Invoking: ARM v7 Print Size'
arm-none-eabi-size sorting.elf  |tee "sorting.elf.size"
   text	   data	    bss	    dec	    hex	filename
 102008	   2576	  23328	 127912	  1f3a8	sorting.elf
'Finished building: sorting.elf.size'
' '
20:38:41 **** Incremental Build of configuration Debug for project sorting ****
make pre-build main-build 
a9-linaro-pre-build-step
' '
make: Nothing to be done for 'main-build'.
20:40:13 **** Auto Build of configuration Debug for project sorting ****
make pre-build main-build 
a9-linaro-pre-build-step
' '
'Building file: ../sorting.c'
'Invoking: ARM v7 gcc compiler'
arm-none-eabi-gcc -Wall -O0 -g3 -c -fmessage-length=0 -MT"sorting.o" -mcpu=cortex-a9 -mfpu=vfpv3 -mfloat-abi=hard -I../../sorting_bsp/ps7_cortexa9_0/include -MMD -MP -MF"sorting.d" -MT"sorting.o" -o "sorting.o" "../sorting.c"
'Finished building: ../sorting.c'
' '
'Building target: sorting.elf'
'Invoking: ARM v7 gcc linker'
arm-none-eabi-gcc -mcpu=cortex-a9 -mfpu=vfpv3 -mfloat-abi=hard -Wl,-build-id=none -specs=Xilinx.spec -Wl,-T -Wl,../src/lscript.ld -L../../sorting_bsp/ps7_cortexa9_0/lib -o "sorting.elf"  ./sorting.o   -Wl,--start-group,-lxil,-lgcc,-lc,--end-group
'Finished building target: sorting.elf'
' '
'Invoking: ARM v7 Print Size'
arm-none-eabi-size sorting.elf  |tee "sorting.elf.size"
   text	   data	    bss	    dec	    hex	filename
 102008	   2576	  23328	 127912	  1f3a8	sorting.elf
'Finished building: sorting.elf.size'
' '
20:40:20 **** Incremental Build of configuration Debug for project sorting ****
make pre-build main-build 
a9-linaro-pre-build-step
' '
make: Nothing to be done for 'main-build'.
20:41:15 **** Auto Build of configuration Debug for project sorting ****
make pre-build main-build 
a9-linaro-pre-build-step
' '
'Building file: ../sorting.c'
'Invoking: ARM v7 gcc compiler'
arm-none-eabi-gcc -Wall -O0 -g3 -c -fmessage-length=0 -MT"sorting.o" -mcpu=cortex-a9 -mfpu=vfpv3 -mfloat-abi=hard -I../../sorting_bsp/ps7_cortexa9_0/include -MMD -MP -MF"sorting.d" -MT"sorting.o" -o "sorting.o" "../sorting.c"
'Finished building: ../sorting.c'
' '
'Building target: sorting.elf'
'Invoking: ARM v7 gcc linker'
arm-none-eabi-gcc -mcpu=cortex-a9 -mfpu=vfpv3 -mfloat-abi=hard -Wl,-build-id=none -specs=Xilinx.spec -Wl,-T -Wl,../src/lscript.ld -L../../sorting_bsp/ps7_cortexa9_0/lib -o "sorting.elf"  ./sorting.o   -Wl,--start-group,-lxil,-lgcc,-lc,--end-group
'Finished building target: sorting.elf'
' '
'Invoking: ARM v7 Print Size'
arm-none-eabi-size sorting.elf  |tee "sorting.elf.size"
   text	   data	    bss	    dec	    hex	filename
 102008	   2576	  23328	 127912	  1f3a8	sorting.elf
'Finished building: sorting.elf.size'
' '
20:41:22 **** Incremental Build of configuration Debug for project sorting ****
make pre-build main-build 
a9-linaro-pre-build-step
' '
make: Nothing to be done for 'main-build'.
20:42:08 **** Auto Build of configuration Debug for project sorting ****
make pre-build main-build 
a9-linaro-pre-build-step
' '
'Building file: ../sorting.c'
'Invoking: ARM v7 gcc compiler'
arm-none-eabi-gcc -Wall -O0 -g3 -c -fmessage-length=0 -MT"sorting.o" -mcpu=cortex-a9 -mfpu=vfpv3 -mfloat-abi=hard -I../../sorting_bsp/ps7_cortexa9_0/include -MMD -MP -MF"sorting.d" -MT"sorting.o" -o "sorting.o" "../sorting.c"
'Finished building: ../sorting.c'
' '
'Building target: sorting.elf'
'Invoking: ARM v7 gcc linker'
arm-none-eabi-gcc -mcpu=cortex-a9 -mfpu=vfpv3 -mfloat-abi=hard -Wl,-build-id=none -specs=Xilinx.spec -Wl,-T -Wl,../src/lscript.ld -L../../sorting_bsp/ps7_cortexa9_0/lib -o "sorting.elf"  ./sorting.o   -Wl,--start-group,-lxil,-lgcc,-lc,--end-group
'Finished building target: sorting.elf'
' '
'Invoking: ARM v7 Print Size'
arm-none-eabi-size sorting.elf  |tee "sorting.elf.size"
   text	   data	    bss	    dec	    hex	filename
 102008	   2576	  23328	 127912	  1f3a8	sorting.elf
'Finished building: sorting.elf.size'
' '
20:42:15 **** Incremental Build of configuration Debug for project sorting ****
make pre-build main-build 
a9-linaro-pre-build-step
' '
make: Nothing to be done for 'main-build'.
20:46:19 **** Auto Build of configuration Debug for project sorting ****
make pre-build main-build 
a9-linaro-pre-build-step
' '
'Building file: ../sorting.c'
'Invoking: ARM v7 gcc compiler'
arm-none-eabi-gcc -Wall -O0 -g3 -c -fmessage-length=0 -MT"sorting.o" -mcpu=cortex-a9 -mfpu=vfpv3 -mfloat-abi=hard -I../../sorting_bsp/ps7_cortexa9_0/include -MMD -MP -MF"sorting.d" -MT"sorting.o" -o "sorting.o" "../sorting.c"
../sorting.c: In function 'main':
../sorting.c:17:11: warning: implicit declaration of function 'system' [-Wimplicit-function-declaration]
   if(i!=0)system("CLS");
           ^~~~~~
'Finished building: ../sorting.c'
' '
'Building target: sorting.elf'
'Invoking: ARM v7 gcc linker'
arm-none-eabi-gcc -mcpu=cortex-a9 -mfpu=vfpv3 -mfloat-abi=hard -Wl,-build-id=none -specs=Xilinx.spec -Wl,-T -Wl,../src/lscript.ld -L../../sorting_bsp/ps7_cortexa9_0/lib -o "sorting.elf"  ./sorting.o   -Wl,--start-group,-lxil,-lgcc,-lc,--end-group
'Finished building target: sorting.elf'
' '
'Invoking: ARM v7 Print Size'
arm-none-eabi-size sorting.elf  |tee "sorting.elf.size"
   text	   data	    bss	    dec	    hex	filename
 102120	   2576	  23328	 128024	  1f418	sorting.elf
'Finished building: sorting.elf.size'
' '
20:46:25 **** Incremental Build of configuration Debug for project sorting ****
make pre-build main-build 
a9-linaro-pre-build-step
' '
make: Nothing to be done for 'main-build'.
20:47:31 **** Auto Build of configuration Debug for project sorting ****
make pre-build main-build 
a9-linaro-pre-build-step
' '
'Building file: ../sorting.c'
'Invoking: ARM v7 gcc compiler'
arm-none-eabi-gcc -Wall -O0 -g3 -c -fmessage-length=0 -MT"sorting.o" -mcpu=cortex-a9 -mfpu=vfpv3 -mfloat-abi=hard -I../../sorting_bsp/ps7_cortexa9_0/include -MMD -MP -MF"sorting.d" -MT"sorting.o" -o "sorting.o" "../sorting.c"
'Finished building: ../sorting.c'
' '
'Building target: sorting.elf'
'Invoking: ARM v7 gcc linker'
arm-none-eabi-gcc -mcpu=cortex-a9 -mfpu=vfpv3 -mfloat-abi=hard -Wl,-build-id=none -specs=Xilinx.spec -Wl,-T -Wl,../src/lscript.ld -L../../sorting_bsp/ps7_cortexa9_0/lib -o "sorting.elf"  ./sorting.o   -Wl,--start-group,-lxil,-lgcc,-lc,--end-group
'Finished building target: sorting.elf'
' '
'Invoking: ARM v7 Print Size'
arm-none-eabi-size sorting.elf  |tee "sorting.elf.size"
   text	   data	    bss	    dec	    hex	filename
 102008	   2576	  23328	 127912	  1f3a8	sorting.elf
'Finished building: sorting.elf.size'
' '
20:47:38 **** Incremental Build of configuration Debug for project sorting ****
make pre-build main-build 
a9-linaro-pre-build-step
' '
make: Nothing to be done for 'main-build'.
20:58:38 **** Auto Build of configuration Debug for project sorting ****
make pre-build main-build 
a9-linaro-pre-build-step
' '
'Building file: ../sorting.c'
'Invoking: ARM v7 gcc compiler'
arm-none-eabi-gcc -Wall -O0 -g3 -c -fmessage-length=0 -MT"sorting.o" -mcpu=cortex-a9 -mfpu=vfpv3 -mfloat-abi=hard -I../../sorting_bsp/ps7_cortexa9_0/include -MMD -MP -MF"sorting.d" -MT"sorting.o" -o "sorting.o" "../sorting.c"
'Finished building: ../sorting.c'
' '
'Building target: sorting.elf'
'Invoking: ARM v7 gcc linker'
arm-none-eabi-gcc -mcpu=cortex-a9 -mfpu=vfpv3 -mfloat-abi=hard -Wl,-build-id=none -specs=Xilinx.spec -Wl,-T -Wl,../src/lscript.ld -L../../sorting_bsp/ps7_cortexa9_0/lib -o "sorting.elf"  ./sorting.o   -Wl,--start-group,-lxil,-lgcc,-lc,--end-group
'Finished building target: sorting.elf'
' '
'Invoking: ARM v7 Print Size'
arm-none-eabi-size sorting.elf  |tee "sorting.elf.size"
   text	   data	    bss	    dec	    hex	filename
 102048	   2576	  23328	 127952	  1f3d0	sorting.elf
'Finished building: sorting.elf.size'
' '
20:58:46 **** Incremental Build of configuration Debug for project sorting ****
make pre-build main-build 
a9-linaro-pre-build-step
' '
make: Nothing to be done for 'main-build'.
21:02:47 **** Auto Build of configuration Debug for project sorting ****
make pre-build main-build 
a9-linaro-pre-build-step
' '
'Building file: ../sorting.c'
'Invoking: ARM v7 gcc compiler'
arm-none-eabi-gcc -Wall -O0 -g3 -c -fmessage-length=0 -MT"sorting.o" -mcpu=cortex-a9 -mfpu=vfpv3 -mfloat-abi=hard -I../../sorting_bsp/ps7_cortexa9_0/include -MMD -MP -MF"sorting.d" -MT"sorting.o" -o "sorting.o" "../sorting.c"
'Finished building: ../sorting.c'
' '
'Building target: sorting.elf'
'Invoking: ARM v7 gcc linker'
arm-none-eabi-gcc -mcpu=cortex-a9 -mfpu=vfpv3 -mfloat-abi=hard -Wl,-build-id=none -specs=Xilinx.spec -Wl,-T -Wl,../src/lscript.ld -L../../sorting_bsp/ps7_cortexa9_0/lib -o "sorting.elf"  ./sorting.o   -Wl,--start-group,-lxil,-lgcc,-lc,--end-group
'Finished building target: sorting.elf'
' '
'Invoking: ARM v7 Print Size'
arm-none-eabi-size sorting.elf  |tee "sorting.elf.size"
   text	   data	    bss	    dec	    hex	filename
 102048	   2576	  23328	 127952	  1f3d0	sorting.elf
'Finished building: sorting.elf.size'
' '
21:02:54 **** Incremental Build of configuration Debug for project sorting ****
make pre-build main-build 
a9-linaro-pre-build-step
' '
make: Nothing to be done for 'main-build'.
21:05:42 **** Auto Build of configuration Debug for project sorting ****
make pre-build main-build 
a9-linaro-pre-build-step
' '
'Building file: ../sorting.c'
'Invoking: ARM v7 gcc compiler'
arm-none-eabi-gcc -Wall -O0 -g3 -c -fmessage-length=0 -MT"sorting.o" -mcpu=cortex-a9 -mfpu=vfpv3 -mfloat-abi=hard -I../../sorting_bsp/ps7_cortexa9_0/include -MMD -MP -MF"sorting.d" -MT"sorting.o" -o "sorting.o" "../sorting.c"
'Finished building: ../sorting.c'
' '
'Building target: sorting.elf'
'Invoking: ARM v7 gcc linker'
arm-none-eabi-gcc -mcpu=cortex-a9 -mfpu=vfpv3 -mfloat-abi=hard -Wl,-build-id=none -specs=Xilinx.spec -Wl,-T -Wl,../src/lscript.ld -L../../sorting_bsp/ps7_cortexa9_0/lib -o "sorting.elf"  ./sorting.o   -Wl,--start-group,-lxil,-lgcc,-lc,--end-group
'Finished building target: sorting.elf'
' '
'Invoking: ARM v7 Print Size'
arm-none-eabi-size sorting.elf  |tee "sorting.elf.size"
   text	   data	    bss	    dec	    hex	filename
 102112	   2576	  23328	 128016	  1f410	sorting.elf
'Finished building: sorting.elf.size'
' '
21:05:49 **** Incremental Build of configuration Debug for project sorting ****
make pre-build main-build 
a9-linaro-pre-build-step
' '
make: Nothing to be done for 'main-build'.
21:13:29 **** Auto Build of configuration Debug for project sorting ****
make pre-build main-build 
a9-linaro-pre-build-step
' '
'Building file: ../sorting.c'
'Invoking: ARM v7 gcc compiler'
arm-none-eabi-gcc -Wall -O0 -g3 -c -fmessage-length=0 -MT"sorting.o" -mcpu=cortex-a9 -mfpu=vfpv3 -mfloat-abi=hard -I../../sorting_bsp/ps7_cortexa9_0/include -MMD -MP -MF"sorting.d" -MT"sorting.o" -o "sorting.o" "../sorting.c"
../sorting.c: In function 'quicksort':
../sorting.c:34:9: warning: implicit declaration of function 'swap' [-Wimplicit-function-declaration]
         swap(&data[i], &data[j]);
         ^~~~
../sorting.c: At top level:
../sorting.c:43:6: warning: conflicting types for 'swap'
 void swap(int *a, int *b)
      ^~~~
../sorting.c:34:9: note: previous implicit declaration of 'swap' was here
         swap(&data[i], &data[j]);
         ^~~~
../sorting.c: In function 'main':
../sorting.c:67:3: warning: implicit declaration of function 'quick_sort'; did you mean 'quicksort'? [-Wimplicit-function-declaration]
   quick_sort(input,0,20);
   ^~~~~~~~~~
   quicksort
'Finished building: ../sorting.c'
' '
'Building target: sorting.elf'
'Invoking: ARM v7 gcc linker'
arm-none-eabi-gcc -mcpu=cortex-a9 -mfpu=vfpv3 -mfloat-abi=hard -Wl,-build-id=none -specs=Xilinx.spec -Wl,-T -Wl,../src/lscript.ld -L../../sorting_bsp/ps7_cortexa9_0/lib -o "sorting.elf"  ./sorting.o   -Wl,--start-group,-lxil,-lgcc,-lc,--end-group
./sorting.o: In function `main':
C:\Users\xb2m8\Desktop\2019_FPGA_Design_Group3\Lab03\Sorting\Sorting.sdk\sorting\Debug/../sorting.c:67: undefined reference to `quick_sort'
collect2.exe: error: ld returned 1 exit status
make: *** [makefile:40: sorting.elf] Error 1
21:13:48 **** Auto Build of configuration Debug for project sorting ****
make pre-build main-build 
a9-linaro-pre-build-step
' '
'Building file: ../sorting.c'
'Invoking: ARM v7 gcc compiler'
arm-none-eabi-gcc -Wall -O0 -g3 -c -fmessage-length=0 -MT"sorting.o" -mcpu=cortex-a9 -mfpu=vfpv3 -mfloat-abi=hard -I../../sorting_bsp/ps7_cortexa9_0/include -MMD -MP -MF"sorting.d" -MT"sorting.o" -o "sorting.o" "../sorting.c"
../sorting.c: In function 'quick_sort':
../sorting.c:34:9: warning: implicit declaration of function 'swap' [-Wimplicit-function-declaration]
         swap(&data[i], &data[j]);
         ^~~~
../sorting.c:39:5: warning: implicit declaration of function 'quicksort'; did you mean 'quick_sort'? [-Wimplicit-function-declaration]
     quicksort(data, left, j - 1);
     ^~~~~~~~~
     quick_sort
../sorting.c: At top level:
../sorting.c:43:6: warning: conflicting types for 'swap'
 void swap(int *a, int *b)
      ^~~~
../sorting.c:34:9: note: previous implicit declaration of 'swap' was here
         swap(&data[i], &data[j]);
         ^~~~
'Finished building: ../sorting.c'
' '
'Building target: sorting.elf'
'Invoking: ARM v7 gcc linker'
arm-none-eabi-gcc -mcpu=cortex-a9 -mfpu=vfpv3 -mfloat-abi=hard -Wl,-build-id=none -specs=Xilinx.spec -Wl,-T -Wl,../src/lscript.ld -L../../sorting_bsp/ps7_cortexa9_0/lib -o "sorting.elf"  ./sorting.o   -Wl,--start-group,-lxil,-lgcc,-lc,--end-group
./sorting.o: In function `quick_sort':
C:\Users\xb2m8\Desktop\2019_FPGA_Design_Group3\Lab03\Sorting\Sorting.sdk\sorting\Debug/../sorting.c:39: undefined reference to `quicksort'
C:\Users\xb2m8\Desktop\2019_FPGA_Design_Group3\Lab03\Sorting\Sorting.sdk\sorting\Debug/../sorting.c:40: undefined reference to `quicksort'
collect2.exe: error: ld returned 1 exit status
make: *** [makefile:40: sorting.elf] Error 1
21:14:14 **** Auto Build of configuration Debug for project sorting ****
make pre-build main-build 
a9-linaro-pre-build-step
' '
'Building file: ../sorting.c'
'Invoking: ARM v7 gcc compiler'
arm-none-eabi-gcc -Wall -O0 -g3 -c -fmessage-length=0 -MT"sorting.o" -mcpu=cortex-a9 -mfpu=vfpv3 -mfloat-abi=hard -I../../sorting_bsp/ps7_cortexa9_0/include -MMD -MP -MF"sorting.d" -MT"sorting.o" -o "sorting.o" "../sorting.c"
../sorting.c: In function 'quick_sort':
../sorting.c:34:9: warning: implicit declaration of function 'swap' [-Wimplicit-function-declaration]
         swap(&data[i], &data[j]);
         ^~~~
../sorting.c: At top level:
../sorting.c:43:6: warning: conflicting types for 'swap'
 void swap(int *a, int *b)
      ^~~~
../sorting.c:34:9: note: previous implicit declaration of 'swap' was here
         swap(&data[i], &data[j]);
         ^~~~
'Finished building: ../sorting.c'
' '
'Building target: sorting.elf'
'Invoking: ARM v7 gcc linker'
arm-none-eabi-gcc -mcpu=cortex-a9 -mfpu=vfpv3 -mfloat-abi=hard -Wl,-build-id=none -specs=Xilinx.spec -Wl,-T -Wl,../src/lscript.ld -L../../sorting_bsp/ps7_cortexa9_0/lib -o "sorting.elf"  ./sorting.o   -Wl,--start-group,-lxil,-lgcc,-lc,--end-group
'Finished building target: sorting.elf'
' '
'Invoking: ARM v7 Print Size'
arm-none-eabi-size sorting.elf  |tee "sorting.elf.size"
   text	   data	    bss	    dec	    hex	filename
 102688	   2576	  23328	 128592	  1f650	sorting.elf
'Finished building: sorting.elf.size'
' '
21:14:36 **** Auto Build of configuration Debug for project sorting ****
make pre-build main-build 
a9-linaro-pre-build-step
' '
'Building file: ../sorting.c'
'Invoking: ARM v7 gcc compiler'
arm-none-eabi-gcc -Wall -O0 -g3 -c -fmessage-length=0 -MT"sorting.o" -mcpu=cortex-a9 -mfpu=vfpv3 -mfloat-abi=hard -I../../sorting_bsp/ps7_cortexa9_0/include -MMD -MP -MF"sorting.d" -MT"sorting.o" -o "sorting.o" "../sorting.c"
'Finished building: ../sorting.c'
' '
'Building target: sorting.elf'
'Invoking: ARM v7 gcc linker'
arm-none-eabi-gcc -mcpu=cortex-a9 -mfpu=vfpv3 -mfloat-abi=hard -Wl,-build-id=none -specs=Xilinx.spec -Wl,-T -Wl,../src/lscript.ld -L../../sorting_bsp/ps7_cortexa9_0/lib -o "sorting.elf"  ./sorting.o   -Wl,--start-group,-lxil,-lgcc,-lc,--end-group
'Finished building target: sorting.elf'
' '
'Invoking: ARM v7 Print Size'
arm-none-eabi-size sorting.elf  |tee "sorting.elf.size"
   text	   data	    bss	    dec	    hex	filename
 102688	   2576	  23328	 128592	  1f650	sorting.elf
'Finished building: sorting.elf.size'
' '
21:14:49 **** Incremental Build of configuration Debug for project sorting ****
make pre-build main-build 
a9-linaro-pre-build-step
' '
make: Nothing to be done for 'main-build'.
21:16:39 **** Auto Build of configuration Debug for project sorting ****
make pre-build main-build 
a9-linaro-pre-build-step
' '
'Building file: ../sorting.c'
'Invoking: ARM v7 gcc compiler'
arm-none-eabi-gcc -Wall -O0 -g3 -c -fmessage-length=0 -MT"sorting.o" -mcpu=cortex-a9 -mfpu=vfpv3 -mfloat-abi=hard -I../../sorting_bsp/ps7_cortexa9_0/include -MMD -MP -MF"sorting.d" -MT"sorting.o" -o "sorting.o" "../sorting.c"
'Finished building: ../sorting.c'
' '
'Building target: sorting.elf'
'Invoking: ARM v7 gcc linker'
arm-none-eabi-gcc -mcpu=cortex-a9 -mfpu=vfpv3 -mfloat-abi=hard -Wl,-build-id=none -specs=Xilinx.spec -Wl,-T -Wl,../src/lscript.ld -L../../sorting_bsp/ps7_cortexa9_0/lib -o "sorting.elf"  ./sorting.o   -Wl,--start-group,-lxil,-lgcc,-lc,--end-group
'Finished building target: sorting.elf'
' '
'Invoking: ARM v7 Print Size'
arm-none-eabi-size sorting.elf  |tee "sorting.elf.size"
   text	   data	    bss	    dec	    hex	filename
 102688	   2576	  23328	 128592	  1f650	sorting.elf
'Finished building: sorting.elf.size'
' '
21:16:45 **** Incremental Build of configuration Debug for project sorting ****
make pre-build main-build 
a9-linaro-pre-build-step
' '
make: Nothing to be done for 'main-build'.
21:18:09 **** Auto Build of configuration Debug for project sorting ****
make pre-build main-build 
a9-linaro-pre-build-step
' '
'Building file: ../sorting.c'
'Invoking: ARM v7 gcc compiler'
arm-none-eabi-gcc -Wall -O0 -g3 -c -fmessage-length=0 -MT"sorting.o" -mcpu=cortex-a9 -mfpu=vfpv3 -mfloat-abi=hard -I../../sorting_bsp/ps7_cortexa9_0/include -MMD -MP -MF"sorting.d" -MT"sorting.o" -o "sorting.o" "../sorting.c"
'Finished building: ../sorting.c'
' '
'Building target: sorting.elf'
'Invoking: ARM v7 gcc linker'
arm-none-eabi-gcc -mcpu=cortex-a9 -mfpu=vfpv3 -mfloat-abi=hard -Wl,-build-id=none -specs=Xilinx.spec -Wl,-T -Wl,../src/lscript.ld -L../../sorting_bsp/ps7_cortexa9_0/lib -o "sorting.elf"  ./sorting.o   -Wl,--start-group,-lxil,-lgcc,-lc,--end-group
'Finished building target: sorting.elf'
' '
'Invoking: ARM v7 Print Size'
arm-none-eabi-size sorting.elf  |tee "sorting.elf.size"
   text	   data	    bss	    dec	    hex	filename
 102624	   2576	  23328	 128528	  1f610	sorting.elf
'Finished building: sorting.elf.size'
' '
21:18:15 **** Incremental Build of configuration Debug for project sorting ****
make pre-build main-build 
a9-linaro-pre-build-step
' '
make: Nothing to be done for 'main-build'.
21:19:24 **** Auto Build of configuration Debug for project sorting ****
make pre-build main-build 
a9-linaro-pre-build-step
' '
'Building file: ../sorting.c'
'Invoking: ARM v7 gcc compiler'
arm-none-eabi-gcc -Wall -O0 -g3 -c -fmessage-length=0 -MT"sorting.o" -mcpu=cortex-a9 -mfpu=vfpv3 -mfloat-abi=hard -I../../sorting_bsp/ps7_cortexa9_0/include -MMD -MP -MF"sorting.d" -MT"sorting.o" -o "sorting.o" "../sorting.c"
'Finished building: ../sorting.c'
' '
'Building target: sorting.elf'
'Invoking: ARM v7 gcc linker'
arm-none-eabi-gcc -mcpu=cortex-a9 -mfpu=vfpv3 -mfloat-abi=hard -Wl,-build-id=none -specs=Xilinx.spec -Wl,-T -Wl,../src/lscript.ld -L../../sorting_bsp/ps7_cortexa9_0/lib -o "sorting.elf"  ./sorting.o   -Wl,--start-group,-lxil,-lgcc,-lc,--end-group
'Finished building target: sorting.elf'
' '
'Invoking: ARM v7 Print Size'
arm-none-eabi-size sorting.elf  |tee "sorting.elf.size"
   text	   data	    bss	    dec	    hex	filename
 102624	   2576	  23328	 128528	  1f610	sorting.elf
'Finished building: sorting.elf.size'
' '
21:19:31 **** Incremental Build of configuration Debug for project sorting ****
make pre-build main-build 
a9-linaro-pre-build-step
' '
make: Nothing to be done for 'main-build'.
21:20:23 **** Incremental Build of configuration Debug for project sorting ****
make pre-build main-build 
a9-linaro-pre-build-step
' '
make: Nothing to be done for 'main-build'.
21:21:22 **** Incremental Build of configuration Debug for project sorting ****
make pre-build main-build 
a9-linaro-pre-build-step
' '
make: Nothing to be done for 'main-build'.
21:24:27 **** Incremental Build of configuration Debug for project sorting ****
make pre-build main-build 
a9-linaro-pre-build-step
' '
make: Nothing to be done for 'main-build'.
21:25:12 **** Incremental Build of configuration Debug for project sorting ****
make pre-build main-build 
a9-linaro-pre-build-step
' '
make: Nothing to be done for 'main-build'.
21:28:18 **** Auto Build of configuration Debug for project sorting ****
make pre-build main-build 
a9-linaro-pre-build-step
' '
'Building file: ../sorting.c'
'Invoking: ARM v7 gcc compiler'
arm-none-eabi-gcc -Wall -O0 -g3 -c -fmessage-length=0 -MT"sorting.o" -mcpu=cortex-a9 -mfpu=vfpv3 -mfloat-abi=hard -I../../sorting_bsp/ps7_cortexa9_0/include -MMD -MP -MF"sorting.d" -MT"sorting.o" -o "sorting.o" "../sorting.c"
'Finished building: ../sorting.c'
' '
'Building target: sorting.elf'
'Invoking: ARM v7 gcc linker'
arm-none-eabi-gcc -mcpu=cortex-a9 -mfpu=vfpv3 -mfloat-abi=hard -Wl,-build-id=none -specs=Xilinx.spec -Wl,-T -Wl,../src/lscript.ld -L../../sorting_bsp/ps7_cortexa9_0/lib -o "sorting.elf"  ./sorting.o   -Wl,--start-group,-lxil,-lgcc,-lc,--end-group
'Finished building target: sorting.elf'
' '
'Invoking: ARM v7 Print Size'
arm-none-eabi-size sorting.elf  |tee "sorting.elf.size"
   text	   data	    bss	    dec	    hex	filename
 102624	   2576	  23328	 128528	  1f610	sorting.elf
'Finished building: sorting.elf.size'
' '
